ASxxxx Linker V03.00 + NoICE + sdld,  page 1.
Hexadecimal  [32-Bits]

Area                                    Addr        Size        Decimal Bytes (Attributes)
--------------------------------        ----        ----        ------- ----- ------------
.  .ABS.                            00000000    00000000 =           0. bytes (ABS,CON)

      Value  Global                              Global Defined In Module
      -----  --------------------------------   ------------------------
     00000000  .__.ABS.                           
     00000000  l_CABS                          
     00000000  l_DABS                          
     00000000  l__CODE                         
     00000000  s_CABS                          
     00000000  s_DABS                          
     00000000  s__CODE                         
     00000001  l_SSEG                          
     00000001  s_DATA                          
     00000003  l_GSFINAL                       
     0000000B  l_DATA                          
     0000000C  s_INITIALIZED                   
     00000012  l_CONST                         
     00000015  l_INITIALIZED                   
     00000015  l_INITIALIZER                   
     0000001A  l_GSINIT                        
     0000001B  l_HOME                          
     00000021  s_SSEG                          
     00000DB6  l_CODE                          
     00008000  s_HOME                          
     0000801B  s_GSINIT                        
     00008035  s_GSFINAL                       
     00008038  s_CONST                         
     0000804A  s_INITIALIZER                   
     0000805F  s_CODE                          

ASxxxx Linker V03.00 + NoICE + sdld,  page 2.
Hexadecimal  [32-Bits]

Area                                    Addr        Size        Decimal Bytes (Attributes)
--------------------------------        ----        ----        ------- ----- ------------
DATA                                00000001    0000000B =          11. bytes (REL,CON)

      Value  Global                              Global Defined In Module
      -----  --------------------------------   ------------------------
ASxxxx Linker V03.00 + NoICE + sdld,  page 3.
Hexadecimal  [32-Bits]

Area                                    Addr        Size        Decimal Bytes (Attributes)
--------------------------------        ----        ----        ------- ----- ------------
INITIALIZED                         0000000C    00000015 =          21. bytes (REL,CON)

      Value  Global                              Global Defined In Module
      -----  --------------------------------   ------------------------
     0000000C  _counter                           main
     00000011  _EXTI_FlagA                        stm8_interrupt
     00000014  _EXTI_FlagB                        stm8_interrupt
     00000017  _EXTI_FlagC                        stm8_interrupt
     0000001A  _EXTI_FlagD                        stm8_interrupt

ASxxxx Linker V03.00 + NoICE + sdld,  page 4.
Hexadecimal  [32-Bits]

Area                                    Addr        Size        Decimal Bytes (Attributes)
--------------------------------        ----        ----        ------- ----- ------------
SSEG                                00000021    00000001 =           1. bytes (REL,CON)

      Value  Global                              Global Defined In Module
      -----  --------------------------------   ------------------------
ASxxxx Linker V03.00 + NoICE + sdld,  page 5.
Hexadecimal  [32-Bits]

Area                                    Addr        Size        Decimal Bytes (Attributes)
--------------------------------        ----        ----        ------- ----- ------------
HOME                                00008000    0000001B =          27. bytes (REL,CON)

      Value  Global                              Global Defined In Module
      -----  --------------------------------   ------------------------
ASxxxx Linker V03.00 + NoICE + sdld,  page 6.
Hexadecimal  [32-Bits]

Area                                    Addr        Size        Decimal Bytes (Attributes)
--------------------------------        ----        ----        ------- ----- ------------
GSINIT                              0000801B    0000001A =          26. bytes (REL,CON)

      Value  Global                              Global Defined In Module
      -----  --------------------------------   ------------------------
ASxxxx Linker V03.00 + NoICE + sdld,  page 7.
Hexadecimal  [32-Bits]

Area                                    Addr        Size        Decimal Bytes (Attributes)
--------------------------------        ----        ----        ------- ----- ------------
GSFINAL                             00008035    00000003 =           3. bytes (REL,CON)

      Value  Global                              Global Defined In Module
      -----  --------------------------------   ------------------------
ASxxxx Linker V03.00 + NoICE + sdld,  page 8.
Hexadecimal  [32-Bits]

Area                                    Addr        Size        Decimal Bytes (Attributes)
--------------------------------        ----        ----        ------- ----- ------------
CONST                               00008038    00000012 =          18. bytes (REL,CON)

      Value  Global                              Global Defined In Module
      -----  --------------------------------   ------------------------
ASxxxx Linker V03.00 + NoICE + sdld,  page 9.
Hexadecimal  [32-Bits]

Area                                    Addr        Size        Decimal Bytes (Attributes)
--------------------------------        ----        ----        ------- ----- ------------
INITIALIZER                         0000804A    00000015 =          21. bytes (REL,CON)

      Value  Global                              Global Defined In Module
      -----  --------------------------------   ------------------------
ASxxxx Linker V03.00 + NoICE + sdld,  page 10.
Hexadecimal  [32-Bits]

Area                                    Addr        Size        Decimal Bytes (Attributes)
--------------------------------        ----        ----        ------- ----- ------------
CODE                                0000805F    00000DB6 =        3510. bytes (REL,CON)

      Value  Global                              Global Defined In Module
      -----  --------------------------------   ------------------------
     0000805F  _EXTI_A_IRQHandler                 main
     00008065  _main                              main
     00008098  _clear_display                     stm8_7SEG595_display
     000080AC  _init_display                      stm8_7SEG595_display
     000080E2  _setDigit                          stm8_7SEG595_display
     00008103  _refresh_display                   stm8_7SEG595_display
     00008140  _printNumber                       stm8_7SEG595_display
     00008185  _init_ADC                          stm8_ADC
     000081F1  _start_ADC                         stm8_ADC
     000081F6  _isReady_ADC                       stm8_ADC
     00008200  _getValue_ADC                      stm8_ADC
     0000821A  _init_BEEP                         stm8_BEEP
     00008253  _beep                              stm8_BEEP
     00008265  _pinMode                           stm8_GPIO
     000082F3  _writePin                          stm8_GPIO
     0000831C  _togglePin                         stm8_GPIO
     0000833B  _readPin                           stm8_GPIO
     0000836A  _init_I2C                          stm8_I2C
     00008383  _stop_I2C                          stm8_I2C
     00008388  _start_I2C                         stm8_I2C
     000083A0  _clearADDR_I2C                     stm8_I2C
     000083A7  _setACK_I2C                        stm8_I2C
     000083B9  _writeAddr_I2C                     stm8_I2C
     000083F9  _writeByte_I2C                     stm8_I2C
     0000841E  _ping_I2C                          stm8_I2C
     00008442  _writeReg_I2C                      stm8_I2C
     0000847E  _readByte_I2C                      stm8_I2C
     000084C6  _readReg_I2C                       stm8_I2C
     00008531  _readBuffer2_I2C                   stm8_I2C
     000085C0  _readBuffer_I2C                    stm8_I2C
     000086DB  _set_EXTI                          stm8_interrupt
     00008738  _set_EXTI_pin                      stm8_interrupt
     000087D1  _clear_EXTI_pin                    stm8_interrupt
     00008866  _setInterruptPriority              stm8_interrupt
     000088A4  _handlerPortA                      stm8_interrupt
     000088CA  _handlerPortB                      stm8_interrupt
     000088F0  _handlerPortC                      stm8_interrupt
     00008916  _handlerPortD                      stm8_interrupt
     0000893C  _init_PWM                          stm8_PWM
     000089A8  _startChannel_PWM                  stm8_PWM
     000089DC  _stopChannel_PWM                   stm8_PWM
     000089F8  _write_PWM                         stm8_PWM
     00008A28  _writePercent_PWM                  stm8_PWM
     00008A71  _init_SPI                          stm8_SPI
     00008AA9  _exchange_SPI                      stm8_SPI
     00008AEF  _write_SPI                         stm8_SPI
     00008AF2  _read_SPI                          stm8_SPI
     00008AF7  _tick_TIME                         stm8_TIME
     00008B0B  _init_TIME                         stm8_TIME
     00008B2B  _get_ms                            stm8_TIME
ASxxxx Linker V03.00 + NoICE + sdld,  page 11.
Hexadecimal  [32-Bits]

Area                                    Addr        Size        Decimal Bytes (Attributes)
--------------------------------        ----        ----        ------- ----- ------------
CODE                                0000805F    00000DB6 =        3510. bytes (REL,CON)

      Value  Global                              Global Defined In Module
      -----  --------------------------------   ------------------------
     00008B35  _get_mcs                           stm8_TIME
     00008B73  _delay                             stm8_TIME
     00008BA7  _init_UART                         stm8_UART
     00008BF2  _write_UART                        stm8_UART
     00008C0B  _print_UART                        stm8_UART
     00008C1E  _printInt_UART                     stm8_UART
     00008C7D  _line_UART                         stm8_UART
     00008CA1  _printHex_UART                     stm8_UART
     00008CCA  _isDataReceived_UART               stm8_UART
     00008CD4  _getData_UART                      stm8_UART
     00008CD8  __modulong                         _modulong
     00008D40  __divulong                         _divulong
     00008D99  __mullong                          
ASxxxx Linker V03.00 + NoICE + sdld,  page 12.

Files Linked                              [ module(s) ]

build/main.rel                            [ main ]
build/stm8_7SEG595_display.rel            [ stm8_7SEG595_display ]
build/stm8_ADC.rel                        [ stm8_ADC ]
build/stm8_BEEP.rel                       [ stm8_BEEP ]
build/stm8_GPIO.rel                       [ stm8_GPIO ]
build/stm8_I2C.rel                        [ stm8_I2C ]
build/stm8_interrupt.rel                  [ stm8_interrupt ]
build/stm8_PWM.rel                        [ stm8_PWM ]
build/stm8_SPI.rel                        [ stm8_SPI ]
build/stm8_TIME.rel                       [ stm8_TIME ]
build/stm8_UART.rel                       [ stm8_UART ]


Libraries Linked                          [ object file ]

/usr/bin/../share/sdcc/lib/stm8/stm8.lib  [ _modulong.rel ]
/usr/bin/../share/sdcc/lib/stm8/stm8.lib  [ _divulong.rel ]
/usr/bin/../share/sdcc/lib/stm8/stm8.lib  [ _mullong.rel ]

ASxxxx Linker V03.00 + NoICE + sdld,  page 13.

User Base Address Definitions

HOME = 0x8000
DATA = 0x0001

