ASxxxx Linker V03.00 + NoICE + sdld,  page 1.
Hexadecimal  [32-Bits]

Area                                    Addr        Size        Decimal Bytes (Attributes)
--------------------------------        ----        ----        ------- ----- ------------
.  .ABS.                            00000000    00000000 =           0. bytes (ABS,CON)

      Value  Global                              Global Defined In Module
      -----  --------------------------------   ------------------------
     00000000  .__.ABS.                           
     00000000  l_CABS                          
     00000000  l_CONST                         
     00000000  l_DABS                          
     00000000  l_DATA                          
     00000000  l__CODE                         
     00000000  s_CABS                          
     00000000  s_DABS                          
     00000000  s__CODE                         
     00000001  l_SSEG                          
     00000001  s_DATA                          
     00000001  s_INITIALIZED                   
     00000003  l_GSFINAL                       
     00000006  l_INITIALIZED                   
     00000006  l_INITIALIZER                   
     00000007  s_SSEG                          
     0000001A  l_GSINIT                        
     0000006B  l_HOME                          
     0000095B  l_CODE                          
     00008000  s_HOME                          
     0000806B  s_GSINIT                        
     00008085  s_GSFINAL                       
     00008088  s_CONST                         
     00008088  s_INITIALIZER                   
     0000808E  s_CODE                          

ASxxxx Linker V03.00 + NoICE + sdld,  page 2.
Hexadecimal  [32-Bits]

Area                                    Addr        Size        Decimal Bytes (Attributes)
--------------------------------        ----        ----        ------- ----- ------------
INITIALIZED                         00000001    00000006 =           6. bytes (REL,CON)

      Value  Global                              Global Defined In Module
      -----  --------------------------------   ------------------------
ASxxxx Linker V03.00 + NoICE + sdld,  page 3.
Hexadecimal  [32-Bits]

Area                                    Addr        Size        Decimal Bytes (Attributes)
--------------------------------        ----        ----        ------- ----- ------------
SSEG                                00000007    00000001 =           1. bytes (REL,CON)

      Value  Global                              Global Defined In Module
      -----  --------------------------------   ------------------------
ASxxxx Linker V03.00 + NoICE + sdld,  page 4.
Hexadecimal  [32-Bits]

Area                                    Addr        Size        Decimal Bytes (Attributes)
--------------------------------        ----        ----        ------- ----- ------------
HOME                                00008000    0000006B =         107. bytes (REL,CON)

      Value  Global                              Global Defined In Module
      -----  --------------------------------   ------------------------
ASxxxx Linker V03.00 + NoICE + sdld,  page 5.
Hexadecimal  [32-Bits]

Area                                    Addr        Size        Decimal Bytes (Attributes)
--------------------------------        ----        ----        ------- ----- ------------
GSINIT                              0000806B    0000001A =          26. bytes (REL,CON)

      Value  Global                              Global Defined In Module
      -----  --------------------------------   ------------------------
ASxxxx Linker V03.00 + NoICE + sdld,  page 6.
Hexadecimal  [32-Bits]

Area                                    Addr        Size        Decimal Bytes (Attributes)
--------------------------------        ----        ----        ------- ----- ------------
GSFINAL                             00008085    00000003 =           3. bytes (REL,CON)

      Value  Global                              Global Defined In Module
      -----  --------------------------------   ------------------------
ASxxxx Linker V03.00 + NoICE + sdld,  page 7.
Hexadecimal  [32-Bits]

Area                                    Addr        Size        Decimal Bytes (Attributes)
--------------------------------        ----        ----        ------- ----- ------------
INITIALIZER                         00008088    00000006 =           6. bytes (REL,CON)

      Value  Global                              Global Defined In Module
      -----  --------------------------------   ------------------------
ASxxxx Linker V03.00 + NoICE + sdld,  page 8.
Hexadecimal  [32-Bits]

Area                                    Addr        Size        Decimal Bytes (Attributes)
--------------------------------        ----        ----        ------- ----- ------------
CODE                                0000808E    0000095B =        2395. bytes (REL,CON)

      Value  Global                              Global Defined In Module
      -----  --------------------------------   ------------------------
     0000808E  _TIM4_UPD_OVF_IRQHandler           main
     00008098  _main                              main
     000080C2  _init_ADC                          stm8_ADC
     0000812E  _start_ADC                         stm8_ADC
     00008133  _isReady_ADC                       stm8_ADC
     0000813D  _getValue_ADC                      stm8_ADC
     00008157  _init_BEEP                         stm8_BEEP
     00008190  _beep                              stm8_BEEP
     000081A2  _pinMode                           stm8_GPIO
     00008230  _writePin                          stm8_GPIO
     00008259  _togglePin                         stm8_GPIO
     00008278  _readPin                           stm8_GPIO
     000082A7  _init_I2C                          stm8_I2C
     000082C0  _stop_I2C                          stm8_I2C
     000082C5  _start_I2C                         stm8_I2C
     000082DD  _clearADDR_I2C                     stm8_I2C
     000082E4  _setACK_I2C                        stm8_I2C
     000082F6  _writeAddr_I2C                     stm8_I2C
     00008336  _writeByte_I2C                     stm8_I2C
     0000835B  _ping_I2C                          stm8_I2C
     0000837F  _writeReg_I2C                      stm8_I2C
     000083BB  _readByte_I2C                      stm8_I2C
     00008403  _readReg_I2C                       stm8_I2C
     0000846E  _readBuffer2_I2C                   stm8_I2C
     000084FD  _readBuffer_I2C                    stm8_I2C
     00008618  _init_PWM                          stm8_PWM
     00008684  _startChannel_PWM                  stm8_PWM
     000086B8  _stopChannel_PWM                   stm8_PWM
     000086D4  _write_PWM                         stm8_PWM
     00008704  _writePercent_PWM                  stm8_PWM
     0000874D  _tick_TIME                         stm8_TIME
     00008761  _init_TIME                         stm8_TIME
     00008781  _get_ms                            stm8_TIME
     0000878B  _get_mcs                           stm8_TIME
     000087C9  _delay                             stm8_TIME
     000087FD  _init_UART                         stm8_UART
     0000882E  _write_UART                        stm8_UART
     00008847  _print_UART                        stm8_UART
     0000885A  _printInt_UART                     stm8_UART
     000088B9  _line_UART                         stm8_UART
     000088DD  _printHex_UART                     stm8_UART
     00008906  _isDataReceived_UART               stm8_UART
     00008910  _getData_UART                      stm8_UART
     00008914  __divulong                         _divulong
     0000896D  __mullong                          
ASxxxx Linker V03.00 + NoICE + sdld,  page 9.

Files Linked                              [ module(s) ]

build/main.rel                            [ main ]
build/stm8_ADC.rel                        [ stm8_ADC ]
build/stm8_BEEP.rel                       [ stm8_BEEP ]
build/stm8_GPIO.rel                       [ stm8_GPIO ]
build/stm8_I2C.rel                        [ stm8_I2C ]
build/stm8_PWM.rel                        [ stm8_PWM ]
build/stm8_TIME.rel                       [ stm8_TIME ]
build/stm8_UART.rel                       [ stm8_UART ]


Libraries Linked                          [ object file ]

/usr/bin/../share/sdcc/lib/stm8/stm8.lib  [ _divulong.rel ]
/usr/bin/../share/sdcc/lib/stm8/stm8.lib  [ _mullong.rel ]

ASxxxx Linker V03.00 + NoICE + sdld,  page 10.

User Base Address Definitions

HOME = 0x8000
DATA = 0x0001

