                                      1 ;--------------------------------------------------------
                                      2 ; File Created by SDCC : free open source ANSI-C Compiler
                                      3 ; Version 4.2.0 #13081 (Linux)
                                      4 ;--------------------------------------------------------
                                      5 	.module main
                                      6 	.optsdcc -mstm8
                                      7 	
                                      8 ;--------------------------------------------------------
                                      9 ; Public variables in this module
                                     10 ;--------------------------------------------------------
                                     11 	.globl _main
                                     12 	.globl _TIM4_UPD_OVF_IRQHandler
                                     13 	.globl _delay
                                     14 	.globl _init_TIME
                                     15 	.globl _tick_TIME
                                     16 	.globl _write_SPI
                                     17 	.globl _init_SPI
                                     18 	.globl _writePin
                                     19 	.globl _pinMode
                                     20 	.globl _b
                                     21 	.globl _a
                                     22 ;--------------------------------------------------------
                                     23 ; ram data
                                     24 ;--------------------------------------------------------
                                     25 	.area DATA
                                     26 ;--------------------------------------------------------
                                     27 ; ram data
                                     28 ;--------------------------------------------------------
                                     29 	.area INITIALIZED
      000000                         30 _a::
      000000                         31 	.ds 1
      000001                         32 _b::
      000001                         33 	.ds 1
                                     34 ;--------------------------------------------------------
                                     35 ; Stack segment in internal ram
                                     36 ;--------------------------------------------------------
                                     37 	.area	SSEG
      000000                         38 __start__stack:
      000000                         39 	.ds	1
                                     40 
                                     41 ;--------------------------------------------------------
                                     42 ; absolute external ram data
                                     43 ;--------------------------------------------------------
                                     44 	.area DABS (ABS)
                                     45 
                                     46 ; default segment ordering for linker
                                     47 	.area HOME
                                     48 	.area GSINIT
                                     49 	.area GSFINAL
                                     50 	.area CONST
                                     51 	.area INITIALIZER
                                     52 	.area CODE
                                     53 
                                     54 ;--------------------------------------------------------
                                     55 ; interrupt vector
                                     56 ;--------------------------------------------------------
                                     57 	.area HOME
      000000                         58 __interrupt_vect:
      000000 82v00u00u00             59 	int s_GSINIT ; reset
      000004 82 00 00 00             60 	int 0x000000 ; trap
      000008 82 00 00 00             61 	int 0x000000 ; int0
      00000C 82 00 00 00             62 	int 0x000000 ; int1
      000010 82 00 00 00             63 	int 0x000000 ; int2
      000014 82 00 00 00             64 	int 0x000000 ; int3
      000018 82 00 00 00             65 	int 0x000000 ; int4
      00001C 82 00 00 00             66 	int 0x000000 ; int5
      000020 82 00 00 00             67 	int 0x000000 ; int6
      000024 82 00 00 00             68 	int 0x000000 ; int7
      000028 82 00 00 00             69 	int 0x000000 ; int8
      00002C 82 00 00 00             70 	int 0x000000 ; int9
      000030 82 00 00 00             71 	int 0x000000 ; int10
      000034 82 00 00 00             72 	int 0x000000 ; int11
      000038 82 00 00 00             73 	int 0x000000 ; int12
      00003C 82 00 00 00             74 	int 0x000000 ; int13
      000040 82 00 00 00             75 	int 0x000000 ; int14
      000044 82 00 00 00             76 	int 0x000000 ; int15
      000048 82 00 00 00             77 	int 0x000000 ; int16
      00004C 82 00 00 00             78 	int 0x000000 ; int17
      000050 82 00 00 00             79 	int 0x000000 ; int18
      000054 82 00 00 00             80 	int 0x000000 ; int19
      000058 82 00 00 00             81 	int 0x000000 ; int20
      00005C 82 00 00 00             82 	int 0x000000 ; int21
      000060 82 00 00 00             83 	int 0x000000 ; int22
      000064 82v00u00u00             84 	int _TIM4_UPD_OVF_IRQHandler ; int23
                                     85 ;--------------------------------------------------------
                                     86 ; global & static initialisations
                                     87 ;--------------------------------------------------------
                                     88 	.area HOME
                                     89 	.area GSINIT
                                     90 	.area GSFINAL
                                     91 	.area GSINIT
      000000                         92 __sdcc_init_data:
                                     93 ; stm8_genXINIT() start
      000000 AEr00r00         [ 2]   94 	ldw x, #l_DATA
      000003 27 07            [ 1]   95 	jreq	00002$
      000005                         96 00001$:
      000005 72 4FuFFuFF      [ 1]   97 	clr (s_DATA - 1, x)
      000009 5A               [ 2]   98 	decw x
      00000A 26 F9            [ 1]   99 	jrne	00001$
      00000C                        100 00002$:
      00000C AEr00r00         [ 2]  101 	ldw	x, #l_INITIALIZER
      00000F 27 09            [ 1]  102 	jreq	00004$
      000011                        103 00003$:
      000011 D6uFFuFF         [ 1]  104 	ld	a, (s_INITIALIZER - 1, x)
      000014 D7uFFuFF         [ 1]  105 	ld	(s_INITIALIZED - 1, x), a
      000017 5A               [ 2]  106 	decw	x
      000018 26 F7            [ 1]  107 	jrne	00003$
      00001A                        108 00004$:
                                    109 ; stm8_genXINIT() end
                                    110 	.area GSFINAL
      000000 CCr00r68         [ 2]  111 	jp	__sdcc_program_startup
                                    112 ;--------------------------------------------------------
                                    113 ; Home
                                    114 ;--------------------------------------------------------
                                    115 	.area HOME
                                    116 	.area HOME
      000068                        117 __sdcc_program_startup:
      000068 CCr00r0A         [ 2]  118 	jp	_main
                                    119 ;	return from main will return to caller
                                    120 ;--------------------------------------------------------
                                    121 ; code
                                    122 ;--------------------------------------------------------
                                    123 	.area CODE
                                    124 ;	main.c: 30: void TIM4_UPD_OVF_IRQHandler(void) __interrupt(IRQ_TIM4) {
                                    125 ;	-----------------------------------------
                                    126 ;	 function TIM4_UPD_OVF_IRQHandler
                                    127 ;	-----------------------------------------
      000000                        128 _TIM4_UPD_OVF_IRQHandler:
      000000 4F               [ 1]  129 	clr	a
      000001 62               [ 2]  130 	div	x, a
                                    131 ;	main.c: 31: TIM4_SR &= ~(1 << 0);
      000002 72 11 53 44      [ 1]  132 	bres	0x5344, #0
                                    133 ;	main.c: 32: tick_TIME();
      000006 CDr00r00         [ 4]  134 	call	_tick_TIME
                                    135 ;	main.c: 33: }
      000009 80               [11]  136 	iret
                                    137 ;	main.c: 35: int main(void)
                                    138 ;	-----------------------------------------
                                    139 ;	 function main
                                    140 ;	-----------------------------------------
      00000A                        141 _main:
                                    142 ;	main.c: 37: CLK_CKDIVR = 0;	//частота тактирования мк 16 МГц
      00000A 35 00 50 C6      [ 1]  143 	mov	0x50c6+0, #0x00
                                    144 ;	main.c: 39: init_TIME();
      00000E CDr00r00         [ 4]  145 	call	_init_TIME
                                    146 ;	main.c: 40: init_SPI(SPI_MODE0, SPI_DIV16, SPI_MSB, SPI_MST);
      000011 4B 04            [ 1]  147 	push	#0x04
      000013 4B 00            [ 1]  148 	push	#0x00
      000015 4B 18            [ 1]  149 	push	#0x18
      000017 4F               [ 1]  150 	clr	a
      000018 CDr00r00         [ 4]  151 	call	_init_SPI
                                    152 ;	main.c: 41: pinMode(PD, 3, OUTPUT);
      00001B 4B 00            [ 1]  153 	push	#0x00
      00001D A6 03            [ 1]  154 	ld	a, #0x03
      00001F AE 50 0F         [ 2]  155 	ldw	x, #0x500f
      000022 CDr00r00         [ 4]  156 	call	_pinMode
                                    157 ;	main.c: 52: while (a < 8)
      000025                        158 00134$:
      000025 C6u00u00         [ 1]  159 	ld	a, _a+0
      000028 A1 08            [ 1]  160 	cp	a, #0x08
      00002A 25 03            [ 1]  161 	jrc	00237$
      00002C CCr03r96         [ 2]  162 	jp	00136$
      00002F                        163 00237$:
                                    164 ;	main.c: 54: switch (a)
      00002F C6u00u00         [ 1]  165 	ld	a, _a+0
      000032 A1 07            [ 1]  166 	cp	a, #0x07
      000034 23 03            [ 2]  167 	jrule	00238$
      000036 CCr03r8F         [ 2]  168 	jp	00133$
      000039                        169 00238$:
      000039 5F               [ 1]  170 	clrw	x
      00003A C6u00u00         [ 1]  171 	ld	a, _a+0
      00003D 97               [ 1]  172 	ld	xl, a
      00003E 58               [ 2]  173 	sllw	x
      00003F DEu00u43         [ 2]  174 	ldw	x, (#00239$, x)
      000042 FC               [ 2]  175 	jp	(x)
      000043                        176 00239$:
      000043r00r53                  177 	.dw	#00101$
      000045r00rBB                  178 	.dw	#00105$
      000047r01r23                  179 	.dw	#00109$
      000049r01r8B                  180 	.dw	#00113$
      00004Br01rF3                  181 	.dw	#00117$
      00004Dr02r5B                  182 	.dw	#00121$
      00004Fr02rC3                  183 	.dw	#00125$
      000051r03r2A                  184 	.dw	#00129$
                                    185 ;	main.c: 56: case 0:
      000053                        186 00101$:
                                    187 ;	main.c: 57: write_SPI(0xFF);	//сбросили в ноль все микросхемы
      000053 A6 FF            [ 1]  188 	ld	a, #0xff
      000055 CDr00r00         [ 4]  189 	call	_write_SPI
                                    190 ;	main.c: 58: write_SPI(0x00);
      000058 4F               [ 1]  191 	clr	a
      000059 CDr00r00         [ 4]  192 	call	_write_SPI
                                    193 ;	main.c: 59: writePin(PD, 3, HIGH);
      00005C 4B 01            [ 1]  194 	push	#0x01
      00005E A6 03            [ 1]  195 	ld	a, #0x03
      000060 AE 50 0F         [ 2]  196 	ldw	x, #0x500f
      000063 CDr00r00         [ 4]  197 	call	_writePin
                                    198 ;	main.c: 60: writePin(PD, 3, LOW);
      000066 4B 00            [ 1]  199 	push	#0x00
      000068 A6 03            [ 1]  200 	ld	a, #0x03
      00006A AE 50 0F         [ 2]  201 	ldw	x, #0x500f
      00006D CDr00r00         [ 4]  202 	call	_writePin
                                    203 ;	main.c: 61: while (b < 8)
      000070                        204 00102$:
      000070 C6u00u01         [ 1]  205 	ld	a, _b+0
      000073 A1 08            [ 1]  206 	cp	a, #0x08
      000075 24 3D            [ 1]  207 	jrnc	00104$
                                    208 ;	main.c: 63: write_SPI(~(1 << b));
      000077 C6u00u01         [ 1]  209 	ld	a, _b+0
      00007A 97               [ 1]  210 	ld	xl, a
      00007B A6 01            [ 1]  211 	ld	a, #0x01
      00007D 88               [ 1]  212 	push	a
      00007E 9F               [ 1]  213 	ld	a, xl
      00007F 4D               [ 1]  214 	tnz	a
      000080 27 05            [ 1]  215 	jreq	00242$
      000082                        216 00241$:
      000082 08 01            [ 1]  217 	sll	(1, sp)
      000084 4A               [ 1]  218 	dec	a
      000085 26 FB            [ 1]  219 	jrne	00241$
      000087                        220 00242$:
      000087 84               [ 1]  221 	pop	a
      000088 43               [ 1]  222 	cpl	a
      000089 CDr00r00         [ 4]  223 	call	_write_SPI
                                    224 ;	main.c: 64: write_SPI(DIGIT_ONE);
      00008C A6 08            [ 1]  225 	ld	a, #0x08
      00008E CDr00r00         [ 4]  226 	call	_write_SPI
                                    227 ;	main.c: 65: writePin(PD, 3, HIGH);
      000091 4B 01            [ 1]  228 	push	#0x01
      000093 A6 03            [ 1]  229 	ld	a, #0x03
      000095 AE 50 0F         [ 2]  230 	ldw	x, #0x500f
      000098 CDr00r00         [ 4]  231 	call	_writePin
                                    232 ;	main.c: 66: writePin(PD, 3, LOW);
      00009B 4B 00            [ 1]  233 	push	#0x00
      00009D A6 03            [ 1]  234 	ld	a, #0x03
      00009F AE 50 0F         [ 2]  235 	ldw	x, #0x500f
      0000A2 CDr00r00         [ 4]  236 	call	_writePin
                                    237 ;	main.c: 67: b++;
      0000A5 72 5Cu00u01      [ 1]  238 	inc	_b+0
                                    239 ;	main.c: 68: delay(DELAY_TIME);
      0000A9 4B C8            [ 1]  240 	push	#0xc8
      0000AB 5F               [ 1]  241 	clrw	x
      0000AC 89               [ 2]  242 	pushw	x
      0000AD 4B 00            [ 1]  243 	push	#0x00
      0000AF CDr00r00         [ 4]  244 	call	_delay
      0000B2 20 BC            [ 2]  245 	jra	00102$
      0000B4                        246 00104$:
                                    247 ;	main.c: 70: b = 0;
      0000B4 72 5Fu00u01      [ 1]  248 	clr	_b+0
                                    249 ;	main.c: 71: break;
      0000B8 CCr03r8F         [ 2]  250 	jp	00133$
                                    251 ;	main.c: 72: case 1:
      0000BB                        252 00105$:
                                    253 ;	main.c: 73: write_SPI(0xFF);	//сбросили в ноль все микросхемы
      0000BB A6 FF            [ 1]  254 	ld	a, #0xff
      0000BD CDr00r00         [ 4]  255 	call	_write_SPI
                                    256 ;	main.c: 74: write_SPI(0x00);
      0000C0 4F               [ 1]  257 	clr	a
      0000C1 CDr00r00         [ 4]  258 	call	_write_SPI
                                    259 ;	main.c: 75: writePin(PD, 3, HIGH);
      0000C4 4B 01            [ 1]  260 	push	#0x01
      0000C6 A6 03            [ 1]  261 	ld	a, #0x03
      0000C8 AE 50 0F         [ 2]  262 	ldw	x, #0x500f
      0000CB CDr00r00         [ 4]  263 	call	_writePin
                                    264 ;	main.c: 76: writePin(PD, 3, LOW);
      0000CE 4B 00            [ 1]  265 	push	#0x00
      0000D0 A6 03            [ 1]  266 	ld	a, #0x03
      0000D2 AE 50 0F         [ 2]  267 	ldw	x, #0x500f
      0000D5 CDr00r00         [ 4]  268 	call	_writePin
                                    269 ;	main.c: 77: while (b < 8)
      0000D8                        270 00106$:
      0000D8 C6u00u01         [ 1]  271 	ld	a, _b+0
      0000DB A1 08            [ 1]  272 	cp	a, #0x08
      0000DD 24 3D            [ 1]  273 	jrnc	00108$
                                    274 ;	main.c: 79: write_SPI(~(1 << b));
      0000DF C6u00u01         [ 1]  275 	ld	a, _b+0
      0000E2 97               [ 1]  276 	ld	xl, a
      0000E3 A6 01            [ 1]  277 	ld	a, #0x01
      0000E5 88               [ 1]  278 	push	a
      0000E6 9F               [ 1]  279 	ld	a, xl
      0000E7 4D               [ 1]  280 	tnz	a
      0000E8 27 05            [ 1]  281 	jreq	00245$
      0000EA                        282 00244$:
      0000EA 08 01            [ 1]  283 	sll	(1, sp)
      0000EC 4A               [ 1]  284 	dec	a
      0000ED 26 FB            [ 1]  285 	jrne	00244$
      0000EF                        286 00245$:
      0000EF 84               [ 1]  287 	pop	a
      0000F0 43               [ 1]  288 	cpl	a
      0000F1 CDr00r00         [ 4]  289 	call	_write_SPI
                                    290 ;	main.c: 80: write_SPI(DIGIT_TWO);
      0000F4 A6 04            [ 1]  291 	ld	a, #0x04
      0000F6 CDr00r00         [ 4]  292 	call	_write_SPI
                                    293 ;	main.c: 81: writePin(PD, 3, HIGH);
      0000F9 4B 01            [ 1]  294 	push	#0x01
      0000FB A6 03            [ 1]  295 	ld	a, #0x03
      0000FD AE 50 0F         [ 2]  296 	ldw	x, #0x500f
      000100 CDr00r00         [ 4]  297 	call	_writePin
                                    298 ;	main.c: 82: writePin(PD, 3, LOW);
      000103 4B 00            [ 1]  299 	push	#0x00
      000105 A6 03            [ 1]  300 	ld	a, #0x03
      000107 AE 50 0F         [ 2]  301 	ldw	x, #0x500f
      00010A CDr00r00         [ 4]  302 	call	_writePin
                                    303 ;	main.c: 83: b++;
      00010D 72 5Cu00u01      [ 1]  304 	inc	_b+0
                                    305 ;	main.c: 84: delay(DELAY_TIME);
      000111 4B C8            [ 1]  306 	push	#0xc8
      000113 5F               [ 1]  307 	clrw	x
      000114 89               [ 2]  308 	pushw	x
      000115 4B 00            [ 1]  309 	push	#0x00
      000117 CDr00r00         [ 4]  310 	call	_delay
      00011A 20 BC            [ 2]  311 	jra	00106$
      00011C                        312 00108$:
                                    313 ;	main.c: 86: b = 0;
      00011C 72 5Fu00u01      [ 1]  314 	clr	_b+0
                                    315 ;	main.c: 87: break;
      000120 CCr03r8F         [ 2]  316 	jp	00133$
                                    317 ;	main.c: 88: case 2:
      000123                        318 00109$:
                                    319 ;	main.c: 89: write_SPI(0xFF);	//сбросили в ноль все микросхемы
      000123 A6 FF            [ 1]  320 	ld	a, #0xff
      000125 CDr00r00         [ 4]  321 	call	_write_SPI
                                    322 ;	main.c: 90: write_SPI(0x00);
      000128 4F               [ 1]  323 	clr	a
      000129 CDr00r00         [ 4]  324 	call	_write_SPI
                                    325 ;	main.c: 91: writePin(PD, 3, HIGH);
      00012C 4B 01            [ 1]  326 	push	#0x01
      00012E A6 03            [ 1]  327 	ld	a, #0x03
      000130 AE 50 0F         [ 2]  328 	ldw	x, #0x500f
      000133 CDr00r00         [ 4]  329 	call	_writePin
                                    330 ;	main.c: 92: writePin(PD, 3, LOW);
      000136 4B 00            [ 1]  331 	push	#0x00
      000138 A6 03            [ 1]  332 	ld	a, #0x03
      00013A AE 50 0F         [ 2]  333 	ldw	x, #0x500f
      00013D CDr00r00         [ 4]  334 	call	_writePin
                                    335 ;	main.c: 93: while (b < 8)
      000140                        336 00110$:
      000140 C6u00u01         [ 1]  337 	ld	a, _b+0
      000143 A1 08            [ 1]  338 	cp	a, #0x08
      000145 24 3D            [ 1]  339 	jrnc	00112$
                                    340 ;	main.c: 95: write_SPI(~(1 << b));
      000147 C6u00u01         [ 1]  341 	ld	a, _b+0
      00014A 97               [ 1]  342 	ld	xl, a
      00014B A6 01            [ 1]  343 	ld	a, #0x01
      00014D 88               [ 1]  344 	push	a
      00014E 9F               [ 1]  345 	ld	a, xl
      00014F 4D               [ 1]  346 	tnz	a
      000150 27 05            [ 1]  347 	jreq	00248$
      000152                        348 00247$:
      000152 08 01            [ 1]  349 	sll	(1, sp)
      000154 4A               [ 1]  350 	dec	a
      000155 26 FB            [ 1]  351 	jrne	00247$
      000157                        352 00248$:
      000157 84               [ 1]  353 	pop	a
      000158 43               [ 1]  354 	cpl	a
      000159 CDr00r00         [ 4]  355 	call	_write_SPI
                                    356 ;	main.c: 96: write_SPI(DIGIT_THREE);
      00015C A6 02            [ 1]  357 	ld	a, #0x02
      00015E CDr00r00         [ 4]  358 	call	_write_SPI
                                    359 ;	main.c: 97: writePin(PD, 3, HIGH);
      000161 4B 01            [ 1]  360 	push	#0x01
      000163 A6 03            [ 1]  361 	ld	a, #0x03
      000165 AE 50 0F         [ 2]  362 	ldw	x, #0x500f
      000168 CDr00r00         [ 4]  363 	call	_writePin
                                    364 ;	main.c: 98: writePin(PD, 3, LOW);
      00016B 4B 00            [ 1]  365 	push	#0x00
      00016D A6 03            [ 1]  366 	ld	a, #0x03
      00016F AE 50 0F         [ 2]  367 	ldw	x, #0x500f
      000172 CDr00r00         [ 4]  368 	call	_writePin
                                    369 ;	main.c: 99: b++;
      000175 72 5Cu00u01      [ 1]  370 	inc	_b+0
                                    371 ;	main.c: 100: delay(DELAY_TIME);
      000179 4B C8            [ 1]  372 	push	#0xc8
      00017B 5F               [ 1]  373 	clrw	x
      00017C 89               [ 2]  374 	pushw	x
      00017D 4B 00            [ 1]  375 	push	#0x00
      00017F CDr00r00         [ 4]  376 	call	_delay
      000182 20 BC            [ 2]  377 	jra	00110$
      000184                        378 00112$:
                                    379 ;	main.c: 102: b = 0;
      000184 72 5Fu00u01      [ 1]  380 	clr	_b+0
                                    381 ;	main.c: 103: break;
      000188 CCr03r8F         [ 2]  382 	jp	00133$
                                    383 ;	main.c: 104: case 3:
      00018B                        384 00113$:
                                    385 ;	main.c: 105: write_SPI(0xFF);	//сбросили в ноль все микросхемы
      00018B A6 FF            [ 1]  386 	ld	a, #0xff
      00018D CDr00r00         [ 4]  387 	call	_write_SPI
                                    388 ;	main.c: 106: write_SPI(0x00);
      000190 4F               [ 1]  389 	clr	a
      000191 CDr00r00         [ 4]  390 	call	_write_SPI
                                    391 ;	main.c: 107: writePin(PD, 3, HIGH);
      000194 4B 01            [ 1]  392 	push	#0x01
      000196 A6 03            [ 1]  393 	ld	a, #0x03
      000198 AE 50 0F         [ 2]  394 	ldw	x, #0x500f
      00019B CDr00r00         [ 4]  395 	call	_writePin
                                    396 ;	main.c: 108: writePin(PD, 3, LOW);
      00019E 4B 00            [ 1]  397 	push	#0x00
      0001A0 A6 03            [ 1]  398 	ld	a, #0x03
      0001A2 AE 50 0F         [ 2]  399 	ldw	x, #0x500f
      0001A5 CDr00r00         [ 4]  400 	call	_writePin
                                    401 ;	main.c: 109: while (b < 8)
      0001A8                        402 00114$:
      0001A8 C6u00u01         [ 1]  403 	ld	a, _b+0
      0001AB A1 08            [ 1]  404 	cp	a, #0x08
      0001AD 24 3D            [ 1]  405 	jrnc	00116$
                                    406 ;	main.c: 111: write_SPI(~(1 << b));
      0001AF C6u00u01         [ 1]  407 	ld	a, _b+0
      0001B2 97               [ 1]  408 	ld	xl, a
      0001B3 A6 01            [ 1]  409 	ld	a, #0x01
      0001B5 88               [ 1]  410 	push	a
      0001B6 9F               [ 1]  411 	ld	a, xl
      0001B7 4D               [ 1]  412 	tnz	a
      0001B8 27 05            [ 1]  413 	jreq	00251$
      0001BA                        414 00250$:
      0001BA 08 01            [ 1]  415 	sll	(1, sp)
      0001BC 4A               [ 1]  416 	dec	a
      0001BD 26 FB            [ 1]  417 	jrne	00250$
      0001BF                        418 00251$:
      0001BF 84               [ 1]  419 	pop	a
      0001C0 43               [ 1]  420 	cpl	a
      0001C1 CDr00r00         [ 4]  421 	call	_write_SPI
                                    422 ;	main.c: 112: write_SPI(DIGIT_FOUR);
      0001C4 A6 01            [ 1]  423 	ld	a, #0x01
      0001C6 CDr00r00         [ 4]  424 	call	_write_SPI
                                    425 ;	main.c: 113: writePin(PD, 3, HIGH);
      0001C9 4B 01            [ 1]  426 	push	#0x01
      0001CB A6 03            [ 1]  427 	ld	a, #0x03
      0001CD AE 50 0F         [ 2]  428 	ldw	x, #0x500f
      0001D0 CDr00r00         [ 4]  429 	call	_writePin
                                    430 ;	main.c: 114: writePin(PD, 3, LOW);
      0001D3 4B 00            [ 1]  431 	push	#0x00
      0001D5 A6 03            [ 1]  432 	ld	a, #0x03
      0001D7 AE 50 0F         [ 2]  433 	ldw	x, #0x500f
      0001DA CDr00r00         [ 4]  434 	call	_writePin
                                    435 ;	main.c: 115: b++;
      0001DD 72 5Cu00u01      [ 1]  436 	inc	_b+0
                                    437 ;	main.c: 116: delay(DELAY_TIME);
      0001E1 4B C8            [ 1]  438 	push	#0xc8
      0001E3 5F               [ 1]  439 	clrw	x
      0001E4 89               [ 2]  440 	pushw	x
      0001E5 4B 00            [ 1]  441 	push	#0x00
      0001E7 CDr00r00         [ 4]  442 	call	_delay
      0001EA 20 BC            [ 2]  443 	jra	00114$
      0001EC                        444 00116$:
                                    445 ;	main.c: 118: b = 0;
      0001EC 72 5Fu00u01      [ 1]  446 	clr	_b+0
                                    447 ;	main.c: 119: break;
      0001F0 CCr03r8F         [ 2]  448 	jp	00133$
                                    449 ;	main.c: 120: case 4:
      0001F3                        450 00117$:
                                    451 ;	main.c: 121: write_SPI(0xFF);	//сбросили в ноль все микросхемы
      0001F3 A6 FF            [ 1]  452 	ld	a, #0xff
      0001F5 CDr00r00         [ 4]  453 	call	_write_SPI
                                    454 ;	main.c: 122: write_SPI(0x00);
      0001F8 4F               [ 1]  455 	clr	a
      0001F9 CDr00r00         [ 4]  456 	call	_write_SPI
                                    457 ;	main.c: 123: writePin(PD, 3, HIGH);
      0001FC 4B 01            [ 1]  458 	push	#0x01
      0001FE A6 03            [ 1]  459 	ld	a, #0x03
      000200 AE 50 0F         [ 2]  460 	ldw	x, #0x500f
      000203 CDr00r00         [ 4]  461 	call	_writePin
                                    462 ;	main.c: 124: writePin(PD, 3, LOW);
      000206 4B 00            [ 1]  463 	push	#0x00
      000208 A6 03            [ 1]  464 	ld	a, #0x03
      00020A AE 50 0F         [ 2]  465 	ldw	x, #0x500f
      00020D CDr00r00         [ 4]  466 	call	_writePin
                                    467 ;	main.c: 125: while (b < 8)
      000210                        468 00118$:
      000210 C6u00u01         [ 1]  469 	ld	a, _b+0
      000213 A1 08            [ 1]  470 	cp	a, #0x08
      000215 24 3D            [ 1]  471 	jrnc	00120$
                                    472 ;	main.c: 127: write_SPI(~(1 << b));
      000217 C6u00u01         [ 1]  473 	ld	a, _b+0
      00021A 97               [ 1]  474 	ld	xl, a
      00021B A6 01            [ 1]  475 	ld	a, #0x01
      00021D 88               [ 1]  476 	push	a
      00021E 9F               [ 1]  477 	ld	a, xl
      00021F 4D               [ 1]  478 	tnz	a
      000220 27 05            [ 1]  479 	jreq	00254$
      000222                        480 00253$:
      000222 08 01            [ 1]  481 	sll	(1, sp)
      000224 4A               [ 1]  482 	dec	a
      000225 26 FB            [ 1]  483 	jrne	00253$
      000227                        484 00254$:
      000227 84               [ 1]  485 	pop	a
      000228 43               [ 1]  486 	cpl	a
      000229 CDr00r00         [ 4]  487 	call	_write_SPI
                                    488 ;	main.c: 128: write_SPI(DIGIT_FIVE);
      00022C A6 80            [ 1]  489 	ld	a, #0x80
      00022E CDr00r00         [ 4]  490 	call	_write_SPI
                                    491 ;	main.c: 129: writePin(PD, 3, HIGH);
      000231 4B 01            [ 1]  492 	push	#0x01
      000233 A6 03            [ 1]  493 	ld	a, #0x03
      000235 AE 50 0F         [ 2]  494 	ldw	x, #0x500f
      000238 CDr00r00         [ 4]  495 	call	_writePin
                                    496 ;	main.c: 130: writePin(PD, 3, LOW);
      00023B 4B 00            [ 1]  497 	push	#0x00
      00023D A6 03            [ 1]  498 	ld	a, #0x03
      00023F AE 50 0F         [ 2]  499 	ldw	x, #0x500f
      000242 CDr00r00         [ 4]  500 	call	_writePin
                                    501 ;	main.c: 131: b++;
      000245 72 5Cu00u01      [ 1]  502 	inc	_b+0
                                    503 ;	main.c: 132: delay(DELAY_TIME);
      000249 4B C8            [ 1]  504 	push	#0xc8
      00024B 5F               [ 1]  505 	clrw	x
      00024C 89               [ 2]  506 	pushw	x
      00024D 4B 00            [ 1]  507 	push	#0x00
      00024F CDr00r00         [ 4]  508 	call	_delay
      000252 20 BC            [ 2]  509 	jra	00118$
      000254                        510 00120$:
                                    511 ;	main.c: 134: b = 0;
      000254 72 5Fu00u01      [ 1]  512 	clr	_b+0
                                    513 ;	main.c: 135: break;
      000258 CCr03r8F         [ 2]  514 	jp	00133$
                                    515 ;	main.c: 136: case 5:
      00025B                        516 00121$:
                                    517 ;	main.c: 137: write_SPI(0xFF);	//сбросили в ноль все микросхемы
      00025B A6 FF            [ 1]  518 	ld	a, #0xff
      00025D CDr00r00         [ 4]  519 	call	_write_SPI
                                    520 ;	main.c: 138: write_SPI(0x00);
      000260 4F               [ 1]  521 	clr	a
      000261 CDr00r00         [ 4]  522 	call	_write_SPI
                                    523 ;	main.c: 139: writePin(PD, 3, HIGH);
      000264 4B 01            [ 1]  524 	push	#0x01
      000266 A6 03            [ 1]  525 	ld	a, #0x03
      000268 AE 50 0F         [ 2]  526 	ldw	x, #0x500f
      00026B CDr00r00         [ 4]  527 	call	_writePin
                                    528 ;	main.c: 140: writePin(PD, 3, LOW);
      00026E 4B 00            [ 1]  529 	push	#0x00
      000270 A6 03            [ 1]  530 	ld	a, #0x03
      000272 AE 50 0F         [ 2]  531 	ldw	x, #0x500f
      000275 CDr00r00         [ 4]  532 	call	_writePin
                                    533 ;	main.c: 141: while (b < 8)
      000278                        534 00122$:
      000278 C6u00u01         [ 1]  535 	ld	a, _b+0
      00027B A1 08            [ 1]  536 	cp	a, #0x08
      00027D 24 3D            [ 1]  537 	jrnc	00124$
                                    538 ;	main.c: 143: write_SPI(~(1 << b));
      00027F C6u00u01         [ 1]  539 	ld	a, _b+0
      000282 97               [ 1]  540 	ld	xl, a
      000283 A6 01            [ 1]  541 	ld	a, #0x01
      000285 88               [ 1]  542 	push	a
      000286 9F               [ 1]  543 	ld	a, xl
      000287 4D               [ 1]  544 	tnz	a
      000288 27 05            [ 1]  545 	jreq	00257$
      00028A                        546 00256$:
      00028A 08 01            [ 1]  547 	sll	(1, sp)
      00028C 4A               [ 1]  548 	dec	a
      00028D 26 FB            [ 1]  549 	jrne	00256$
      00028F                        550 00257$:
      00028F 84               [ 1]  551 	pop	a
      000290 43               [ 1]  552 	cpl	a
      000291 CDr00r00         [ 4]  553 	call	_write_SPI
                                    554 ;	main.c: 144: write_SPI(DIGIT_SIX);
      000294 A6 40            [ 1]  555 	ld	a, #0x40
      000296 CDr00r00         [ 4]  556 	call	_write_SPI
                                    557 ;	main.c: 145: writePin(PD, 3, HIGH);
      000299 4B 01            [ 1]  558 	push	#0x01
      00029B A6 03            [ 1]  559 	ld	a, #0x03
      00029D AE 50 0F         [ 2]  560 	ldw	x, #0x500f
      0002A0 CDr00r00         [ 4]  561 	call	_writePin
                                    562 ;	main.c: 146: writePin(PD, 3, LOW);
      0002A3 4B 00            [ 1]  563 	push	#0x00
      0002A5 A6 03            [ 1]  564 	ld	a, #0x03
      0002A7 AE 50 0F         [ 2]  565 	ldw	x, #0x500f
      0002AA CDr00r00         [ 4]  566 	call	_writePin
                                    567 ;	main.c: 147: b++;
      0002AD 72 5Cu00u01      [ 1]  568 	inc	_b+0
                                    569 ;	main.c: 148: delay(DELAY_TIME);
      0002B1 4B C8            [ 1]  570 	push	#0xc8
      0002B3 5F               [ 1]  571 	clrw	x
      0002B4 89               [ 2]  572 	pushw	x
      0002B5 4B 00            [ 1]  573 	push	#0x00
      0002B7 CDr00r00         [ 4]  574 	call	_delay
      0002BA 20 BC            [ 2]  575 	jra	00122$
      0002BC                        576 00124$:
                                    577 ;	main.c: 150: b = 0;
      0002BC 72 5Fu00u01      [ 1]  578 	clr	_b+0
                                    579 ;	main.c: 151: break;
      0002C0 CCr03r8F         [ 2]  580 	jp	00133$
                                    581 ;	main.c: 152: case 6:
      0002C3                        582 00125$:
                                    583 ;	main.c: 153: write_SPI(0xFF);	//сбросили в ноль все микросхемы
      0002C3 A6 FF            [ 1]  584 	ld	a, #0xff
      0002C5 CDr00r00         [ 4]  585 	call	_write_SPI
                                    586 ;	main.c: 154: write_SPI(0x00);
      0002C8 4F               [ 1]  587 	clr	a
      0002C9 CDr00r00         [ 4]  588 	call	_write_SPI
                                    589 ;	main.c: 155: writePin(PD, 3, HIGH);
      0002CC 4B 01            [ 1]  590 	push	#0x01
      0002CE A6 03            [ 1]  591 	ld	a, #0x03
      0002D0 AE 50 0F         [ 2]  592 	ldw	x, #0x500f
      0002D3 CDr00r00         [ 4]  593 	call	_writePin
                                    594 ;	main.c: 156: writePin(PD, 3, LOW);
      0002D6 4B 00            [ 1]  595 	push	#0x00
      0002D8 A6 03            [ 1]  596 	ld	a, #0x03
      0002DA AE 50 0F         [ 2]  597 	ldw	x, #0x500f
      0002DD CDr00r00         [ 4]  598 	call	_writePin
                                    599 ;	main.c: 157: while (b < 8)
      0002E0                        600 00126$:
      0002E0 C6u00u01         [ 1]  601 	ld	a, _b+0
      0002E3 A1 08            [ 1]  602 	cp	a, #0x08
      0002E5 24 3D            [ 1]  603 	jrnc	00128$
                                    604 ;	main.c: 159: write_SPI(~(1 << b));
      0002E7 C6u00u01         [ 1]  605 	ld	a, _b+0
      0002EA 97               [ 1]  606 	ld	xl, a
      0002EB A6 01            [ 1]  607 	ld	a, #0x01
      0002ED 88               [ 1]  608 	push	a
      0002EE 9F               [ 1]  609 	ld	a, xl
      0002EF 4D               [ 1]  610 	tnz	a
      0002F0 27 05            [ 1]  611 	jreq	00260$
      0002F2                        612 00259$:
      0002F2 08 01            [ 1]  613 	sll	(1, sp)
      0002F4 4A               [ 1]  614 	dec	a
      0002F5 26 FB            [ 1]  615 	jrne	00259$
      0002F7                        616 00260$:
      0002F7 84               [ 1]  617 	pop	a
      0002F8 43               [ 1]  618 	cpl	a
      0002F9 CDr00r00         [ 4]  619 	call	_write_SPI
                                    620 ;	main.c: 160: write_SPI(DIGIT_SEVEN);
      0002FC A6 20            [ 1]  621 	ld	a, #0x20
      0002FE CDr00r00         [ 4]  622 	call	_write_SPI
                                    623 ;	main.c: 161: writePin(PD, 3, HIGH);
      000301 4B 01            [ 1]  624 	push	#0x01
      000303 A6 03            [ 1]  625 	ld	a, #0x03
      000305 AE 50 0F         [ 2]  626 	ldw	x, #0x500f
      000308 CDr00r00         [ 4]  627 	call	_writePin
                                    628 ;	main.c: 162: writePin(PD, 3, LOW);
      00030B 4B 00            [ 1]  629 	push	#0x00
      00030D A6 03            [ 1]  630 	ld	a, #0x03
      00030F AE 50 0F         [ 2]  631 	ldw	x, #0x500f
      000312 CDr00r00         [ 4]  632 	call	_writePin
                                    633 ;	main.c: 163: b++;
      000315 72 5Cu00u01      [ 1]  634 	inc	_b+0
                                    635 ;	main.c: 164: delay(DELAY_TIME);
      000319 4B C8            [ 1]  636 	push	#0xc8
      00031B 5F               [ 1]  637 	clrw	x
      00031C 89               [ 2]  638 	pushw	x
      00031D 4B 00            [ 1]  639 	push	#0x00
      00031F CDr00r00         [ 4]  640 	call	_delay
      000322 20 BC            [ 2]  641 	jra	00126$
      000324                        642 00128$:
                                    643 ;	main.c: 166: b = 0;
      000324 72 5Fu00u01      [ 1]  644 	clr	_b+0
                                    645 ;	main.c: 167: break;
      000328 20 65            [ 2]  646 	jra	00133$
                                    647 ;	main.c: 168: case 7:
      00032A                        648 00129$:
                                    649 ;	main.c: 169: write_SPI(0xFF);	//сбросили в ноль все микросхемы
      00032A A6 FF            [ 1]  650 	ld	a, #0xff
      00032C CDr00r00         [ 4]  651 	call	_write_SPI
                                    652 ;	main.c: 170: write_SPI(0x00);
      00032F 4F               [ 1]  653 	clr	a
      000330 CDr00r00         [ 4]  654 	call	_write_SPI
                                    655 ;	main.c: 171: writePin(PD, 3, HIGH);
      000333 4B 01            [ 1]  656 	push	#0x01
      000335 A6 03            [ 1]  657 	ld	a, #0x03
      000337 AE 50 0F         [ 2]  658 	ldw	x, #0x500f
      00033A CDr00r00         [ 4]  659 	call	_writePin
                                    660 ;	main.c: 172: writePin(PD, 3, LOW);
      00033D 4B 00            [ 1]  661 	push	#0x00
      00033F A6 03            [ 1]  662 	ld	a, #0x03
      000341 AE 50 0F         [ 2]  663 	ldw	x, #0x500f
      000344 CDr00r00         [ 4]  664 	call	_writePin
                                    665 ;	main.c: 173: while (b < 8)
      000347                        666 00130$:
      000347 C6u00u01         [ 1]  667 	ld	a, _b+0
      00034A A1 08            [ 1]  668 	cp	a, #0x08
      00034C 24 3D            [ 1]  669 	jrnc	00132$
                                    670 ;	main.c: 175: write_SPI(~(1 << b));
      00034E C6u00u01         [ 1]  671 	ld	a, _b+0
      000351 97               [ 1]  672 	ld	xl, a
      000352 A6 01            [ 1]  673 	ld	a, #0x01
      000354 88               [ 1]  674 	push	a
      000355 9F               [ 1]  675 	ld	a, xl
      000356 4D               [ 1]  676 	tnz	a
      000357 27 05            [ 1]  677 	jreq	00263$
      000359                        678 00262$:
      000359 08 01            [ 1]  679 	sll	(1, sp)
      00035B 4A               [ 1]  680 	dec	a
      00035C 26 FB            [ 1]  681 	jrne	00262$
      00035E                        682 00263$:
      00035E 84               [ 1]  683 	pop	a
      00035F 43               [ 1]  684 	cpl	a
      000360 CDr00r00         [ 4]  685 	call	_write_SPI
                                    686 ;	main.c: 176: write_SPI(DIGIT_EIGHT);
      000363 A6 10            [ 1]  687 	ld	a, #0x10
      000365 CDr00r00         [ 4]  688 	call	_write_SPI
                                    689 ;	main.c: 177: writePin(PD, 3, HIGH);
      000368 4B 01            [ 1]  690 	push	#0x01
      00036A A6 03            [ 1]  691 	ld	a, #0x03
      00036C AE 50 0F         [ 2]  692 	ldw	x, #0x500f
      00036F CDr00r00         [ 4]  693 	call	_writePin
                                    694 ;	main.c: 178: writePin(PD, 3, LOW);
      000372 4B 00            [ 1]  695 	push	#0x00
      000374 A6 03            [ 1]  696 	ld	a, #0x03
      000376 AE 50 0F         [ 2]  697 	ldw	x, #0x500f
      000379 CDr00r00         [ 4]  698 	call	_writePin
                                    699 ;	main.c: 179: b++;
      00037C 72 5Cu00u01      [ 1]  700 	inc	_b+0
                                    701 ;	main.c: 180: delay(DELAY_TIME);
      000380 4B C8            [ 1]  702 	push	#0xc8
      000382 5F               [ 1]  703 	clrw	x
      000383 89               [ 2]  704 	pushw	x
      000384 4B 00            [ 1]  705 	push	#0x00
      000386 CDr00r00         [ 4]  706 	call	_delay
      000389 20 BC            [ 2]  707 	jra	00130$
      00038B                        708 00132$:
                                    709 ;	main.c: 182: b = 0;
      00038B 72 5Fu00u01      [ 1]  710 	clr	_b+0
                                    711 ;	main.c: 184: }
      00038F                        712 00133$:
                                    713 ;	main.c: 185: a++;
      00038F 72 5Cu00u00      [ 1]  714 	inc	_a+0
      000393 CCr00r25         [ 2]  715 	jp	00134$
      000396                        716 00136$:
                                    717 ;	main.c: 187: a = 0;
      000396 72 5Fu00u00      [ 1]  718 	clr	_a+0
                                    719 ;	main.c: 189: }
      00039A CCr00r25         [ 2]  720 	jp	00134$
                                    721 	.area CODE
                                    722 	.area CONST
                                    723 	.area INITIALIZER
      000000                        724 __xinit__a:
      000000 00                     725 	.db #0x00	; 0
      000001                        726 __xinit__b:
      000001 00                     727 	.db #0x00	; 0
                                    728 	.area CABS (ABS)
