ASxxxx Linker V03.00 + NoICE + sdld,  page 1.
Hexadecimal  [32-Bits]

Area                                    Addr        Size        Decimal Bytes (Attributes)
--------------------------------        ----        ----        ------- ----- ------------
.  .ABS.                            00000000    00000000 =           0. bytes (ABS,CON)

      Value  Global                              Global Defined In Module
      -----  --------------------------------   ------------------------
     00000000  .__.ABS.                           
     00000000  l_CABS                          
     00000000  l_DABS                          
     00000000  l_DATA                          
     00000000  l__CODE                         
     00000000  s_CABS                          
     00000000  s_DABS                          
     00000000  s__CODE                         
     00000001  l_SSEG                          
     00000001  s_DATA                          
     00000001  s_INITIALIZED                   
     00000003  l_GSFINAL                       
     00000006  l_INITIALIZED                   
     00000006  l_INITIALIZER                   
     00000007  l_HOME                          
     00000007  s_SSEG                          
     0000001A  l_GSINIT                        
     00000030  l_CONST                         
     000006DB  l_CODE                          
     00008000  s_HOME                          
     00008007  s_GSINIT                        
     00008021  s_GSFINAL                       
     00008024  s_CONST                         
     00008054  s_INITIALIZER                   
     0000805A  s_CODE                          

ASxxxx Linker V03.00 + NoICE + sdld,  page 2.
Hexadecimal  [32-Bits]

Area                                    Addr        Size        Decimal Bytes (Attributes)
--------------------------------        ----        ----        ------- ----- ------------
INITIALIZED                         00000001    00000006 =           6. bytes (REL,CON)

      Value  Global                              Global Defined In Module
      -----  --------------------------------   ------------------------
ASxxxx Linker V03.00 + NoICE + sdld,  page 3.
Hexadecimal  [32-Bits]

Area                                    Addr        Size        Decimal Bytes (Attributes)
--------------------------------        ----        ----        ------- ----- ------------
SSEG                                00000007    00000001 =           1. bytes (REL,CON)

      Value  Global                              Global Defined In Module
      -----  --------------------------------   ------------------------
ASxxxx Linker V03.00 + NoICE + sdld,  page 4.
Hexadecimal  [32-Bits]

Area                                    Addr        Size        Decimal Bytes (Attributes)
--------------------------------        ----        ----        ------- ----- ------------
HOME                                00008000    00000007 =           7. bytes (REL,CON)

      Value  Global                              Global Defined In Module
      -----  --------------------------------   ------------------------
ASxxxx Linker V03.00 + NoICE + sdld,  page 5.
Hexadecimal  [32-Bits]

Area                                    Addr        Size        Decimal Bytes (Attributes)
--------------------------------        ----        ----        ------- ----- ------------
GSINIT                              00008007    0000001A =          26. bytes (REL,CON)

      Value  Global                              Global Defined In Module
      -----  --------------------------------   ------------------------
ASxxxx Linker V03.00 + NoICE + sdld,  page 6.
Hexadecimal  [32-Bits]

Area                                    Addr        Size        Decimal Bytes (Attributes)
--------------------------------        ----        ----        ------- ----- ------------
GSFINAL                             00008021    00000003 =           3. bytes (REL,CON)

      Value  Global                              Global Defined In Module
      -----  --------------------------------   ------------------------
ASxxxx Linker V03.00 + NoICE + sdld,  page 7.
Hexadecimal  [32-Bits]

Area                                    Addr        Size        Decimal Bytes (Attributes)
--------------------------------        ----        ----        ------- ----- ------------
CONST                               00008024    00000030 =          48. bytes (REL,CON)

      Value  Global                              Global Defined In Module
      -----  --------------------------------   ------------------------
ASxxxx Linker V03.00 + NoICE + sdld,  page 8.
Hexadecimal  [32-Bits]

Area                                    Addr        Size        Decimal Bytes (Attributes)
--------------------------------        ----        ----        ------- ----- ------------
INITIALIZER                         00008054    00000006 =           6. bytes (REL,CON)

      Value  Global                              Global Defined In Module
      -----  --------------------------------   ------------------------
ASxxxx Linker V03.00 + NoICE + sdld,  page 9.
Hexadecimal  [32-Bits]

Area                                    Addr        Size        Decimal Bytes (Attributes)
--------------------------------        ----        ----        ------- ----- ------------
CODE                                0000805A    000006DB =        1755. bytes (REL,CON)

      Value  Global                              Global Defined In Module
      -----  --------------------------------   ------------------------
     0000805A  _main                              main
     000080A5  _init_ADC                          stm8_ADC
     00008111  _start_ADC                         stm8_ADC
     00008116  _isReady_ADC                       stm8_ADC
     00008120  _getValue_ADC                      stm8_ADC
     0000813A  _pinMode                           stm8_GPIO
     000081C8  _writePin                          stm8_GPIO
     000081F1  _togglePin                         stm8_GPIO
     00008210  _readPin                           stm8_GPIO
     0000823F  _init_I2C                          stm8_I2C
     00008258  _stop_I2C                          stm8_I2C
     0000825D  _start_I2C                         stm8_I2C
     00008275  _writeAddr_I2C                     stm8_I2C
     000082A6  _writeByte_I2C                     stm8_I2C
     000082CB  _ping_I2C                          stm8_I2C
     000082EA  _writeReg                          stm8_I2C
     00008321  _init_PWM                          stm8_PWM
     0000838D  _startChannel_PWM                  stm8_PWM
     000083C1  _stopChannel_PWM                   stm8_PWM
     000083DD  _write_PWM                         stm8_PWM
     0000840D  _writePercent_PWM                  stm8_PWM
     00008456  _tick_TIME                         stm8_TIME
     0000846A  _init_TIME                         stm8_TIME
     0000848A  _get_ms                            stm8_TIME
     00008494  _get_mcs                           stm8_TIME
     000084D2  _delay                             stm8_TIME
     00008506  _init_UART                         stm8_UART
     00008559  _sendByte_UART                     stm8_UART
     00008569  _sendString_UART                   stm8_UART
     00008576  _sendLine_UART                     stm8_UART
     00008580  _sendInt_UART                      stm8_UART
     000085E5  _available_UART                    stm8_UART
     000085EF  _read_UART                         stm8_UART
     000085F3  _sendHex_UART                      stm8_UART
     00008660  __divulong                         _divulong
     000086B9  __mullong                          
ASxxxx Linker V03.00 + NoICE + sdld,  page 10.

Files Linked                              [ module(s) ]

build/main.rel                            [ main ]
build/stm8_ADC.rel                        [ stm8_ADC ]
build/stm8_GPIO.rel                       [ stm8_GPIO ]
build/stm8_I2C.rel                        [ stm8_I2C ]
build/stm8_PWM.rel                        [ stm8_PWM ]
build/stm8_TIME.rel                       [ stm8_TIME ]
build/stm8_UART.rel                       [ stm8_UART ]


Libraries Linked                          [ object file ]

/usr/bin/../share/sdcc/lib/stm8/stm8.lib  [ _divulong.rel ]
/usr/bin/../share/sdcc/lib/stm8/stm8.lib  [ _mullong.rel ]

ASxxxx Linker V03.00 + NoICE + sdld,  page 11.

User Base Address Definitions

HOME = 0x8000
DATA = 0x0001

