ASxxxx Linker V03.00 + NoICE + sdld,  page 1.
Hexadecimal  [32-Bits]

Area                                    Addr        Size        Decimal Bytes (Attributes)
--------------------------------        ----        ----        ------- ----- ------------
.  .ABS.                            00000000    00000000 =           0. bytes (ABS,CON)

      Value  Global                              Global Defined In Module
      -----  --------------------------------   ------------------------
     00000000  .__.ABS.                           
     00000000  l_CABS                          
     00000000  l_DABS                          
     00000000  l_DATA                          
     00000000  l__CODE                         
     00000000  s_CABS                          
     00000000  s_DABS                          
     00000000  s__CODE                         
     00000001  l_SSEG                          
     00000001  s_DATA                          
     00000001  s_INITIALIZED                   
     00000003  l_GSFINAL                       
     00000006  l_INITIALIZED                   
     00000006  l_INITIALIZER                   
     00000007  l_HOME                          
     00000007  s_SSEG                          
     0000001A  l_GSINIT                        
     0000002E  l_CONST                         
     000006A5  l_CODE                          
     00008000  s_HOME                          
     00008007  s_GSINIT                        
     00008021  s_GSFINAL                       
     00008024  s_CONST                         
     00008052  s_INITIALIZER                   
     00008058  s_CODE                          

ASxxxx Linker V03.00 + NoICE + sdld,  page 2.
Hexadecimal  [32-Bits]

Area                                    Addr        Size        Decimal Bytes (Attributes)
--------------------------------        ----        ----        ------- ----- ------------
INITIALIZED                         00000001    00000006 =           6. bytes (REL,CON)

      Value  Global                              Global Defined In Module
      -----  --------------------------------   ------------------------
ASxxxx Linker V03.00 + NoICE + sdld,  page 3.
Hexadecimal  [32-Bits]

Area                                    Addr        Size        Decimal Bytes (Attributes)
--------------------------------        ----        ----        ------- ----- ------------
SSEG                                00000007    00000001 =           1. bytes (REL,CON)

      Value  Global                              Global Defined In Module
      -----  --------------------------------   ------------------------
ASxxxx Linker V03.00 + NoICE + sdld,  page 4.
Hexadecimal  [32-Bits]

Area                                    Addr        Size        Decimal Bytes (Attributes)
--------------------------------        ----        ----        ------- ----- ------------
HOME                                00008000    00000007 =           7. bytes (REL,CON)

      Value  Global                              Global Defined In Module
      -----  --------------------------------   ------------------------
ASxxxx Linker V03.00 + NoICE + sdld,  page 5.
Hexadecimal  [32-Bits]

Area                                    Addr        Size        Decimal Bytes (Attributes)
--------------------------------        ----        ----        ------- ----- ------------
GSINIT                              00008007    0000001A =          26. bytes (REL,CON)

      Value  Global                              Global Defined In Module
      -----  --------------------------------   ------------------------
ASxxxx Linker V03.00 + NoICE + sdld,  page 6.
Hexadecimal  [32-Bits]

Area                                    Addr        Size        Decimal Bytes (Attributes)
--------------------------------        ----        ----        ------- ----- ------------
GSFINAL                             00008021    00000003 =           3. bytes (REL,CON)

      Value  Global                              Global Defined In Module
      -----  --------------------------------   ------------------------
ASxxxx Linker V03.00 + NoICE + sdld,  page 7.
Hexadecimal  [32-Bits]

Area                                    Addr        Size        Decimal Bytes (Attributes)
--------------------------------        ----        ----        ------- ----- ------------
CONST                               00008024    0000002E =          46. bytes (REL,CON)

      Value  Global                              Global Defined In Module
      -----  --------------------------------   ------------------------
ASxxxx Linker V03.00 + NoICE + sdld,  page 8.
Hexadecimal  [32-Bits]

Area                                    Addr        Size        Decimal Bytes (Attributes)
--------------------------------        ----        ----        ------- ----- ------------
INITIALIZER                         00008052    00000006 =           6. bytes (REL,CON)

      Value  Global                              Global Defined In Module
      -----  --------------------------------   ------------------------
ASxxxx Linker V03.00 + NoICE + sdld,  page 9.
Hexadecimal  [32-Bits]

Area                                    Addr        Size        Decimal Bytes (Attributes)
--------------------------------        ----        ----        ------- ----- ------------
CODE                                00008058    000006A5 =        1701. bytes (REL,CON)

      Value  Global                              Global Defined In Module
      -----  --------------------------------   ------------------------
     00008058  _main                              main
     000080A3  _init_ADC                          stm8_ADC
     0000810F  _start_ADC                         stm8_ADC
     00008114  _isReady_ADC                       stm8_ADC
     0000811E  _getValue_ADC                      stm8_ADC
     00008138  _pinMode                           stm8_GPIO
     000081C6  _writePin                          stm8_GPIO
     000081EF  _togglePin                         stm8_GPIO
     0000820E  _readPin                           stm8_GPIO
     0000823D  _init_I2C                          stm8_I2C
     00008256  _stop_I2C                          stm8_I2C
     0000825B  _start_I2C                         stm8_I2C
     00008273  _writeAddr_I2C                     stm8_I2C
     000082A4  _writeByte_I2C                     stm8_I2C
     000082C9  _ping_I2C                          stm8_I2C
     000082E8  _writeReg                          stm8_I2C
     0000831F  _init_PWM                          stm8_PWM
     0000838B  _startChannel_PWM                  stm8_PWM
     000083BF  _stopChannel_PWM                   stm8_PWM
     000083DB  _write_PWM                         stm8_PWM
     0000840B  _writePercent_PWM                  stm8_PWM
     00008454  _tick_TIME                         stm8_TIME
     00008468  _init_TIME                         stm8_TIME
     00008488  _get_ms                            stm8_TIME
     00008492  _get_mcs                           stm8_TIME
     000084D0  _delay                             stm8_TIME
     00008504  _init_UART                         stm8_UART
     00008557  _sendByte_UART                     stm8_UART
     00008567  _sendString_UART                   stm8_UART
     00008574  _sendLine_UART                     stm8_UART
     0000857E  _sendInt_UART                      stm8_UART
     000085E3  _available_UART                    stm8_UART
     000085ED  _read_UART                         stm8_UART
     000085F1  _sendHex_UART                      stm8_UART
     00008628  __divulong                         _divulong
     00008681  __mullong                          
ASxxxx Linker V03.00 + NoICE + sdld,  page 10.

Files Linked                              [ module(s) ]

build/main.rel                            [ main ]
build/stm8_ADC.rel                        [ stm8_ADC ]
build/stm8_GPIO.rel                       [ stm8_GPIO ]
build/stm8_I2C.rel                        [ stm8_I2C ]
build/stm8_PWM.rel                        [ stm8_PWM ]
build/stm8_TIME.rel                       [ stm8_TIME ]
build/stm8_UART.rel                       [ stm8_UART ]


Libraries Linked                          [ object file ]

/usr/bin/../share/sdcc/lib/stm8/stm8.lib  [ _divulong.rel ]
/usr/bin/../share/sdcc/lib/stm8/stm8.lib  [ _mullong.rel ]

ASxxxx Linker V03.00 + NoICE + sdld,  page 11.

User Base Address Definitions

HOME = 0x8000
DATA = 0x0001

