ASxxxx Linker V03.00 + NoICE + sdld,  page 1.
Hexadecimal  [32-Bits]

Area                                    Addr        Size        Decimal Bytes (Attributes)
--------------------------------        ----        ----        ------- ----- ------------
.  .ABS.                            00000000    00000000 =           0. bytes (ABS,CON)

      Value  Global                              Global Defined In Module
      -----  --------------------------------   ------------------------
     00000000  .__.ABS.                           
     00000000  l_CABS                          
     00000000  l_CONST                         
     00000000  l_DABS                          
     00000000  l_DATA                          
     00000000  l__CODE                         
     00000000  s_CABS                          
     00000000  s_DABS                          
     00000000  s__CODE                         
     00000001  l_SSEG                          
     00000001  s_DATA                          
     00000001  s_INITIALIZED                   
     00000003  l_GSFINAL                       
     00000006  l_INITIALIZED                   
     00000006  l_INITIALIZER                   
     00000007  s_SSEG                          
     0000001A  l_GSINIT                        
     0000006B  l_HOME                          
     000009FD  l_CODE                          
     00008000  s_HOME                          
     0000806B  s_GSINIT                        
     00008085  s_GSFINAL                       
     00008088  s_CONST                         
     00008088  s_INITIALIZER                   
     0000808E  s_CODE                          

ASxxxx Linker V03.00 + NoICE + sdld,  page 2.
Hexadecimal  [32-Bits]

Area                                    Addr        Size        Decimal Bytes (Attributes)
--------------------------------        ----        ----        ------- ----- ------------
INITIALIZED                         00000001    00000006 =           6. bytes (REL,CON)

      Value  Global                              Global Defined In Module
      -----  --------------------------------   ------------------------
ASxxxx Linker V03.00 + NoICE + sdld,  page 3.
Hexadecimal  [32-Bits]

Area                                    Addr        Size        Decimal Bytes (Attributes)
--------------------------------        ----        ----        ------- ----- ------------
SSEG                                00000007    00000001 =           1. bytes (REL,CON)

      Value  Global                              Global Defined In Module
      -----  --------------------------------   ------------------------
ASxxxx Linker V03.00 + NoICE + sdld,  page 4.
Hexadecimal  [32-Bits]

Area                                    Addr        Size        Decimal Bytes (Attributes)
--------------------------------        ----        ----        ------- ----- ------------
HOME                                00008000    0000006B =         107. bytes (REL,CON)

      Value  Global                              Global Defined In Module
      -----  --------------------------------   ------------------------
ASxxxx Linker V03.00 + NoICE + sdld,  page 5.
Hexadecimal  [32-Bits]

Area                                    Addr        Size        Decimal Bytes (Attributes)
--------------------------------        ----        ----        ------- ----- ------------
GSINIT                              0000806B    0000001A =          26. bytes (REL,CON)

      Value  Global                              Global Defined In Module
      -----  --------------------------------   ------------------------
ASxxxx Linker V03.00 + NoICE + sdld,  page 6.
Hexadecimal  [32-Bits]

Area                                    Addr        Size        Decimal Bytes (Attributes)
--------------------------------        ----        ----        ------- ----- ------------
GSFINAL                             00008085    00000003 =           3. bytes (REL,CON)

      Value  Global                              Global Defined In Module
      -----  --------------------------------   ------------------------
ASxxxx Linker V03.00 + NoICE + sdld,  page 7.
Hexadecimal  [32-Bits]

Area                                    Addr        Size        Decimal Bytes (Attributes)
--------------------------------        ----        ----        ------- ----- ------------
INITIALIZER                         00008088    00000006 =           6. bytes (REL,CON)

      Value  Global                              Global Defined In Module
      -----  --------------------------------   ------------------------
ASxxxx Linker V03.00 + NoICE + sdld,  page 8.
Hexadecimal  [32-Bits]

Area                                    Addr        Size        Decimal Bytes (Attributes)
--------------------------------        ----        ----        ------- ----- ------------
CODE                                0000808E    000009FD =        2557. bytes (REL,CON)

      Value  Global                              Global Defined In Module
      -----  --------------------------------   ------------------------
     0000808E  _TIM4_UPD_OVF_IRQHandler           main
     00008098  _main                              main
     000080DE  _init_ADC                          stm8_ADC
     0000814A  _start_ADC                         stm8_ADC
     0000814F  _isReady_ADC                       stm8_ADC
     00008159  _getValue_ADC                      stm8_ADC
     00008173  _init_BEEP                         stm8_BEEP
     000081AC  _beep                              stm8_BEEP
     000081BE  _pinMode                           stm8_GPIO
     0000824C  _writePin                          stm8_GPIO
     00008275  _togglePin                         stm8_GPIO
     00008294  _readPin                           stm8_GPIO
     000082C3  _init_I2C                          stm8_I2C
     000082DC  _stop_I2C                          stm8_I2C
     000082E1  _start_I2C                         stm8_I2C
     000082F9  _clearADDR_I2C                     stm8_I2C
     00008300  _setACK_I2C                        stm8_I2C
     00008312  _writeAddr_I2C                     stm8_I2C
     00008352  _writeByte_I2C                     stm8_I2C
     00008377  _ping_I2C                          stm8_I2C
     0000839B  _writeReg_I2C                      stm8_I2C
     000083D7  _readByte_I2C                      stm8_I2C
     0000841F  _readReg_I2C                       stm8_I2C
     0000848A  _readBuffer2_I2C                   stm8_I2C
     00008519  _readBuffer_I2C                    stm8_I2C
     00008634  _init_PWM                          stm8_PWM
     000086A0  _startChannel_PWM                  stm8_PWM
     000086D4  _stopChannel_PWM                   stm8_PWM
     000086F0  _write_PWM                         stm8_PWM
     00008720  _writePercent_PWM                  stm8_PWM
     00008769  _init_SPI                          stm8_SPI
     000087A1  _exchange_SPI                      stm8_SPI
     000087E7  _write_SPI                         stm8_SPI
     000087EA  _read_SPI                          stm8_SPI
     000087EF  _tick_TIME                         stm8_TIME
     00008803  _init_TIME                         stm8_TIME
     00008823  _get_ms                            stm8_TIME
     0000882D  _get_mcs                           stm8_TIME
     0000886B  _delay                             stm8_TIME
     0000889F  _init_UART                         stm8_UART
     000088D0  _write_UART                        stm8_UART
     000088E9  _print_UART                        stm8_UART
     000088FC  _printInt_UART                     stm8_UART
     0000895B  _line_UART                         stm8_UART
     0000897F  _printHex_UART                     stm8_UART
     000089A8  _isDataReceived_UART               stm8_UART
     000089B2  _getData_UART                      stm8_UART
     000089B6  __divulong                         _divulong
     00008A0F  __mullong                          

ASxxxx Linker V03.00 + NoICE + sdld,  page 9.

Files Linked                              [ module(s) ]

build/main.rel                            [ main ]
build/stm8_ADC.rel                        [ stm8_ADC ]
build/stm8_BEEP.rel                       [ stm8_BEEP ]
build/stm8_GPIO.rel                       [ stm8_GPIO ]
build/stm8_I2C.rel                        [ stm8_I2C ]
build/stm8_PWM.rel                        [ stm8_PWM ]
build/stm8_SPI.rel                        [ stm8_SPI ]
build/stm8_TIME.rel                       [ stm8_TIME ]
build/stm8_UART.rel                       [ stm8_UART ]


Libraries Linked                          [ object file ]

/usr/bin/../share/sdcc/lib/stm8/stm8.lib  [ _divulong.rel ]
/usr/bin/../share/sdcc/lib/stm8/stm8.lib  [ _mullong.rel ]

ASxxxx Linker V03.00 + NoICE + sdld,  page 10.

User Base Address Definitions

HOME = 0x8000
DATA = 0x0001

