                                      1 ;--------------------------------------------------------
                                      2 ; File Created by SDCC : free open source ANSI-C Compiler
                                      3 ; Version 4.2.0 #13081 (Linux)
                                      4 ;--------------------------------------------------------
                                      5 	.module main
                                      6 	.optsdcc -mstm8
                                      7 	
                                      8 ;--------------------------------------------------------
                                      9 ; Public variables in this module
                                     10 ;--------------------------------------------------------
                                     11 	.globl _main
                                     12 	.globl _TIM4_UPD_OVF_IRQHandler
                                     13 	.globl _delay
                                     14 	.globl _init_TIME
                                     15 	.globl _tick_TIME
                                     16 	.globl _write_SPI
                                     17 	.globl _init_SPI
                                     18 	.globl _writePin
                                     19 	.globl _pinMode
                                     20 ;--------------------------------------------------------
                                     21 ; ram data
                                     22 ;--------------------------------------------------------
                                     23 	.area DATA
                                     24 ;--------------------------------------------------------
                                     25 ; ram data
                                     26 ;--------------------------------------------------------
                                     27 	.area INITIALIZED
                                     28 ;--------------------------------------------------------
                                     29 ; Stack segment in internal ram
                                     30 ;--------------------------------------------------------
                                     31 	.area	SSEG
      000000                         32 __start__stack:
      000000                         33 	.ds	1
                                     34 
                                     35 ;--------------------------------------------------------
                                     36 ; absolute external ram data
                                     37 ;--------------------------------------------------------
                                     38 	.area DABS (ABS)
                                     39 
                                     40 ; default segment ordering for linker
                                     41 	.area HOME
                                     42 	.area GSINIT
                                     43 	.area GSFINAL
                                     44 	.area CONST
                                     45 	.area INITIALIZER
                                     46 	.area CODE
                                     47 
                                     48 ;--------------------------------------------------------
                                     49 ; interrupt vector
                                     50 ;--------------------------------------------------------
                                     51 	.area HOME
      000000                         52 __interrupt_vect:
      000000 82v00u00u00             53 	int s_GSINIT ; reset
      000004 82 00 00 00             54 	int 0x000000 ; trap
      000008 82 00 00 00             55 	int 0x000000 ; int0
      00000C 82 00 00 00             56 	int 0x000000 ; int1
      000010 82 00 00 00             57 	int 0x000000 ; int2
      000014 82 00 00 00             58 	int 0x000000 ; int3
      000018 82 00 00 00             59 	int 0x000000 ; int4
      00001C 82 00 00 00             60 	int 0x000000 ; int5
      000020 82 00 00 00             61 	int 0x000000 ; int6
      000024 82 00 00 00             62 	int 0x000000 ; int7
      000028 82 00 00 00             63 	int 0x000000 ; int8
      00002C 82 00 00 00             64 	int 0x000000 ; int9
      000030 82 00 00 00             65 	int 0x000000 ; int10
      000034 82 00 00 00             66 	int 0x000000 ; int11
      000038 82 00 00 00             67 	int 0x000000 ; int12
      00003C 82 00 00 00             68 	int 0x000000 ; int13
      000040 82 00 00 00             69 	int 0x000000 ; int14
      000044 82 00 00 00             70 	int 0x000000 ; int15
      000048 82 00 00 00             71 	int 0x000000 ; int16
      00004C 82 00 00 00             72 	int 0x000000 ; int17
      000050 82 00 00 00             73 	int 0x000000 ; int18
      000054 82 00 00 00             74 	int 0x000000 ; int19
      000058 82 00 00 00             75 	int 0x000000 ; int20
      00005C 82 00 00 00             76 	int 0x000000 ; int21
      000060 82 00 00 00             77 	int 0x000000 ; int22
      000064 82v00u00u00             78 	int _TIM4_UPD_OVF_IRQHandler ; int23
                                     79 ;--------------------------------------------------------
                                     80 ; global & static initialisations
                                     81 ;--------------------------------------------------------
                                     82 	.area HOME
                                     83 	.area GSINIT
                                     84 	.area GSFINAL
                                     85 	.area GSINIT
      000000                         86 __sdcc_init_data:
                                     87 ; stm8_genXINIT() start
      000000 AEr00r00         [ 2]   88 	ldw x, #l_DATA
      000003 27 07            [ 1]   89 	jreq	00002$
      000005                         90 00001$:
      000005 72 4FuFFuFF      [ 1]   91 	clr (s_DATA - 1, x)
      000009 5A               [ 2]   92 	decw x
      00000A 26 F9            [ 1]   93 	jrne	00001$
      00000C                         94 00002$:
      00000C AEr00r00         [ 2]   95 	ldw	x, #l_INITIALIZER
      00000F 27 09            [ 1]   96 	jreq	00004$
      000011                         97 00003$:
      000011 D6uFFuFF         [ 1]   98 	ld	a, (s_INITIALIZER - 1, x)
      000014 D7uFFuFF         [ 1]   99 	ld	(s_INITIALIZED - 1, x), a
      000017 5A               [ 2]  100 	decw	x
      000018 26 F7            [ 1]  101 	jrne	00003$
      00001A                        102 00004$:
                                    103 ; stm8_genXINIT() end
                                    104 	.area GSFINAL
      000000 CCr00r68         [ 2]  105 	jp	__sdcc_program_startup
                                    106 ;--------------------------------------------------------
                                    107 ; Home
                                    108 ;--------------------------------------------------------
                                    109 	.area HOME
                                    110 	.area HOME
      000068                        111 __sdcc_program_startup:
      000068 CCr00r0A         [ 2]  112 	jp	_main
                                    113 ;	return from main will return to caller
                                    114 ;--------------------------------------------------------
                                    115 ; code
                                    116 ;--------------------------------------------------------
                                    117 	.area CODE
                                    118 ;	main.c: 7: void TIM4_UPD_OVF_IRQHandler(void) __interrupt(IRQ_TIM4) {
                                    119 ;	-----------------------------------------
                                    120 ;	 function TIM4_UPD_OVF_IRQHandler
                                    121 ;	-----------------------------------------
      000000                        122 _TIM4_UPD_OVF_IRQHandler:
      000000 4F               [ 1]  123 	clr	a
      000001 62               [ 2]  124 	div	x, a
                                    125 ;	main.c: 8: TIM4_SR &= ~(1 << 0);
      000002 72 11 53 44      [ 1]  126 	bres	0x5344, #0
                                    127 ;	main.c: 9: tick_TIME();
      000006 CDr00r00         [ 4]  128 	call	_tick_TIME
                                    129 ;	main.c: 10: }
      000009 80               [11]  130 	iret
                                    131 ;	main.c: 12: int main(void)
                                    132 ;	-----------------------------------------
                                    133 ;	 function main
                                    134 ;	-----------------------------------------
      00000A                        135 _main:
      00000A 88               [ 1]  136 	push	a
                                    137 ;	main.c: 14: CLK_CKDIVR = 0;	//частота тактирования мк 16 МГц
      00000B 35 00 50 C6      [ 1]  138 	mov	0x50c6+0, #0x00
                                    139 ;	main.c: 16: init_TIME();
      00000F CDr00r00         [ 4]  140 	call	_init_TIME
                                    141 ;	main.c: 17: init_SPI(SPI_MODE0, SPI_DIV16, SPI_MSB, SPI_MST);
      000012 4B 04            [ 1]  142 	push	#0x04
      000014 4B 00            [ 1]  143 	push	#0x00
      000016 4B 18            [ 1]  144 	push	#0x18
      000018 4F               [ 1]  145 	clr	a
      000019 CDr00r00         [ 4]  146 	call	_init_SPI
                                    147 ;	main.c: 18: pinMode(PD, 2, OUTPUT);
      00001C 4B 00            [ 1]  148 	push	#0x00
      00001E A6 02            [ 1]  149 	ld	a, #0x02
      000020 AE 50 0F         [ 2]  150 	ldw	x, #0x500f
      000023 CDr00r00         [ 4]  151 	call	_pinMode
                                    152 ;	main.c: 20: while (1)
      000026 0F 01            [ 1]  153 	clr	(0x01, sp)
      000028                        154 00105$:
                                    155 ;	main.c: 24: write_SPI(i);
      000028 7B 01            [ 1]  156 	ld	a, (0x01, sp)
      00002A CDr00r00         [ 4]  157 	call	_write_SPI
                                    158 ;	main.c: 25: writePin(PD, 2, HIGH);
      00002D 4B 01            [ 1]  159 	push	#0x01
      00002F A6 02            [ 1]  160 	ld	a, #0x02
      000031 AE 50 0F         [ 2]  161 	ldw	x, #0x500f
      000034 CDr00r00         [ 4]  162 	call	_writePin
                                    163 ;	main.c: 26: writePin(PD, 2, LOW);
      000037 4B 00            [ 1]  164 	push	#0x00
      000039 A6 02            [ 1]  165 	ld	a, #0x02
      00003B AE 50 0F         [ 2]  166 	ldw	x, #0x500f
      00003E CDr00r00         [ 4]  167 	call	_writePin
                                    168 ;	main.c: 27: delay(50);
      000041 4B 32            [ 1]  169 	push	#0x32
      000043 5F               [ 1]  170 	clrw	x
      000044 89               [ 2]  171 	pushw	x
      000045 4B 00            [ 1]  172 	push	#0x00
      000047 CDr00r00         [ 4]  173 	call	_delay
                                    174 ;	main.c: 22: for (uint8_t i; i <= 255; i++)
      00004A 0C 01            [ 1]  175 	inc	(0x01, sp)
      00004C 20 DA            [ 2]  176 	jra	00105$
                                    177 ;	main.c: 30: }
      00004E 84               [ 1]  178 	pop	a
      00004F 81               [ 4]  179 	ret
                                    180 	.area CODE
                                    181 	.area CONST
                                    182 	.area INITIALIZER
                                    183 	.area CABS (ABS)
