ASxxxx Linker V03.00/V05.40 + sdld,  page 1.
Hexadecimal  [32-Bits]

Area                                    Addr        Size        Decimal Bytes (Attributes)
--------------------------------        ----        ----        ------- ----- ------------
.  .ABS.                            00000000    00000000 =           0. bytes (ABS,CON)

         Value  Global                             Global Defined In Module
         -----  --------------------------------   ------------------------
     00000000  .__.ABS.                           _startup
     00000000  l_CABS                          
     00000000  l_DABS                          
     00000000  l_DATA                          
     00000000  l__CODE                         
     00000000  s_CABS                          
     00000000  s_DABS                          
     00000000  s__CODE                         
     00000001  l_SSEG                          
     00000001  s_DATA                          
     00000001  s_INITIALIZED                   
     00000003  l_GSFINAL                       
     00000004  l_INITIALIZED                   
     00000004  l_INITIALIZER                   
     00000005  s_SSEG                          
     0000000C  l_CONST                         
     00000023  l_GSINIT                        
     0000006B  l_HOME                          
     000002A8  l_CODE                          
     00008000  s_HOME                          
     0000806B  s_GSINIT                        
     0000808E  s_GSFINAL                       
     00008091  s_CONST                         
     0000809D  s_INITIALIZER                   
     000080A1  s_CODE                          

ASxxxx Linker V03.00/V05.40 + sdld,  page 2.
Hexadecimal  [32-Bits]

Area                                    Addr        Size        Decimal Bytes (Attributes)
--------------------------------        ----        ----        ------- ----- ------------
INITIALIZED                         00000001    00000004 =           4. bytes (REL,CON)

         Value  Global                             Global Defined In Module
         -----  --------------------------------   ------------------------
ASxxxx Linker V03.00/V05.40 + sdld,  page 3.
Hexadecimal  [32-Bits]

Area                                    Addr        Size        Decimal Bytes (Attributes)
--------------------------------        ----        ----        ------- ----- ------------
SSEG                                00000005    00000001 =           1. bytes (REL,CON)

         Value  Global                             Global Defined In Module
         -----  --------------------------------   ------------------------
ASxxxx Linker V03.00/V05.40 + sdld,  page 4.
Hexadecimal  [32-Bits]

Area                                    Addr        Size        Decimal Bytes (Attributes)
--------------------------------        ----        ----        ------- ----- ------------
HOME                                00008000    0000006B =         107. bytes (REL,CON)

         Value  Global                             Global Defined In Module
         -----  --------------------------------   ------------------------
ASxxxx Linker V03.00/V05.40 + sdld,  page 5.
Hexadecimal  [32-Bits]

Area                                    Addr        Size        Decimal Bytes (Attributes)
--------------------------------        ----        ----        ------- ----- ------------
GSINIT                              0000806B    00000023 =          35. bytes (REL,CON)

         Value  Global                             Global Defined In Module
         -----  --------------------------------   ------------------------
ASxxxx Linker V03.00/V05.40 + sdld,  page 6.
Hexadecimal  [32-Bits]

Area                                    Addr        Size        Decimal Bytes (Attributes)
--------------------------------        ----        ----        ------- ----- ------------
GSFINAL                             0000808E    00000003 =           3. bytes (REL,CON)

         Value  Global                             Global Defined In Module
         -----  --------------------------------   ------------------------
ASxxxx Linker V03.00/V05.40 + sdld,  page 7.
Hexadecimal  [32-Bits]

Area                                    Addr        Size        Decimal Bytes (Attributes)
--------------------------------        ----        ----        ------- ----- ------------
CONST                               00008091    0000000C =          12. bytes (REL,CON)

         Value  Global                             Global Defined In Module
         -----  --------------------------------   ------------------------
ASxxxx Linker V03.00/V05.40 + sdld,  page 8.
Hexadecimal  [32-Bits]

Area                                    Addr        Size        Decimal Bytes (Attributes)
--------------------------------        ----        ----        ------- ----- ------------
INITIALIZER                         0000809D    00000004 =           4. bytes (REL,CON)

         Value  Global                             Global Defined In Module
         -----  --------------------------------   ------------------------
ASxxxx Linker V03.00/V05.40 + sdld,  page 9.
Hexadecimal  [32-Bits]

Area                                    Addr        Size        Decimal Bytes (Attributes)
--------------------------------        ----        ----        ------- ----- ------------
CODE                                000080A1    000002A8 =         680. bytes (REL,CON)

         Value  Global                             Global Defined In Module
         -----  --------------------------------   ------------------------
     000080A1  _TIM4_UPD_OVF_IRQHandler           main
     000080AB  _main                              main
     00008144  _tick_TIM4                         stm8_TIM4
     00008158  _init_TIM4                         stm8_TIM4
     0000817C  _millis                            stm8_TIM4
     00008186  _init_ADC                          stm8_ADC
     000081EF  _start_ADC                         stm8_ADC
     000081F4  _isReady_ADC                       stm8_ADC
     000081FE  _getValue_ADC                      stm8_ADC
     00008211  _init_UART                         stm8_UART
     00008260  _sendByte_UART                     stm8_UART
     00008270  _sendString_UART                   stm8_UART
     0000827D  _sendLine_UART                     stm8_UART
     00008287  _sendInt_UART                      stm8_UART
     000082EC  __divulong                         _divulong
     00008347  ___sdcc_external_startup           _startup

ASxxxx Linker V03.00/V05.40 + sdld,  page 10.

Files Linked                              [ module(s) ]

main.rel                                  [ main ]
stm8_TIM4.rel                             [ stm8_TIM4 ]
stm8_ADC.rel                              [ stm8_ADC ]
stm8_UART.rel                             [ stm8_UART ]


Libraries Linked                          [ object file ]

C:\Program Files\sdcc\bin\..\lib\stm8/stm8.lib
                                          [ _divulong.rel ]
C:\Program Files\sdcc\bin\..\lib\stm8/stm8.lib
                                          [ _startup.rel ]

ASxxxx Linker V03.00/V05.40 + sdld,  page 11.

User Base Address Definitions

HOME = 0x8000
DATA = 0x0001

