ASxxxx Linker V03.00 + NoICE + sdld,  page 1.
Hexadecimal  [32-Bits]

Area                                    Addr        Size        Decimal Bytes (Attributes)
--------------------------------        ----        ----        ------- ----- ------------
.  .ABS.                            00000000    00000000 =           0. bytes (ABS,CON)

      Value  Global                              Global Defined In Module
      -----  --------------------------------   ------------------------
     00000000  .__.ABS.                           
     00000000  l_CABS                          
     00000000  l_DABS                          
     00000000  l__CODE                         
     00000000  s_CABS                          
     00000000  s_DABS                          
     00000000  s__CODE                         
     00000001  l_SSEG                          
     00000001  s_DATA                          
     00000003  l_GSFINAL                       
     00000008  l_INITIALIZED                   
     00000008  l_INITIALIZER                   
     0000000B  l_DATA                          
     0000000C  s_INITIALIZED                   
     00000012  l_CONST                         
     00000014  s_SSEG                          
     0000001A  l_GSINIT                        
     0000006B  l_HOME                          
     00000B56  l_CODE                          
     00008000  s_HOME                          
     0000806B  s_GSINIT                        
     00008085  s_GSFINAL                       
     00008088  s_CONST                         
     0000809A  s_INITIALIZER                   
     000080A2  s_CODE                          

ASxxxx Linker V03.00 + NoICE + sdld,  page 2.
Hexadecimal  [32-Bits]

Area                                    Addr        Size        Decimal Bytes (Attributes)
--------------------------------        ----        ----        ------- ----- ------------
DATA                                00000001    0000000B =          11. bytes (REL,CON)

      Value  Global                              Global Defined In Module
      -----  --------------------------------   ------------------------
ASxxxx Linker V03.00 + NoICE + sdld,  page 3.
Hexadecimal  [32-Bits]

Area                                    Addr        Size        Decimal Bytes (Attributes)
--------------------------------        ----        ----        ------- ----- ------------
INITIALIZED                         0000000C    00000008 =           8. bytes (REL,CON)

      Value  Global                              Global Defined In Module
      -----  --------------------------------   ------------------------
ASxxxx Linker V03.00 + NoICE + sdld,  page 4.
Hexadecimal  [32-Bits]

Area                                    Addr        Size        Decimal Bytes (Attributes)
--------------------------------        ----        ----        ------- ----- ------------
SSEG                                00000014    00000001 =           1. bytes (REL,CON)

      Value  Global                              Global Defined In Module
      -----  --------------------------------   ------------------------
ASxxxx Linker V03.00 + NoICE + sdld,  page 5.
Hexadecimal  [32-Bits]

Area                                    Addr        Size        Decimal Bytes (Attributes)
--------------------------------        ----        ----        ------- ----- ------------
HOME                                00008000    0000006B =         107. bytes (REL,CON)

      Value  Global                              Global Defined In Module
      -----  --------------------------------   ------------------------
ASxxxx Linker V03.00 + NoICE + sdld,  page 6.
Hexadecimal  [32-Bits]

Area                                    Addr        Size        Decimal Bytes (Attributes)
--------------------------------        ----        ----        ------- ----- ------------
GSINIT                              0000806B    0000001A =          26. bytes (REL,CON)

      Value  Global                              Global Defined In Module
      -----  --------------------------------   ------------------------
ASxxxx Linker V03.00 + NoICE + sdld,  page 7.
Hexadecimal  [32-Bits]

Area                                    Addr        Size        Decimal Bytes (Attributes)
--------------------------------        ----        ----        ------- ----- ------------
GSFINAL                             00008085    00000003 =           3. bytes (REL,CON)

      Value  Global                              Global Defined In Module
      -----  --------------------------------   ------------------------
ASxxxx Linker V03.00 + NoICE + sdld,  page 8.
Hexadecimal  [32-Bits]

Area                                    Addr        Size        Decimal Bytes (Attributes)
--------------------------------        ----        ----        ------- ----- ------------
CONST                               00008088    00000012 =          18. bytes (REL,CON)

      Value  Global                              Global Defined In Module
      -----  --------------------------------   ------------------------
ASxxxx Linker V03.00 + NoICE + sdld,  page 9.
Hexadecimal  [32-Bits]

Area                                    Addr        Size        Decimal Bytes (Attributes)
--------------------------------        ----        ----        ------- ----- ------------
INITIALIZER                         0000809A    00000008 =           8. bytes (REL,CON)

      Value  Global                              Global Defined In Module
      -----  --------------------------------   ------------------------
ASxxxx Linker V03.00 + NoICE + sdld,  page 10.
Hexadecimal  [32-Bits]

Area                                    Addr        Size        Decimal Bytes (Attributes)
--------------------------------        ----        ----        ------- ----- ------------
CODE                                000080A2    00000B56 =        2902. bytes (REL,CON)

      Value  Global                              Global Defined In Module
      -----  --------------------------------   ------------------------
     000080A2  _TIM4_UPD_OVF_IRQHandler           main
     000080AF  _main                              main
     000080F6  _clear_display                     stm8_7SEG595_display
     0000810A  _init_display                      stm8_7SEG595_display
     00008140  _setDigit                          stm8_7SEG595_display
     00008161  _refresh_display                   stm8_7SEG595_display
     0000819E  _printNumber                       stm8_7SEG595_display
     000081E3  _init_ADC                          stm8_ADC
     0000824F  _start_ADC                         stm8_ADC
     00008254  _isReady_ADC                       stm8_ADC
     0000825E  _getValue_ADC                      stm8_ADC
     00008278  _init_BEEP                         stm8_BEEP
     000082B1  _beep                              stm8_BEEP
     000082C3  _pinMode                           stm8_GPIO
     00008351  _writePin                          stm8_GPIO
     0000837A  _togglePin                         stm8_GPIO
     00008399  _readPin                           stm8_GPIO
     000083C8  _init_I2C                          stm8_I2C
     000083E1  _stop_I2C                          stm8_I2C
     000083E6  _start_I2C                         stm8_I2C
     000083FE  _clearADDR_I2C                     stm8_I2C
     00008405  _setACK_I2C                        stm8_I2C
     00008417  _writeAddr_I2C                     stm8_I2C
     00008457  _writeByte_I2C                     stm8_I2C
     0000847C  _ping_I2C                          stm8_I2C
     000084A0  _writeReg_I2C                      stm8_I2C
     000084DC  _readByte_I2C                      stm8_I2C
     00008524  _readReg_I2C                       stm8_I2C
     0000858F  _readBuffer2_I2C                   stm8_I2C
     0000861E  _readBuffer_I2C                    stm8_I2C
     00008739  _init_PWM                          stm8_PWM
     000087A5  _startChannel_PWM                  stm8_PWM
     000087D9  _stopChannel_PWM                   stm8_PWM
     000087F5  _write_PWM                         stm8_PWM
     00008825  _writePercent_PWM                  stm8_PWM
     0000886E  _init_SPI                          stm8_SPI
     000088A6  _exchange_SPI                      stm8_SPI
     000088EC  _write_SPI                         stm8_SPI
     000088EF  _read_SPI                          stm8_SPI
     000088F4  _tick_TIME                         stm8_TIME
     00008908  _init_TIME                         stm8_TIME
     00008928  _get_ms                            stm8_TIME
     00008932  _get_mcs                           stm8_TIME
     00008970  _delay                             stm8_TIME
     000089A4  _init_UART                         stm8_UART
     000089D5  _write_UART                        stm8_UART
     000089EE  _print_UART                        stm8_UART
     00008A01  _printInt_UART                     stm8_UART
     00008A60  _line_UART                         stm8_UART
     00008A84  _printHex_UART                     stm8_UART
ASxxxx Linker V03.00 + NoICE + sdld,  page 11.
Hexadecimal  [32-Bits]

Area                                    Addr        Size        Decimal Bytes (Attributes)
--------------------------------        ----        ----        ------- ----- ------------
CODE                                000080A2    00000B56 =        2902. bytes (REL,CON)

      Value  Global                              Global Defined In Module
      -----  --------------------------------   ------------------------
     00008AAD  _isDataReceived_UART               stm8_UART
     00008AB7  _getData_UART                      stm8_UART
     00008ABB  __modulong                         _modulong
     00008B23  __divulong                         _divulong
     00008B7C  __mullong                          

ASxxxx Linker V03.00 + NoICE + sdld,  page 12.

Files Linked                              [ module(s) ]

build/main.rel                            [ main ]
build/stm8_7SEG595_display.rel            [ stm8_7SEG595_display ]
build/stm8_ADC.rel                        [ stm8_ADC ]
build/stm8_BEEP.rel                       [ stm8_BEEP ]
build/stm8_GPIO.rel                       [ stm8_GPIO ]
build/stm8_I2C.rel                        [ stm8_I2C ]
build/stm8_PWM.rel                        [ stm8_PWM ]
build/stm8_SPI.rel                        [ stm8_SPI ]
build/stm8_TIME.rel                       [ stm8_TIME ]
build/stm8_UART.rel                       [ stm8_UART ]


Libraries Linked                          [ object file ]

/usr/bin/../share/sdcc/lib/stm8/stm8.lib  [ _modulong.rel ]
/usr/bin/../share/sdcc/lib/stm8/stm8.lib  [ _divulong.rel ]
/usr/bin/../share/sdcc/lib/stm8/stm8.lib  [ _mullong.rel ]

ASxxxx Linker V03.00 + NoICE + sdld,  page 13.

User Base Address Definitions

HOME = 0x8000
DATA = 0x0001

