ASxxxx Linker V03.00 + NoICE + sdld,  page 1.
Hexadecimal  [32-Bits]

Area                                    Addr        Size        Decimal Bytes (Attributes)
--------------------------------        ----        ----        ------- ----- ------------
.  .ABS.                            00000000    00000000 =           0. bytes (ABS,CON)

      Value  Global                              Global Defined In Module
      -----  --------------------------------   ------------------------
     00000000  .__.ABS.                           
     00000000  l_CABS                          
     00000000  l_DABS                          
     00000000  l__CODE                         
     00000000  s_CABS                          
     00000000  s_DABS                          
     00000000  s__CODE                         
     00000001  l_SSEG                          
     00000001  s_DATA                          
     00000003  l_GSFINAL                       
     0000000B  l_DATA                          
     0000000C  s_INITIALIZED                   
     00000012  l_CONST                         
     0000001A  l_GSINIT                        
     0000001B  l_INITIALIZED                   
     0000001B  l_INITIALIZER                   
     00000027  s_SSEG                          
     0000006B  l_HOME                          
     00000B8F  l_CODE                          
     00008000  s_HOME                          
     0000806B  s_GSINIT                        
     00008085  s_GSFINAL                       
     00008088  s_CONST                         
     0000809A  s_INITIALIZER                   
     000080B5  s_CODE                          

ASxxxx Linker V03.00 + NoICE + sdld,  page 2.
Hexadecimal  [32-Bits]

Area                                    Addr        Size        Decimal Bytes (Attributes)
--------------------------------        ----        ----        ------- ----- ------------
DATA                                00000001    0000000B =          11. bytes (REL,CON)

      Value  Global                              Global Defined In Module
      -----  --------------------------------   ------------------------
ASxxxx Linker V03.00 + NoICE + sdld,  page 3.
Hexadecimal  [32-Bits]

Area                                    Addr        Size        Decimal Bytes (Attributes)
--------------------------------        ----        ----        ------- ----- ------------
INITIALIZED                         0000000C    0000001B =          27. bytes (REL,CON)

      Value  Global                              Global Defined In Module
      -----  --------------------------------   ------------------------
     0000000C  _timBut1                           main
     00000010  _timBut2                           main
     00000014  _timBut3                           main
     00000018  _timer                             main
     0000001C  _butFlg1                           main
     0000001D  _butFlg2                           main
     0000001E  _butFlg3                           main

ASxxxx Linker V03.00 + NoICE + sdld,  page 4.
Hexadecimal  [32-Bits]

Area                                    Addr        Size        Decimal Bytes (Attributes)
--------------------------------        ----        ----        ------- ----- ------------
SSEG                                00000027    00000001 =           1. bytes (REL,CON)

      Value  Global                              Global Defined In Module
      -----  --------------------------------   ------------------------
ASxxxx Linker V03.00 + NoICE + sdld,  page 5.
Hexadecimal  [32-Bits]

Area                                    Addr        Size        Decimal Bytes (Attributes)
--------------------------------        ----        ----        ------- ----- ------------
HOME                                00008000    0000006B =         107. bytes (REL,CON)

      Value  Global                              Global Defined In Module
      -----  --------------------------------   ------------------------
ASxxxx Linker V03.00 + NoICE + sdld,  page 6.
Hexadecimal  [32-Bits]

Area                                    Addr        Size        Decimal Bytes (Attributes)
--------------------------------        ----        ----        ------- ----- ------------
GSINIT                              0000806B    0000001A =          26. bytes (REL,CON)

      Value  Global                              Global Defined In Module
      -----  --------------------------------   ------------------------
ASxxxx Linker V03.00 + NoICE + sdld,  page 7.
Hexadecimal  [32-Bits]

Area                                    Addr        Size        Decimal Bytes (Attributes)
--------------------------------        ----        ----        ------- ----- ------------
GSFINAL                             00008085    00000003 =           3. bytes (REL,CON)

      Value  Global                              Global Defined In Module
      -----  --------------------------------   ------------------------
ASxxxx Linker V03.00 + NoICE + sdld,  page 8.
Hexadecimal  [32-Bits]

Area                                    Addr        Size        Decimal Bytes (Attributes)
--------------------------------        ----        ----        ------- ----- ------------
CONST                               00008088    00000012 =          18. bytes (REL,CON)

      Value  Global                              Global Defined In Module
      -----  --------------------------------   ------------------------
ASxxxx Linker V03.00 + NoICE + sdld,  page 9.
Hexadecimal  [32-Bits]

Area                                    Addr        Size        Decimal Bytes (Attributes)
--------------------------------        ----        ----        ------- ----- ------------
INITIALIZER                         0000809A    0000001B =          27. bytes (REL,CON)

      Value  Global                              Global Defined In Module
      -----  --------------------------------   ------------------------
ASxxxx Linker V03.00 + NoICE + sdld,  page 10.
Hexadecimal  [32-Bits]

Area                                    Addr        Size        Decimal Bytes (Attributes)
--------------------------------        ----        ----        ------- ----- ------------
CODE                                000080B5    00000B8F =        2959. bytes (REL,CON)

      Value  Global                              Global Defined In Module
      -----  --------------------------------   ------------------------
     000080B5  _TIM4_UPD_OVF_IRQHandler           main
     000080BF  _main                              main
     00008142  _clear_display                     stm8_7SEG595_display
     00008156  _init_display                      stm8_7SEG595_display
     0000818C  _setDigit                          stm8_7SEG595_display
     000081AD  _refresh_display                   stm8_7SEG595_display
     000081EA  _printNumber                       stm8_7SEG595_display
     0000822F  _init_ADC                          stm8_ADC
     0000829B  _start_ADC                         stm8_ADC
     000082A0  _isReady_ADC                       stm8_ADC
     000082AA  _getValue_ADC                      stm8_ADC
     000082C4  _init_BEEP                         stm8_BEEP
     000082FD  _beep                              stm8_BEEP
     0000830F  _pinMode                           stm8_GPIO
     0000839D  _writePin                          stm8_GPIO
     000083C6  _togglePin                         stm8_GPIO
     000083E5  _readPin                           stm8_GPIO
     00008414  _init_I2C                          stm8_I2C
     0000842D  _stop_I2C                          stm8_I2C
     00008432  _start_I2C                         stm8_I2C
     0000844A  _clearADDR_I2C                     stm8_I2C
     00008451  _setACK_I2C                        stm8_I2C
     00008463  _writeAddr_I2C                     stm8_I2C
     000084A3  _writeByte_I2C                     stm8_I2C
     000084C8  _ping_I2C                          stm8_I2C
     000084EC  _writeReg_I2C                      stm8_I2C
     00008528  _readByte_I2C                      stm8_I2C
     00008570  _readReg_I2C                       stm8_I2C
     000085DB  _readBuffer2_I2C                   stm8_I2C
     0000866A  _readBuffer_I2C                    stm8_I2C
     00008785  _init_PWM                          stm8_PWM
     000087F1  _startChannel_PWM                  stm8_PWM
     00008825  _stopChannel_PWM                   stm8_PWM
     00008841  _write_PWM                         stm8_PWM
     00008871  _writePercent_PWM                  stm8_PWM
     000088BA  _init_SPI                          stm8_SPI
     000088F2  _exchange_SPI                      stm8_SPI
     00008938  _write_SPI                         stm8_SPI
     0000893B  _read_SPI                          stm8_SPI
     00008940  _tick_TIME                         stm8_TIME
     00008954  _init_TIME                         stm8_TIME
     00008974  _get_ms                            stm8_TIME
     0000897E  _get_mcs                           stm8_TIME
     000089BC  _delay                             stm8_TIME
     000089F0  _init_UART                         stm8_UART
     00008A21  _write_UART                        stm8_UART
     00008A3A  _print_UART                        stm8_UART
     00008A4D  _printInt_UART                     stm8_UART
     00008AAC  _line_UART                         stm8_UART
     00008AD0  _printHex_UART                     stm8_UART
ASxxxx Linker V03.00 + NoICE + sdld,  page 11.
Hexadecimal  [32-Bits]

Area                                    Addr        Size        Decimal Bytes (Attributes)
--------------------------------        ----        ----        ------- ----- ------------
CODE                                000080B5    00000B8F =        2959. bytes (REL,CON)

      Value  Global                              Global Defined In Module
      -----  --------------------------------   ------------------------
     00008AF9  _isDataReceived_UART               stm8_UART
     00008B03  _getData_UART                      stm8_UART
     00008B07  __modulong                         _modulong
     00008B6F  __divulong                         _divulong
     00008BC8  __mullong                          

ASxxxx Linker V03.00 + NoICE + sdld,  page 12.

Files Linked                              [ module(s) ]

build/main.rel                            [ main ]
build/stm8_7SEG595_display.rel            [ stm8_7SEG595_display ]
build/stm8_ADC.rel                        [ stm8_ADC ]
build/stm8_BEEP.rel                       [ stm8_BEEP ]
build/stm8_GPIO.rel                       [ stm8_GPIO ]
build/stm8_I2C.rel                        [ stm8_I2C ]
build/stm8_PWM.rel                        [ stm8_PWM ]
build/stm8_SPI.rel                        [ stm8_SPI ]
build/stm8_TIME.rel                       [ stm8_TIME ]
build/stm8_UART.rel                       [ stm8_UART ]


Libraries Linked                          [ object file ]

/usr/bin/../share/sdcc/lib/stm8/stm8.lib  [ _modulong.rel ]
/usr/bin/../share/sdcc/lib/stm8/stm8.lib  [ _divulong.rel ]
/usr/bin/../share/sdcc/lib/stm8/stm8.lib  [ _mullong.rel ]

ASxxxx Linker V03.00 + NoICE + sdld,  page 13.

User Base Address Definitions

HOME = 0x8000
DATA = 0x0001

