                                      1 ;--------------------------------------------------------
                                      2 ; File Created by SDCC : free open source ANSI-C Compiler
                                      3 ; Version 4.2.0 #13081 (Linux)
                                      4 ;--------------------------------------------------------
                                      5 	.module main
                                      6 	.optsdcc -mstm8
                                      7 	
                                      8 ;--------------------------------------------------------
                                      9 ; Public variables in this module
                                     10 ;--------------------------------------------------------
                                     11 	.globl _main
                                     12 	.globl _TIM4_UPD_OVF_IRQHandler
                                     13 	.globl _readPin
                                     14 	.globl _writePin
                                     15 	.globl _pinMode
                                     16 	.globl _get_ms
                                     17 	.globl _init_TIME
                                     18 	.globl _tick_TIME
                                     19 	.globl _butFlg3
                                     20 	.globl _butFlg2
                                     21 	.globl _butFlg1
                                     22 	.globl _timer
                                     23 	.globl _timBut3
                                     24 	.globl _timBut2
                                     25 	.globl _timBut1
                                     26 ;--------------------------------------------------------
                                     27 ; ram data
                                     28 ;--------------------------------------------------------
                                     29 	.area DATA
                                     30 ;--------------------------------------------------------
                                     31 ; ram data
                                     32 ;--------------------------------------------------------
                                     33 	.area INITIALIZED
      000000                         34 _timBut1::
      000000                         35 	.ds 4
      000004                         36 _timBut2::
      000004                         37 	.ds 4
      000008                         38 _timBut3::
      000008                         39 	.ds 4
      00000C                         40 _timer::
      00000C                         41 	.ds 4
      000010                         42 _butFlg1::
      000010                         43 	.ds 1
      000011                         44 _butFlg2::
      000011                         45 	.ds 1
      000012                         46 _butFlg3::
      000012                         47 	.ds 1
                                     48 ;--------------------------------------------------------
                                     49 ; Stack segment in internal ram
                                     50 ;--------------------------------------------------------
                                     51 	.area	SSEG
      000000                         52 __start__stack:
      000000                         53 	.ds	1
                                     54 
                                     55 ;--------------------------------------------------------
                                     56 ; absolute external ram data
                                     57 ;--------------------------------------------------------
                                     58 	.area DABS (ABS)
                                     59 
                                     60 ; default segment ordering for linker
                                     61 	.area HOME
                                     62 	.area GSINIT
                                     63 	.area GSFINAL
                                     64 	.area CONST
                                     65 	.area INITIALIZER
                                     66 	.area CODE
                                     67 
                                     68 ;--------------------------------------------------------
                                     69 ; interrupt vector
                                     70 ;--------------------------------------------------------
                                     71 	.area HOME
      000000                         72 __interrupt_vect:
      000000 82v00u00u00             73 	int s_GSINIT ; reset
      000004 82 00 00 00             74 	int 0x000000 ; trap
      000008 82 00 00 00             75 	int 0x000000 ; int0
      00000C 82 00 00 00             76 	int 0x000000 ; int1
      000010 82 00 00 00             77 	int 0x000000 ; int2
      000014 82 00 00 00             78 	int 0x000000 ; int3
      000018 82 00 00 00             79 	int 0x000000 ; int4
      00001C 82 00 00 00             80 	int 0x000000 ; int5
      000020 82 00 00 00             81 	int 0x000000 ; int6
      000024 82 00 00 00             82 	int 0x000000 ; int7
      000028 82 00 00 00             83 	int 0x000000 ; int8
      00002C 82 00 00 00             84 	int 0x000000 ; int9
      000030 82 00 00 00             85 	int 0x000000 ; int10
      000034 82 00 00 00             86 	int 0x000000 ; int11
      000038 82 00 00 00             87 	int 0x000000 ; int12
      00003C 82 00 00 00             88 	int 0x000000 ; int13
      000040 82 00 00 00             89 	int 0x000000 ; int14
      000044 82 00 00 00             90 	int 0x000000 ; int15
      000048 82 00 00 00             91 	int 0x000000 ; int16
      00004C 82 00 00 00             92 	int 0x000000 ; int17
      000050 82 00 00 00             93 	int 0x000000 ; int18
      000054 82 00 00 00             94 	int 0x000000 ; int19
      000058 82 00 00 00             95 	int 0x000000 ; int20
      00005C 82 00 00 00             96 	int 0x000000 ; int21
      000060 82 00 00 00             97 	int 0x000000 ; int22
      000064 82v00u00u00             98 	int _TIM4_UPD_OVF_IRQHandler ; int23
                                     99 ;--------------------------------------------------------
                                    100 ; global & static initialisations
                                    101 ;--------------------------------------------------------
                                    102 	.area HOME
                                    103 	.area GSINIT
                                    104 	.area GSFINAL
                                    105 	.area GSINIT
      000000                        106 __sdcc_init_data:
                                    107 ; stm8_genXINIT() start
      000000 AEr00r00         [ 2]  108 	ldw x, #l_DATA
      000003 27 07            [ 1]  109 	jreq	00002$
      000005                        110 00001$:
      000005 72 4FuFFuFF      [ 1]  111 	clr (s_DATA - 1, x)
      000009 5A               [ 2]  112 	decw x
      00000A 26 F9            [ 1]  113 	jrne	00001$
      00000C                        114 00002$:
      00000C AEr00r00         [ 2]  115 	ldw	x, #l_INITIALIZER
      00000F 27 09            [ 1]  116 	jreq	00004$
      000011                        117 00003$:
      000011 D6uFFuFF         [ 1]  118 	ld	a, (s_INITIALIZER - 1, x)
      000014 D7uFFuFF         [ 1]  119 	ld	(s_INITIALIZED - 1, x), a
      000017 5A               [ 2]  120 	decw	x
      000018 26 F7            [ 1]  121 	jrne	00003$
      00001A                        122 00004$:
                                    123 ; stm8_genXINIT() end
                                    124 	.area GSFINAL
      000000 CCr00r68         [ 2]  125 	jp	__sdcc_program_startup
                                    126 ;--------------------------------------------------------
                                    127 ; Home
                                    128 ;--------------------------------------------------------
                                    129 	.area HOME
                                    130 	.area HOME
      000068                        131 __sdcc_program_startup:
      000068 CCr00r0A         [ 2]  132 	jp	_main
                                    133 ;	return from main will return to caller
                                    134 ;--------------------------------------------------------
                                    135 ; code
                                    136 ;--------------------------------------------------------
                                    137 	.area CODE
                                    138 ;	main.c: 15: void TIM4_UPD_OVF_IRQHandler(void) __interrupt(IRQ_TIM4) {
                                    139 ;	-----------------------------------------
                                    140 ;	 function TIM4_UPD_OVF_IRQHandler
                                    141 ;	-----------------------------------------
      000000                        142 _TIM4_UPD_OVF_IRQHandler:
      000000 4F               [ 1]  143 	clr	a
      000001 62               [ 2]  144 	div	x, a
                                    145 ;	main.c: 16: TIM4_SR &= ~(1 << 0);
      000002 72 11 53 44      [ 1]  146 	bres	0x5344, #0
                                    147 ;	main.c: 17: tick_TIME();
      000006 CDr00r00         [ 4]  148 	call	_tick_TIME
                                    149 ;	main.c: 18: }
      000009 80               [11]  150 	iret
                                    151 ;	main.c: 20: int main(void)
                                    152 ;	-----------------------------------------
                                    153 ;	 function main
                                    154 ;	-----------------------------------------
      00000A                        155 _main:
                                    156 ;	main.c: 22: CLK_CKDIVR = 0;	//частота тактирования мк 16 МГц
      00000A 35 00 50 C6      [ 1]  157 	mov	0x50c6+0, #0x00
                                    158 ;	main.c: 23: init_TIME();
      00000E CDr00r00         [ 4]  159 	call	_init_TIME
                                    160 ;	main.c: 25: pinMode(PA, 1, INPUT_PULLUP);
      000011 4B 03            [ 1]  161 	push	#0x03
      000013 A6 01            [ 1]  162 	ld	a, #0x01
      000015 AE 50 00         [ 2]  163 	ldw	x, #0x5000
      000018 CDr00r00         [ 4]  164 	call	_pinMode
                                    165 ;	main.c: 26: pinMode(PA, 2, INPUT_PULLUP);
      00001B 4B 03            [ 1]  166 	push	#0x03
      00001D A6 02            [ 1]  167 	ld	a, #0x02
      00001F AE 50 00         [ 2]  168 	ldw	x, #0x5000
      000022 CDr00r00         [ 4]  169 	call	_pinMode
                                    170 ;	main.c: 27: pinMode(PA, 3, INPUT_PULLUP);
      000025 4B 03            [ 1]  171 	push	#0x03
      000027 A6 03            [ 1]  172 	ld	a, #0x03
      000029 AE 50 00         [ 2]  173 	ldw	x, #0x5000
      00002C CDr00r00         [ 4]  174 	call	_pinMode
                                    175 ;	main.c: 28: pinMode(PD, 3, OUTPUT);
      00002F 4B 00            [ 1]  176 	push	#0x00
      000031 A6 03            [ 1]  177 	ld	a, #0x03
      000033 AE 50 0F         [ 2]  178 	ldw	x, #0x500f
      000036 CDr00r00         [ 4]  179 	call	_pinMode
                                    180 ;	main.c: 30: while (1)
      000039                        181 00108$:
                                    182 ;	main.c: 32: if (readPin(PA, 1) == 0 && butFlg1 == 0)
      000039 A6 01            [ 1]  183 	ld	a, #0x01
      00003B AE 50 00         [ 2]  184 	ldw	x, #0x5000
      00003E CDr00r00         [ 4]  185 	call	_readPin
      000041 4D               [ 1]  186 	tnz	a
      000042 26 1D            [ 1]  187 	jrne	00102$
      000044 C6u00u10         [ 1]  188 	ld	a, _butFlg1+0
      000047 26 18            [ 1]  189 	jrne	00102$
                                    190 ;	main.c: 34: butFlg1 = 1;
      000049 35 01u00u10      [ 1]  191 	mov	_butFlg1+0, #0x01
                                    192 ;	main.c: 35: timBut1 = get_ms();
      00004D CDr00r00         [ 4]  193 	call	_get_ms
      000050 CFu00u02         [ 2]  194 	ldw	_timBut1+2, x
      000053 90 CFu00u00      [ 2]  195 	ldw	_timBut1+0, y
                                    196 ;	main.c: 36: writePin(PD, 3, HIGH);
      000057 4B 01            [ 1]  197 	push	#0x01
      000059 A6 03            [ 1]  198 	ld	a, #0x03
      00005B AE 50 0F         [ 2]  199 	ldw	x, #0x500f
      00005E CDr00r00         [ 4]  200 	call	_writePin
      000061                        201 00102$:
                                    202 ;	main.c: 38: if (readPin(PA, 1) == 1 && butFlg1 == 1)
      000061 A6 01            [ 1]  203 	ld	a, #0x01
      000063 AE 50 00         [ 2]  204 	ldw	x, #0x5000
      000066 CDr00r00         [ 4]  205 	call	_readPin
      000069 4A               [ 1]  206 	dec	a
      00006A 26 CD            [ 1]  207 	jrne	00108$
      00006C C6u00u10         [ 1]  208 	ld	a, _butFlg1+0
      00006F 4A               [ 1]  209 	dec	a
      000070 26 C7            [ 1]  210 	jrne	00108$
                                    211 ;	main.c: 40: butFlg1 = 0;
      000072 72 5Fu00u10      [ 1]  212 	clr	_butFlg1+0
                                    213 ;	main.c: 41: timBut1 = get_ms();
      000076 CDr00r00         [ 4]  214 	call	_get_ms
      000079 CFu00u02         [ 2]  215 	ldw	_timBut1+2, x
      00007C 90 CFu00u00      [ 2]  216 	ldw	_timBut1+0, y
                                    217 ;	main.c: 42: writePin(PD, 3, LOW);
      000080 4B 00            [ 1]  218 	push	#0x00
      000082 A6 03            [ 1]  219 	ld	a, #0x03
      000084 AE 50 0F         [ 2]  220 	ldw	x, #0x500f
      000087 CDr00r00         [ 4]  221 	call	_writePin
      00008A 20 AD            [ 2]  222 	jra	00108$
                                    223 ;	main.c: 45: }
      00008C 81               [ 4]  224 	ret
                                    225 	.area CODE
                                    226 	.area CONST
                                    227 	.area INITIALIZER
      000000                        228 __xinit__timBut1:
      000000 00 00 00 00            229 	.byte #0x00, #0x00, #0x00, #0x00	; 0
      000004                        230 __xinit__timBut2:
      000004 00 00 00 00            231 	.byte #0x00, #0x00, #0x00, #0x00	; 0
      000008                        232 __xinit__timBut3:
      000008 00 00 00 00            233 	.byte #0x00, #0x00, #0x00, #0x00	; 0
      00000C                        234 __xinit__timer:
      00000C 00 00 00 00            235 	.byte #0x00, #0x00, #0x00, #0x00	; 0
      000010                        236 __xinit__butFlg1:
      000010 00                     237 	.db #0x00	; 0
      000011                        238 __xinit__butFlg2:
      000011 00                     239 	.db #0x00	; 0
      000012                        240 __xinit__butFlg3:
      000012 00                     241 	.db #0x00	; 0
                                    242 	.area CABS (ABS)
