                                      1 ;--------------------------------------------------------
                                      2 ; File Created by SDCC : free open source ANSI-C Compiler
                                      3 ; Version 4.2.0 #13081 (Linux)
                                      4 ;--------------------------------------------------------
                                      5 	.module stm8_7SEG595_display
                                      6 	.optsdcc -mstm8
                                      7 	
                                      8 ;--------------------------------------------------------
                                      9 ; Public variables in this module
                                     10 ;--------------------------------------------------------
                                     11 	.globl _writePin
                                     12 	.globl _pinMode
                                     13 	.globl _write_SPI
                                     14 	.globl _init_SPI
                                     15 	.globl _clear_display
                                     16 	.globl _init_display
                                     17 	.globl _setDigit
                                     18 	.globl _refresh_display
                                     19 	.globl _printNumber
                                     20 ;--------------------------------------------------------
                                     21 ; ram data
                                     22 ;--------------------------------------------------------
                                     23 	.area DATA
      000000                         24 _latchPort:
      000000                         25 	.ds 2
      000002                         26 _latchPin:
      000002                         27 	.ds 1
      000003                         28 _displayBuffer:
      000003                         29 	.ds 8
                                     30 ;--------------------------------------------------------
                                     31 ; ram data
                                     32 ;--------------------------------------------------------
                                     33 	.area INITIALIZED
      000000                         34 _currentPosition:
      000000                         35 	.ds 1
      000001                         36 _a:
      000001                         37 	.ds 1
                                     38 ;--------------------------------------------------------
                                     39 ; absolute external ram data
                                     40 ;--------------------------------------------------------
                                     41 	.area DABS (ABS)
                                     42 
                                     43 ; default segment ordering for linker
                                     44 	.area HOME
                                     45 	.area GSINIT
                                     46 	.area GSFINAL
                                     47 	.area CONST
                                     48 	.area INITIALIZER
                                     49 	.area CODE
                                     50 
                                     51 ;--------------------------------------------------------
                                     52 ; global & static initialisations
                                     53 ;--------------------------------------------------------
                                     54 	.area HOME
                                     55 	.area GSINIT
                                     56 	.area GSFINAL
                                     57 	.area GSINIT
                                     58 ;--------------------------------------------------------
                                     59 ; Home
                                     60 ;--------------------------------------------------------
                                     61 	.area HOME
                                     62 	.area HOME
                                     63 ;--------------------------------------------------------
                                     64 ; code
                                     65 ;--------------------------------------------------------
                                     66 	.area CODE
                                     67 ;	../../my_STM8_libraries/stm8_7SEG595_display.c: 35: void clear_display(void) 
                                     68 ;	-----------------------------------------
                                     69 ;	 function clear_display
                                     70 ;	-----------------------------------------
      000000                         71 _clear_display:
                                     72 ;	../../my_STM8_libraries/stm8_7SEG595_display.c: 37: for (uint8_t i = 0; i < 8; i++)
      000000 4F               [ 1]   73 	clr	a
      000001                         74 00103$:
      000001 A1 08            [ 1]   75 	cp	a, #0x08
      000003 25 01            [ 1]   76 	jrc	00118$
      000005 81               [ 4]   77 	ret
      000006                         78 00118$:
                                     79 ;	../../my_STM8_libraries/stm8_7SEG595_display.c: 39: displayBuffer[i] = DISPLAY_BLANK;
      000006 5F               [ 1]   80 	clrw	x
      000007 97               [ 1]   81 	ld	xl, a
      000008 1Cr00r03         [ 2]   82 	addw	x, #(_displayBuffer+0)
      00000B 88               [ 1]   83 	push	a
      00000C A6 FF            [ 1]   84 	ld	a, #0xff
      00000E F7               [ 1]   85 	ld	(x), a
      00000F 84               [ 1]   86 	pop	a
                                     87 ;	../../my_STM8_libraries/stm8_7SEG595_display.c: 37: for (uint8_t i = 0; i < 8; i++)
      000010 4C               [ 1]   88 	inc	a
      000011 20 EE            [ 2]   89 	jra	00103$
                                     90 ;	../../my_STM8_libraries/stm8_7SEG595_display.c: 41: }
      000013 81               [ 4]   91 	ret
                                     92 ;	../../my_STM8_libraries/stm8_7SEG595_display.c: 43: void init_display(volatile uint8_t *port, uint8_t pin)
                                     93 ;	-----------------------------------------
                                     94 ;	 function init_display
                                     95 ;	-----------------------------------------
      000014                         96 _init_display:
      000014 52 02            [ 2]   97 	sub	sp, #2
      000016 1F 01            [ 2]   98 	ldw	(0x01, sp), x
      000018 C7u00u02         [ 1]   99 	ld	_latchPin+0, a
                                    100 ;	../../my_STM8_libraries/stm8_7SEG595_display.c: 45: latchPort = port;
      00001B 1E 01            [ 2]  101 	ldw	x, (0x01, sp)
      00001D CFu00u00         [ 2]  102 	ldw	_latchPort+0, x
                                    103 ;	../../my_STM8_libraries/stm8_7SEG595_display.c: 47: currentPosition = 0;
      000020 72 5Fu00u00      [ 1]  104 	clr	_currentPosition+0
                                    105 ;	../../my_STM8_libraries/stm8_7SEG595_display.c: 48: clear_display();
      000024 CDr00r00         [ 4]  106 	call	_clear_display
                                    107 ;	../../my_STM8_libraries/stm8_7SEG595_display.c: 50: init_SPI(SPI_MODE0, SPI_DIV16, SPI_MSB, SPI_MST);
      000027 4B 04            [ 1]  108 	push	#0x04
      000029 4B 00            [ 1]  109 	push	#0x00
      00002B 4B 18            [ 1]  110 	push	#0x18
      00002D 4F               [ 1]  111 	clr	a
      00002E CDr00r00         [ 4]  112 	call	_init_SPI
                                    113 ;	../../my_STM8_libraries/stm8_7SEG595_display.c: 51: pinMode(latchPort, latchPin, OUTPUT);
      000031 4B 00            [ 1]  114 	push	#0x00
      000033 C6u00u02         [ 1]  115 	ld	a, _latchPin+0
      000036 CEu00u00         [ 2]  116 	ldw	x, _latchPort+0
      000039 CDr00r00         [ 4]  117 	call	_pinMode
                                    118 ;	../../my_STM8_libraries/stm8_7SEG595_display.c: 53: writePin(latchPort, latchPin, LOW);
      00003C 4B 00            [ 1]  119 	push	#0x00
      00003E C6u00u02         [ 1]  120 	ld	a, _latchPin+0
      000041 CEu00u00         [ 2]  121 	ldw	x, _latchPort+0
      000044 CDr00r00         [ 4]  122 	call	_writePin
                                    123 ;	../../my_STM8_libraries/stm8_7SEG595_display.c: 54: }
      000047 5B 02            [ 2]  124 	addw	sp, #2
      000049 81               [ 4]  125 	ret
                                    126 ;	../../my_STM8_libraries/stm8_7SEG595_display.c: 55: void setDigit(uint8_t position, uint8_t digit)
                                    127 ;	-----------------------------------------
                                    128 ;	 function setDigit
                                    129 ;	-----------------------------------------
      00004A                        130 _setDigit:
                                    131 ;	../../my_STM8_libraries/stm8_7SEG595_display.c: 57: if (position > 7) return;
      00004A A1 07            [ 1]  132 	cp	a, #0x07
      00004C 22 1A            [ 1]  133 	jrugt	00105$
                                    134 ;	../../my_STM8_libraries/stm8_7SEG595_display.c: 58: if (digit > 9) return;
      00004E 88               [ 1]  135 	push	a
      00004F 7B 04            [ 1]  136 	ld	a, (0x04, sp)
      000051 A1 09            [ 1]  137 	cp	a, #0x09
      000053 84               [ 1]  138 	pop	a
      000054 22 12            [ 1]  139 	jrugt	00105$
                                    140 ;	../../my_STM8_libraries/stm8_7SEG595_display.c: 60: displayBuffer[position] = digitTable[digit];
      000056 5F               [ 1]  141 	clrw	x
      000057 97               [ 1]  142 	ld	xl, a
      000058 1Cr00r03         [ 2]  143 	addw	x, #(_displayBuffer+0)
      00005B 90 5F            [ 1]  144 	clrw	y
      00005D 7B 03            [ 1]  145 	ld	a, (0x03, sp)
      00005F 90 97            [ 1]  146 	ld	yl, a
      000061 72 A9r00r08      [ 2]  147 	addw	y, #(_digitTable+0)
      000065 90 F6            [ 1]  148 	ld	a, (y)
      000067 F7               [ 1]  149 	ld	(x), a
      000068                        150 00105$:
                                    151 ;	../../my_STM8_libraries/stm8_7SEG595_display.c: 61: }
      000068 85               [ 2]  152 	popw	x
      000069 84               [ 1]  153 	pop	a
      00006A FC               [ 2]  154 	jp	(x)
                                    155 ;	../../my_STM8_libraries/stm8_7SEG595_display.c: 62: void refresh_display(void)
                                    156 ;	-----------------------------------------
                                    157 ;	 function refresh_display
                                    158 ;	-----------------------------------------
      00006B                        159 _refresh_display:
                                    160 ;	../../my_STM8_libraries/stm8_7SEG595_display.c: 64: write_SPI(displayBuffer[currentPosition]);
      00006B 5F               [ 1]  161 	clrw	x
      00006C C6u00u00         [ 1]  162 	ld	a, _currentPosition+0
      00006F 97               [ 1]  163 	ld	xl, a
      000070 D6u00u03         [ 1]  164 	ld	a, (_displayBuffer+0, x)
      000073 CDr00r00         [ 4]  165 	call	_write_SPI
                                    166 ;	../../my_STM8_libraries/stm8_7SEG595_display.c: 65: write_SPI(positionTable[currentPosition]);
      000076 5F               [ 1]  167 	clrw	x
      000077 C6u00u00         [ 1]  168 	ld	a, _currentPosition+0
      00007A 97               [ 1]  169 	ld	xl, a
      00007B D6u00u00         [ 1]  170 	ld	a, (_positionTable+0, x)
      00007E CDr00r00         [ 4]  171 	call	_write_SPI
                                    172 ;	../../my_STM8_libraries/stm8_7SEG595_display.c: 67: writePin(latchPort, latchPin, HIGH);
      000081 4B 01            [ 1]  173 	push	#0x01
      000083 C6u00u02         [ 1]  174 	ld	a, _latchPin+0
      000086 CEu00u00         [ 2]  175 	ldw	x, _latchPort+0
      000089 CDr00r00         [ 4]  176 	call	_writePin
                                    177 ;	../../my_STM8_libraries/stm8_7SEG595_display.c: 68: writePin(latchPort, latchPin, LOW);
      00008C 4B 00            [ 1]  178 	push	#0x00
      00008E C6u00u02         [ 1]  179 	ld	a, _latchPin+0
      000091 CEu00u00         [ 2]  180 	ldw	x, _latchPort+0
      000094 CDr00r00         [ 4]  181 	call	_writePin
                                    182 ;	../../my_STM8_libraries/stm8_7SEG595_display.c: 70: currentPosition++;
      000097 72 5Cu00u00      [ 1]  183 	inc	_currentPosition+0
                                    184 ;	../../my_STM8_libraries/stm8_7SEG595_display.c: 71: if (currentPosition > 7) currentPosition = 0;
      00009B C6u00u00         [ 1]  185 	ld	a, _currentPosition+0
      00009E A1 07            [ 1]  186 	cp	a, #0x07
      0000A0 22 01            [ 1]  187 	jrugt	00110$
      0000A2 81               [ 4]  188 	ret
      0000A3                        189 00110$:
      0000A3 72 5Fu00u00      [ 1]  190 	clr	_currentPosition+0
                                    191 ;	../../my_STM8_libraries/stm8_7SEG595_display.c: 72: }
      0000A7 81               [ 4]  192 	ret
                                    193 ;	../../my_STM8_libraries/stm8_7SEG595_display.c: 73: void printNumber(uint32_t number)
                                    194 ;	-----------------------------------------
                                    195 ;	 function printNumber
                                    196 ;	-----------------------------------------
      0000A8                        197 _printNumber:
                                    198 ;	../../my_STM8_libraries/stm8_7SEG595_display.c: 75: while (number)
      0000A8                        199 00101$:
      0000A8 1E 05            [ 2]  200 	ldw	x, (0x05, sp)
      0000AA 26 04            [ 1]  201 	jrne	00116$
      0000AC 1E 03            [ 2]  202 	ldw	x, (0x03, sp)
      0000AE 27 34            [ 1]  203 	jreq	00103$
      0000B0                        204 00116$:
                                    205 ;	../../my_STM8_libraries/stm8_7SEG595_display.c: 77: setDigit(a, number % 10);
      0000B0 4B 0A            [ 1]  206 	push	#0x0a
      0000B2 5F               [ 1]  207 	clrw	x
      0000B3 89               [ 2]  208 	pushw	x
      0000B4 4B 00            [ 1]  209 	push	#0x00
      0000B6 1E 09            [ 2]  210 	ldw	x, (0x09, sp)
      0000B8 89               [ 2]  211 	pushw	x
      0000B9 1E 09            [ 2]  212 	ldw	x, (0x09, sp)
      0000BB 89               [ 2]  213 	pushw	x
      0000BC CDr00r00         [ 4]  214 	call	__modulong
      0000BF 5B 08            [ 2]  215 	addw	sp, #8
      0000C1 9F               [ 1]  216 	ld	a, xl
      0000C2 88               [ 1]  217 	push	a
      0000C3 C6u00u01         [ 1]  218 	ld	a, _a+0
      0000C6 CDr00r4A         [ 4]  219 	call	_setDigit
                                    220 ;	../../my_STM8_libraries/stm8_7SEG595_display.c: 78: number /= 10;
      0000C9 4B 0A            [ 1]  221 	push	#0x0a
      0000CB 5F               [ 1]  222 	clrw	x
      0000CC 89               [ 2]  223 	pushw	x
      0000CD 4B 00            [ 1]  224 	push	#0x00
      0000CF 1E 09            [ 2]  225 	ldw	x, (0x09, sp)
      0000D1 89               [ 2]  226 	pushw	x
      0000D2 1E 09            [ 2]  227 	ldw	x, (0x09, sp)
      0000D4 89               [ 2]  228 	pushw	x
      0000D5 CDr00r00         [ 4]  229 	call	__divulong
      0000D8 5B 08            [ 2]  230 	addw	sp, #8
      0000DA 1F 05            [ 2]  231 	ldw	(0x05, sp), x
      0000DC 17 03            [ 2]  232 	ldw	(0x03, sp), y
                                    233 ;	../../my_STM8_libraries/stm8_7SEG595_display.c: 79: a++;
      0000DE 72 5Cu00u01      [ 1]  234 	inc	_a+0
      0000E2 20 C4            [ 2]  235 	jra	00101$
      0000E4                        236 00103$:
                                    237 ;	../../my_STM8_libraries/stm8_7SEG595_display.c: 81: a = 0;
      0000E4 72 5Fu00u01      [ 1]  238 	clr	_a+0
                                    239 ;	../../my_STM8_libraries/stm8_7SEG595_display.c: 82: }
      0000E8 1E 01            [ 2]  240 	ldw	x, (1, sp)
      0000EA 5B 06            [ 2]  241 	addw	sp, #6
      0000EC FC               [ 2]  242 	jp	(x)
                                    243 	.area CODE
                                    244 	.area CONST
      000000                        245 _positionTable:
      000000 08                     246 	.db #0x08	; 8
      000001 04                     247 	.db #0x04	; 4
      000002 02                     248 	.db #0x02	; 2
      000003 01                     249 	.db #0x01	; 1
      000004 80                     250 	.db #0x80	; 128
      000005 40                     251 	.db #0x40	; 64
      000006 20                     252 	.db #0x20	; 32
      000007 10                     253 	.db #0x10	; 16
      000008                        254 _digitTable:
      000008 C0                     255 	.db #0xc0	; 192
      000009 F9                     256 	.db #0xf9	; 249
      00000A A4                     257 	.db #0xa4	; 164
      00000B B0                     258 	.db #0xb0	; 176
      00000C 99                     259 	.db #0x99	; 153
      00000D 92                     260 	.db #0x92	; 146
      00000E 82                     261 	.db #0x82	; 130
      00000F F8                     262 	.db #0xf8	; 248
      000010 80                     263 	.db #0x80	; 128
      000011 90                     264 	.db #0x90	; 144
                                    265 	.area INITIALIZER
      000000                        266 __xinit__currentPosition:
      000000 00                     267 	.db #0x00	; 0
      000001                        268 __xinit__a:
      000001 00                     269 	.db #0x00	; 0
                                    270 	.area CABS (ABS)
