ASxxxx Linker V03.00 + NoICE + sdld,  page 1.
Hexadecimal  [32-Bits]

Area                                    Addr        Size        Decimal Bytes (Attributes)
--------------------------------        ----        ----        ------- ----- ------------
.  .ABS.                            00000000    00000000 =           0. bytes (ABS,CON)

      Value  Global                              Global Defined In Module
      -----  --------------------------------   ------------------------
     00000000  .__.ABS.                           
     00000000  l_CABS                          
     00000000  l_DABS                          
     00000000  l_DATA                          
     00000000  l__CODE                         
     00000000  s_CABS                          
     00000000  s_DABS                          
     00000000  s__CODE                         
     00000001  l_SSEG                          
     00000001  s_DATA                          
     00000001  s_INITIALIZED                   
     00000003  l_GSFINAL                       
     00000006  l_INITIALIZED                   
     00000006  l_INITIALIZER                   
     00000007  s_SSEG                          
     0000001A  l_GSINIT                        
     0000001C  l_CONST                         
     0000006B  l_HOME                          
     0000081B  l_CODE                          
     00008000  s_HOME                          
     0000806B  s_GSINIT                        
     00008085  s_GSFINAL                       
     00008088  s_CONST                         
     000080A4  s_INITIALIZER                   
     000080AA  s_CODE                          

ASxxxx Linker V03.00 + NoICE + sdld,  page 2.
Hexadecimal  [32-Bits]

Area                                    Addr        Size        Decimal Bytes (Attributes)
--------------------------------        ----        ----        ------- ----- ------------
INITIALIZED                         00000001    00000006 =           6. bytes (REL,CON)

      Value  Global                              Global Defined In Module
      -----  --------------------------------   ------------------------
ASxxxx Linker V03.00 + NoICE + sdld,  page 3.
Hexadecimal  [32-Bits]

Area                                    Addr        Size        Decimal Bytes (Attributes)
--------------------------------        ----        ----        ------- ----- ------------
SSEG                                00000007    00000001 =           1. bytes (REL,CON)

      Value  Global                              Global Defined In Module
      -----  --------------------------------   ------------------------
ASxxxx Linker V03.00 + NoICE + sdld,  page 4.
Hexadecimal  [32-Bits]

Area                                    Addr        Size        Decimal Bytes (Attributes)
--------------------------------        ----        ----        ------- ----- ------------
HOME                                00008000    0000006B =         107. bytes (REL,CON)

      Value  Global                              Global Defined In Module
      -----  --------------------------------   ------------------------
ASxxxx Linker V03.00 + NoICE + sdld,  page 5.
Hexadecimal  [32-Bits]

Area                                    Addr        Size        Decimal Bytes (Attributes)
--------------------------------        ----        ----        ------- ----- ------------
GSINIT                              0000806B    0000001A =          26. bytes (REL,CON)

      Value  Global                              Global Defined In Module
      -----  --------------------------------   ------------------------
ASxxxx Linker V03.00 + NoICE + sdld,  page 6.
Hexadecimal  [32-Bits]

Area                                    Addr        Size        Decimal Bytes (Attributes)
--------------------------------        ----        ----        ------- ----- ------------
GSFINAL                             00008085    00000003 =           3. bytes (REL,CON)

      Value  Global                              Global Defined In Module
      -----  --------------------------------   ------------------------
ASxxxx Linker V03.00 + NoICE + sdld,  page 7.
Hexadecimal  [32-Bits]

Area                                    Addr        Size        Decimal Bytes (Attributes)
--------------------------------        ----        ----        ------- ----- ------------
CONST                               00008088    0000001C =          28. bytes (REL,CON)

      Value  Global                              Global Defined In Module
      -----  --------------------------------   ------------------------
ASxxxx Linker V03.00 + NoICE + sdld,  page 8.
Hexadecimal  [32-Bits]

Area                                    Addr        Size        Decimal Bytes (Attributes)
--------------------------------        ----        ----        ------- ----- ------------
INITIALIZER                         000080A4    00000006 =           6. bytes (REL,CON)

      Value  Global                              Global Defined In Module
      -----  --------------------------------   ------------------------
ASxxxx Linker V03.00 + NoICE + sdld,  page 9.
Hexadecimal  [32-Bits]

Area                                    Addr        Size        Decimal Bytes (Attributes)
--------------------------------        ----        ----        ------- ----- ------------
CODE                                000080AA    0000081B =        2075. bytes (REL,CON)

      Value  Global                              Global Defined In Module
      -----  --------------------------------   ------------------------
     000080AA  _TIM4_UPD_OVF_IRQHandler           main
     000080B4  _BCDtoDEC                          main
     000080C5  _main                              main
     0000811D  _init_ADC                          stm8_ADC
     00008189  _start_ADC                         stm8_ADC
     0000818E  _isReady_ADC                       stm8_ADC
     00008198  _getValue_ADC                      stm8_ADC
     000081B2  _pinMode                           stm8_GPIO
     00008240  _writePin                          stm8_GPIO
     00008269  _togglePin                         stm8_GPIO
     00008288  _readPin                           stm8_GPIO
     000082B7  _init_I2C                          stm8_I2C
     000082D0  _stop_I2C                          stm8_I2C
     000082D5  _start_I2C                         stm8_I2C
     000082ED  _clearADDR_I2C                     stm8_I2C
     000082F4  _setACK_I2C                        stm8_I2C
     0000830C  _writeAddr_I2C                     stm8_I2C
     0000834C  _writeByte_I2C                     stm8_I2C
     00008371  _ping_I2C                          stm8_I2C
     00008395  _writeReg_I2C                      stm8_I2C
     000083D1  _readByte_I2C                      stm8_I2C
     00008419  _readReg_I2C                       stm8_I2C
     00008484  _readBuffer2_I2C                   stm8_I2C
     000084EF  _readBuffer_I2C                    stm8_I2C
     000084F4  _init_PWM                          stm8_PWM
     00008560  _startChannel_PWM                  stm8_PWM
     00008594  _stopChannel_PWM                   stm8_PWM
     000085B0  _write_PWM                         stm8_PWM
     000085E0  _writePercent_PWM                  stm8_PWM
     00008629  _tick_TIME                         stm8_TIME
     0000863D  _init_TIME                         stm8_TIME
     0000865D  _get_ms                            stm8_TIME
     00008667  _get_mcs                           stm8_TIME
     000086A5  _delay                             stm8_TIME
     000086D9  _init_UART                         stm8_UART
     0000870A  _write_UART                        stm8_UART
     00008723  _print_UART                        stm8_UART
     00008736  _printInt_UART                     stm8_UART
     00008795  _line_UART                         stm8_UART
     000087B9  _printHex_UART                     stm8_UART
     000087E2  _isDataReceived_UART               stm8_UART
     000087EC  _getData_UART                      stm8_UART
     000087F0  __divulong                         _divulong
     00008849  __mullong                          

ASxxxx Linker V03.00 + NoICE + sdld,  page 10.

Files Linked                              [ module(s) ]

build/main.rel                            [ main ]
build/stm8_ADC.rel                        [ stm8_ADC ]
build/stm8_GPIO.rel                       [ stm8_GPIO ]
build/stm8_I2C.rel                        [ stm8_I2C ]
build/stm8_PWM.rel                        [ stm8_PWM ]
build/stm8_TIME.rel                       [ stm8_TIME ]
build/stm8_UART.rel                       [ stm8_UART ]


Libraries Linked                          [ object file ]

/usr/bin/../share/sdcc/lib/stm8/stm8.lib  [ _divulong.rel ]
/usr/bin/../share/sdcc/lib/stm8/stm8.lib  [ _mullong.rel ]

ASxxxx Linker V03.00 + NoICE + sdld,  page 11.

User Base Address Definitions

HOME = 0x8000
DATA = 0x0001

