ASxxxx Linker V03.00 + NoICE + sdld,  page 1.
Hexadecimal  [32-Bits]

Area                                    Addr        Size        Decimal Bytes (Attributes)
--------------------------------        ----        ----        ------- ----- ------------
.  .ABS.                            00000000    00000000 =           0. bytes (ABS,CON)

      Value  Global                              Global Defined In Module
      -----  --------------------------------   ------------------------
     00000000  .__.ABS.                           
     00000000  l_CABS                          
     00000000  l_DABS                          
     00000000  l_DATA                          
     00000000  l__CODE                         
     00000000  s_CABS                          
     00000000  s_DABS                          
     00000000  s__CODE                         
     00000001  l_SSEG                          
     00000001  s_DATA                          
     00000001  s_INITIALIZED                   
     00000003  l_GSFINAL                       
     00000006  l_INITIALIZED                   
     00000006  l_INITIALIZER                   
     00000007  s_SSEG                          
     0000001A  l_GSINIT                        
     00000020  l_CONST                         
     0000006B  l_HOME                          
     0000082F  l_CODE                          
     00008000  s_HOME                          
     0000806B  s_GSINIT                        
     00008085  s_GSFINAL                       
     00008088  s_CONST                         
     000080A8  s_INITIALIZER                   
     000080AE  s_CODE                          

ASxxxx Linker V03.00 + NoICE + sdld,  page 2.
Hexadecimal  [32-Bits]

Area                                    Addr        Size        Decimal Bytes (Attributes)
--------------------------------        ----        ----        ------- ----- ------------
INITIALIZED                         00000001    00000006 =           6. bytes (REL,CON)

      Value  Global                              Global Defined In Module
      -----  --------------------------------   ------------------------
ASxxxx Linker V03.00 + NoICE + sdld,  page 3.
Hexadecimal  [32-Bits]

Area                                    Addr        Size        Decimal Bytes (Attributes)
--------------------------------        ----        ----        ------- ----- ------------
SSEG                                00000007    00000001 =           1. bytes (REL,CON)

      Value  Global                              Global Defined In Module
      -----  --------------------------------   ------------------------
ASxxxx Linker V03.00 + NoICE + sdld,  page 4.
Hexadecimal  [32-Bits]

Area                                    Addr        Size        Decimal Bytes (Attributes)
--------------------------------        ----        ----        ------- ----- ------------
HOME                                00008000    0000006B =         107. bytes (REL,CON)

      Value  Global                              Global Defined In Module
      -----  --------------------------------   ------------------------
ASxxxx Linker V03.00 + NoICE + sdld,  page 5.
Hexadecimal  [32-Bits]

Area                                    Addr        Size        Decimal Bytes (Attributes)
--------------------------------        ----        ----        ------- ----- ------------
GSINIT                              0000806B    0000001A =          26. bytes (REL,CON)

      Value  Global                              Global Defined In Module
      -----  --------------------------------   ------------------------
ASxxxx Linker V03.00 + NoICE + sdld,  page 6.
Hexadecimal  [32-Bits]

Area                                    Addr        Size        Decimal Bytes (Attributes)
--------------------------------        ----        ----        ------- ----- ------------
GSFINAL                             00008085    00000003 =           3. bytes (REL,CON)

      Value  Global                              Global Defined In Module
      -----  --------------------------------   ------------------------
ASxxxx Linker V03.00 + NoICE + sdld,  page 7.
Hexadecimal  [32-Bits]

Area                                    Addr        Size        Decimal Bytes (Attributes)
--------------------------------        ----        ----        ------- ----- ------------
CONST                               00008088    00000020 =          32. bytes (REL,CON)

      Value  Global                              Global Defined In Module
      -----  --------------------------------   ------------------------
ASxxxx Linker V03.00 + NoICE + sdld,  page 8.
Hexadecimal  [32-Bits]

Area                                    Addr        Size        Decimal Bytes (Attributes)
--------------------------------        ----        ----        ------- ----- ------------
INITIALIZER                         000080A8    00000006 =           6. bytes (REL,CON)

      Value  Global                              Global Defined In Module
      -----  --------------------------------   ------------------------
ASxxxx Linker V03.00 + NoICE + sdld,  page 9.
Hexadecimal  [32-Bits]

Area                                    Addr        Size        Decimal Bytes (Attributes)
--------------------------------        ----        ----        ------- ----- ------------
CODE                                000080AE    0000082F =        2095. bytes (REL,CON)

      Value  Global                              Global Defined In Module
      -----  --------------------------------   ------------------------
     000080AE  _TIM4_UPD_OVF_IRQHandler           main
     000080B8  _BCDtoDEC                          main
     000080C9  _main                              main
     00008117  _init_ADC                          stm8_ADC
     00008183  _start_ADC                         stm8_ADC
     00008188  _isReady_ADC                       stm8_ADC
     00008192  _getValue_ADC                      stm8_ADC
     000081AC  _pinMode                           stm8_GPIO
     0000823A  _writePin                          stm8_GPIO
     00008263  _togglePin                         stm8_GPIO
     00008282  _readPin                           stm8_GPIO
     000082B1  _init_I2C                          stm8_I2C
     000082CA  _stop_I2C                          stm8_I2C
     000082CF  _start_I2C                         stm8_I2C
     000082E7  _clearADDR_I2C                     stm8_I2C
     000082EE  _setACK_I2C                        stm8_I2C
     00008300  _writeAddr_I2C                     stm8_I2C
     00008340  _writeByte_I2C                     stm8_I2C
     00008365  _ping_I2C                          stm8_I2C
     00008389  _writeReg_I2C                      stm8_I2C
     000083C5  _readByte_I2C                      stm8_I2C
     0000840D  _readReg_I2C                       stm8_I2C
     00008478  _readBuffer2_I2C                   stm8_I2C
     00008507  _readBuffer_I2C                    stm8_I2C
     0000850C  _init_PWM                          stm8_PWM
     00008578  _startChannel_PWM                  stm8_PWM
     000085AC  _stopChannel_PWM                   stm8_PWM
     000085C8  _write_PWM                         stm8_PWM
     000085F8  _writePercent_PWM                  stm8_PWM
     00008641  _tick_TIME                         stm8_TIME
     00008655  _init_TIME                         stm8_TIME
     00008675  _get_ms                            stm8_TIME
     0000867F  _get_mcs                           stm8_TIME
     000086BD  _delay                             stm8_TIME
     000086F1  _init_UART                         stm8_UART
     00008722  _write_UART                        stm8_UART
     0000873B  _print_UART                        stm8_UART
     0000874E  _printInt_UART                     stm8_UART
     000087AD  _line_UART                         stm8_UART
     000087D1  _printHex_UART                     stm8_UART
     000087FA  _isDataReceived_UART               stm8_UART
     00008804  _getData_UART                      stm8_UART
     00008808  __divulong                         _divulong
     00008861  __mullong                          

ASxxxx Linker V03.00 + NoICE + sdld,  page 10.

Files Linked                              [ module(s) ]

build/main.rel                            [ main ]
build/stm8_ADC.rel                        [ stm8_ADC ]
build/stm8_GPIO.rel                       [ stm8_GPIO ]
build/stm8_I2C.rel                        [ stm8_I2C ]
build/stm8_PWM.rel                        [ stm8_PWM ]
build/stm8_TIME.rel                       [ stm8_TIME ]
build/stm8_UART.rel                       [ stm8_UART ]


Libraries Linked                          [ object file ]

/usr/bin/../share/sdcc/lib/stm8/stm8.lib  [ _divulong.rel ]
/usr/bin/../share/sdcc/lib/stm8/stm8.lib  [ _mullong.rel ]

ASxxxx Linker V03.00 + NoICE + sdld,  page 11.

User Base Address Definitions

HOME = 0x8000
DATA = 0x0001

