ASxxxx Linker V03.00 + NoICE + sdld,  page 1.
Hexadecimal  [32-Bits]

Area                                    Addr        Size        Decimal Bytes (Attributes)
--------------------------------        ----        ----        ------- ----- ------------
.  .ABS.                            00000000    00000000 =           0. bytes (ABS,CON)

      Value  Global                              Global Defined In Module
      -----  --------------------------------   ------------------------
     00000000  .__.ABS.                           
     00000000  l_CABS                          
     00000000  l_DABS                          
     00000000  l__CODE                         
     00000000  s_CABS                          
     00000000  s_DABS                          
     00000000  s__CODE                         
     00000001  l_SSEG                          
     00000001  s_DATA                          
     00000003  l_GSFINAL                       
     0000000A  l_INITIALIZED                   
     0000000A  l_INITIALIZER                   
     0000000B  l_DATA                          
     0000000C  s_INITIALIZED                   
     00000012  l_CONST                         
     00000016  s_SSEG                          
     0000001A  l_GSINIT                        
     00000057  l_HOME                          
     00000B65  l_CODE                          
     00008000  s_HOME                          
     00008057  s_GSINIT                        
     00008071  s_GSFINAL                       
     00008074  s_CONST                         
     00008086  s_INITIALIZER                   
     00008090  s_CODE                          

ASxxxx Linker V03.00 + NoICE + sdld,  page 2.
Hexadecimal  [32-Bits]

Area                                    Addr        Size        Decimal Bytes (Attributes)
--------------------------------        ----        ----        ------- ----- ------------
DATA                                00000001    0000000B =          11. bytes (REL,CON)

      Value  Global                              Global Defined In Module
      -----  --------------------------------   ------------------------
ASxxxx Linker V03.00 + NoICE + sdld,  page 3.
Hexadecimal  [32-Bits]

Area                                    Addr        Size        Decimal Bytes (Attributes)
--------------------------------        ----        ----        ------- ----- ------------
INITIALIZED                         0000000C    0000000A =          10. bytes (REL,CON)

      Value  Global                              Global Defined In Module
      -----  --------------------------------   ------------------------
     0000000C  _ledFlag                           main
     0000000D  _key                               main

ASxxxx Linker V03.00 + NoICE + sdld,  page 4.
Hexadecimal  [32-Bits]

Area                                    Addr        Size        Decimal Bytes (Attributes)
--------------------------------        ----        ----        ------- ----- ------------
SSEG                                00000016    00000001 =           1. bytes (REL,CON)

      Value  Global                              Global Defined In Module
      -----  --------------------------------   ------------------------
ASxxxx Linker V03.00 + NoICE + sdld,  page 5.
Hexadecimal  [32-Bits]

Area                                    Addr        Size        Decimal Bytes (Attributes)
--------------------------------        ----        ----        ------- ----- ------------
HOME                                00008000    00000057 =          87. bytes (REL,CON)

      Value  Global                              Global Defined In Module
      -----  --------------------------------   ------------------------
ASxxxx Linker V03.00 + NoICE + sdld,  page 6.
Hexadecimal  [32-Bits]

Area                                    Addr        Size        Decimal Bytes (Attributes)
--------------------------------        ----        ----        ------- ----- ------------
GSINIT                              00008057    0000001A =          26. bytes (REL,CON)

      Value  Global                              Global Defined In Module
      -----  --------------------------------   ------------------------
ASxxxx Linker V03.00 + NoICE + sdld,  page 7.
Hexadecimal  [32-Bits]

Area                                    Addr        Size        Decimal Bytes (Attributes)
--------------------------------        ----        ----        ------- ----- ------------
GSFINAL                             00008071    00000003 =           3. bytes (REL,CON)

      Value  Global                              Global Defined In Module
      -----  --------------------------------   ------------------------
ASxxxx Linker V03.00 + NoICE + sdld,  page 8.
Hexadecimal  [32-Bits]

Area                                    Addr        Size        Decimal Bytes (Attributes)
--------------------------------        ----        ----        ------- ----- ------------
CONST                               00008074    00000012 =          18. bytes (REL,CON)

      Value  Global                              Global Defined In Module
      -----  --------------------------------   ------------------------
ASxxxx Linker V03.00 + NoICE + sdld,  page 9.
Hexadecimal  [32-Bits]

Area                                    Addr        Size        Decimal Bytes (Attributes)
--------------------------------        ----        ----        ------- ----- ------------
INITIALIZER                         00008086    0000000A =          10. bytes (REL,CON)

      Value  Global                              Global Defined In Module
      -----  --------------------------------   ------------------------
ASxxxx Linker V03.00 + NoICE + sdld,  page 10.
Hexadecimal  [32-Bits]

Area                                    Addr        Size        Decimal Bytes (Attributes)
--------------------------------        ----        ----        ------- ----- ------------
CODE                                00008090    00000B65 =        2917. bytes (REL,CON)

      Value  Global                              Global Defined In Module
      -----  --------------------------------   ------------------------
     00008090  _UART1_RX_IRQHandler               main
     000080BA  _main                              main
     000080EF  _clear_display                     stm8_7SEG595_display
     00008103  _init_display                      stm8_7SEG595_display
     00008139  _setDigit                          stm8_7SEG595_display
     0000815A  _refresh_display                   stm8_7SEG595_display
     00008197  _printNumber                       stm8_7SEG595_display
     000081DC  _init_ADC                          stm8_ADC
     00008248  _start_ADC                         stm8_ADC
     0000824D  _isReady_ADC                       stm8_ADC
     00008257  _getValue_ADC                      stm8_ADC
     00008271  _init_BEEP                         stm8_BEEP
     000082AA  _beep                              stm8_BEEP
     000082BC  _pinMode                           stm8_GPIO
     0000834A  _writePin                          stm8_GPIO
     00008373  _togglePin                         stm8_GPIO
     00008392  _readPin                           stm8_GPIO
     000083C1  _init_I2C                          stm8_I2C
     000083DA  _stop_I2C                          stm8_I2C
     000083DF  _start_I2C                         stm8_I2C
     000083F7  _clearADDR_I2C                     stm8_I2C
     000083FE  _setACK_I2C                        stm8_I2C
     00008410  _writeAddr_I2C                     stm8_I2C
     00008450  _writeByte_I2C                     stm8_I2C
     00008475  _ping_I2C                          stm8_I2C
     00008499  _writeReg_I2C                      stm8_I2C
     000084D5  _readByte_I2C                      stm8_I2C
     0000851D  _readReg_I2C                       stm8_I2C
     00008588  _readBuffer2_I2C                   stm8_I2C
     00008617  _readBuffer_I2C                    stm8_I2C
     00008732  _init_PWM                          stm8_PWM
     0000879E  _startChannel_PWM                  stm8_PWM
     000087D2  _stopChannel_PWM                   stm8_PWM
     000087EE  _write_PWM                         stm8_PWM
     0000881E  _writePercent_PWM                  stm8_PWM
     00008867  _init_SPI                          stm8_SPI
     0000889F  _exchange_SPI                      stm8_SPI
     000088E5  _write_SPI                         stm8_SPI
     000088E8  _read_SPI                          stm8_SPI
     000088ED  _tick_TIME                         stm8_TIME
     00008901  _init_TIME                         stm8_TIME
     00008921  _get_ms                            stm8_TIME
     0000892B  _get_mcs                           stm8_TIME
     00008969  _delay                             stm8_TIME
     0000899D  _init_UART                         stm8_UART
     000089D2  _write_UART                        stm8_UART
     000089EB  _print_UART                        stm8_UART
     000089FE  _printInt_UART                     stm8_UART
     00008A5D  _line_UART                         stm8_UART
     00008A81  _printHex_UART                     stm8_UART
ASxxxx Linker V03.00 + NoICE + sdld,  page 11.
Hexadecimal  [32-Bits]

Area                                    Addr        Size        Decimal Bytes (Attributes)
--------------------------------        ----        ----        ------- ----- ------------
CODE                                00008090    00000B65 =        2917. bytes (REL,CON)

      Value  Global                              Global Defined In Module
      -----  --------------------------------   ------------------------
     00008AAA  _isDataReceived_UART               stm8_UART
     00008AB4  _getData_UART                      stm8_UART
     00008AB8  __modulong                         _modulong
     00008B20  __divulong                         _divulong
     00008B79  __mullong                          

ASxxxx Linker V03.00 + NoICE + sdld,  page 12.

Files Linked                              [ module(s) ]

build/main.rel                            [ main ]
build/stm8_7SEG595_display.rel            [ stm8_7SEG595_display ]
build/stm8_ADC.rel                        [ stm8_ADC ]
build/stm8_BEEP.rel                       [ stm8_BEEP ]
build/stm8_GPIO.rel                       [ stm8_GPIO ]
build/stm8_I2C.rel                        [ stm8_I2C ]
build/stm8_PWM.rel                        [ stm8_PWM ]
build/stm8_SPI.rel                        [ stm8_SPI ]
build/stm8_TIME.rel                       [ stm8_TIME ]
build/stm8_UART.rel                       [ stm8_UART ]


Libraries Linked                          [ object file ]

/usr/bin/../share/sdcc/lib/stm8/stm8.lib  [ _modulong.rel ]
/usr/bin/../share/sdcc/lib/stm8/stm8.lib  [ _divulong.rel ]
/usr/bin/../share/sdcc/lib/stm8/stm8.lib  [ _mullong.rel ]

ASxxxx Linker V03.00 + NoICE + sdld,  page 13.

User Base Address Definitions

HOME = 0x8000
DATA = 0x0001

