                                      1 ;--------------------------------------------------------
                                      2 ; File Created by SDCC : free open source ANSI-C Compiler
                                      3 ; Version 4.2.0 #13081 (Linux)
                                      4 ;--------------------------------------------------------
                                      5 	.module main
                                      6 	.optsdcc -mstm8
                                      7 	
                                      8 ;--------------------------------------------------------
                                      9 ; Public variables in this module
                                     10 ;--------------------------------------------------------
                                     11 	.globl _main
                                     12 	.globl _UART1_RX_IRQHandler
                                     13 	.globl _writePin
                                     14 	.globl _pinMode
                                     15 	.globl _getData_UART
                                     16 	.globl _init_UART
                                     17 	.globl _key
                                     18 	.globl _ledFlag
                                     19 ;--------------------------------------------------------
                                     20 ; ram data
                                     21 ;--------------------------------------------------------
                                     22 	.area DATA
                                     23 ;--------------------------------------------------------
                                     24 ; ram data
                                     25 ;--------------------------------------------------------
                                     26 	.area INITIALIZED
      000000                         27 _ledFlag::
      000000                         28 	.ds 1
      000001                         29 _key::
      000001                         30 	.ds 1
                                     31 ;--------------------------------------------------------
                                     32 ; Stack segment in internal ram
                                     33 ;--------------------------------------------------------
                                     34 	.area	SSEG
      000000                         35 __start__stack:
      000000                         36 	.ds	1
                                     37 
                                     38 ;--------------------------------------------------------
                                     39 ; absolute external ram data
                                     40 ;--------------------------------------------------------
                                     41 	.area DABS (ABS)
                                     42 
                                     43 ; default segment ordering for linker
                                     44 	.area HOME
                                     45 	.area GSINIT
                                     46 	.area GSFINAL
                                     47 	.area CONST
                                     48 	.area INITIALIZER
                                     49 	.area CODE
                                     50 
                                     51 ;--------------------------------------------------------
                                     52 ; interrupt vector
                                     53 ;--------------------------------------------------------
                                     54 	.area HOME
      000000                         55 __interrupt_vect:
      000000 82v00u00u00             56 	int s_GSINIT ; reset
      000004 82 00 00 00             57 	int 0x000000 ; trap
      000008 82 00 00 00             58 	int 0x000000 ; int0
      00000C 82 00 00 00             59 	int 0x000000 ; int1
      000010 82 00 00 00             60 	int 0x000000 ; int2
      000014 82 00 00 00             61 	int 0x000000 ; int3
      000018 82 00 00 00             62 	int 0x000000 ; int4
      00001C 82 00 00 00             63 	int 0x000000 ; int5
      000020 82 00 00 00             64 	int 0x000000 ; int6
      000024 82 00 00 00             65 	int 0x000000 ; int7
      000028 82 00 00 00             66 	int 0x000000 ; int8
      00002C 82 00 00 00             67 	int 0x000000 ; int9
      000030 82 00 00 00             68 	int 0x000000 ; int10
      000034 82 00 00 00             69 	int 0x000000 ; int11
      000038 82 00 00 00             70 	int 0x000000 ; int12
      00003C 82 00 00 00             71 	int 0x000000 ; int13
      000040 82 00 00 00             72 	int 0x000000 ; int14
      000044 82 00 00 00             73 	int 0x000000 ; int15
      000048 82 00 00 00             74 	int 0x000000 ; int16
      00004C 82 00 00 00             75 	int 0x000000 ; int17
      000050 82v00u00u00             76 	int _UART1_RX_IRQHandler ; int18
                                     77 ;--------------------------------------------------------
                                     78 ; global & static initialisations
                                     79 ;--------------------------------------------------------
                                     80 	.area HOME
                                     81 	.area GSINIT
                                     82 	.area GSFINAL
                                     83 	.area GSINIT
      000000                         84 __sdcc_init_data:
                                     85 ; stm8_genXINIT() start
      000000 AEr00r00         [ 2]   86 	ldw x, #l_DATA
      000003 27 07            [ 1]   87 	jreq	00002$
      000005                         88 00001$:
      000005 72 4FuFFuFF      [ 1]   89 	clr (s_DATA - 1, x)
      000009 5A               [ 2]   90 	decw x
      00000A 26 F9            [ 1]   91 	jrne	00001$
      00000C                         92 00002$:
      00000C AEr00r00         [ 2]   93 	ldw	x, #l_INITIALIZER
      00000F 27 09            [ 1]   94 	jreq	00004$
      000011                         95 00003$:
      000011 D6uFFuFF         [ 1]   96 	ld	a, (s_INITIALIZER - 1, x)
      000014 D7uFFuFF         [ 1]   97 	ld	(s_INITIALIZED - 1, x), a
      000017 5A               [ 2]   98 	decw	x
      000018 26 F7            [ 1]   99 	jrne	00003$
      00001A                        100 00004$:
                                    101 ; stm8_genXINIT() end
                                    102 	.area GSFINAL
      000000 CCr00r54         [ 2]  103 	jp	__sdcc_program_startup
                                    104 ;--------------------------------------------------------
                                    105 ; Home
                                    106 ;--------------------------------------------------------
                                    107 	.area HOME
                                    108 	.area HOME
      000054                        109 __sdcc_program_startup:
      000054 CCr00r2A         [ 2]  110 	jp	_main
                                    111 ;	return from main will return to caller
                                    112 ;--------------------------------------------------------
                                    113 ; code
                                    114 ;--------------------------------------------------------
                                    115 	.area CODE
                                    116 ;	main.c: 9: void UART1_RX_IRQHandler(void) __interrupt(IRQ_UART1_RX) {
                                    117 ;	-----------------------------------------
                                    118 ;	 function UART1_RX_IRQHandler
                                    119 ;	-----------------------------------------
      000000                        120 _UART1_RX_IRQHandler:
      000000 4F               [ 1]  121 	clr	a
      000001 62               [ 2]  122 	div	x, a
                                    123 ;	main.c: 11: key = getData_UART();
      000002 CDr00r00         [ 4]  124 	call	_getData_UART
                                    125 ;	main.c: 13: if (key == 's' || key == 'S') ledFlag = 0;
      000005 C7u00u01         [ 1]  126 	ld	_key+0, a
      000008 A1 73            [ 1]  127 	cp	a, #0x73
      00000A 27 07            [ 1]  128 	jreq	00101$
      00000C C6u00u01         [ 1]  129 	ld	a, _key+0
      00000F A1 53            [ 1]  130 	cp	a, #0x53
      000011 26 04            [ 1]  131 	jrne	00102$
      000013                        132 00101$:
      000013 72 5Fu00u00      [ 1]  133 	clr	_ledFlag+0
      000017                        134 00102$:
                                    135 ;	main.c: 14: if (key == 'r' || key == 'R') ledFlag = 1;
      000017 C6u00u01         [ 1]  136 	ld	a, _key+0
      00001A A1 72            [ 1]  137 	cp	a, #0x72
      00001C 27 07            [ 1]  138 	jreq	00104$
      00001E C6u00u01         [ 1]  139 	ld	a, _key+0
      000021 A1 52            [ 1]  140 	cp	a, #0x52
      000023 26 04            [ 1]  141 	jrne	00107$
      000025                        142 00104$:
      000025 35 01u00u00      [ 1]  143 	mov	_ledFlag+0, #0x01
      000029                        144 00107$:
                                    145 ;	main.c: 15: }
      000029 80               [11]  146 	iret
                                    147 ;	main.c: 17: int main(void)
                                    148 ;	-----------------------------------------
                                    149 ;	 function main
                                    150 ;	-----------------------------------------
      00002A                        151 _main:
                                    152 ;	main.c: 19: CLK_CKDIVR = 0;	//частота тактирования мк 16 МГц
      00002A 35 00 50 C6      [ 1]  153 	mov	0x50c6+0, #0x00
                                    154 ;	main.c: 21: pinMode(PB, 5, OUTPUT);
      00002E 4B 00            [ 1]  155 	push	#0x00
      000030 A6 05            [ 1]  156 	ld	a, #0x05
      000032 AE 50 05         [ 2]  157 	ldw	x, #0x5005
      000035 CDr00r00         [ 4]  158 	call	_pinMode
                                    159 ;	main.c: 23: init_UART(9600, ENABLE);
      000038 A6 01            [ 1]  160 	ld	a, #0x01
      00003A AE 25 80         [ 2]  161 	ldw	x, #0x2580
      00003D CDr00r00         [ 4]  162 	call	_init_UART
                                    163 ;	main.c: 24: enableInterrupts();
      000040 9A               [ 1]  164 	rim
                                    165 ;	main.c: 26: while (1)
      000041                        166 00105$:
                                    167 ;	main.c: 28: if (ledFlag) writePin(PB, 5, HIGH);
      000041 C6u00u00         [ 1]  168 	ld	a, _ledFlag+0
      000044 27 0C            [ 1]  169 	jreq	00102$
      000046 4B 01            [ 1]  170 	push	#0x01
      000048 A6 05            [ 1]  171 	ld	a, #0x05
      00004A AE 50 05         [ 2]  172 	ldw	x, #0x5005
      00004D CDr00r00         [ 4]  173 	call	_writePin
      000050 20 EF            [ 2]  174 	jra	00105$
      000052                        175 00102$:
                                    176 ;	main.c: 29: else writePin(PB, 5, LOW);
      000052 4B 00            [ 1]  177 	push	#0x00
      000054 A6 05            [ 1]  178 	ld	a, #0x05
      000056 AE 50 05         [ 2]  179 	ldw	x, #0x5005
      000059 CDr00r00         [ 4]  180 	call	_writePin
      00005C 20 E3            [ 2]  181 	jra	00105$
                                    182 ;	main.c: 31: }
      00005E 81               [ 4]  183 	ret
                                    184 	.area CODE
                                    185 	.area CONST
                                    186 	.area INITIALIZER
      000000                        187 __xinit__ledFlag:
      000000 01                     188 	.db #0x01	; 1
      000001                        189 __xinit__key:
      000001 72                     190 	.db #0x72	; 114	'r'
                                    191 	.area CABS (ABS)
