                                      1 ;--------------------------------------------------------
                                      2 ; File Created by SDCC : free open source ANSI-C Compiler
                                      3 ; Version 4.2.0 #13081 (Linux)
                                      4 ;--------------------------------------------------------
                                      5 	.module stm8_UART
                                      6 	.optsdcc -mstm8
                                      7 	
                                      8 ;--------------------------------------------------------
                                      9 ; Public variables in this module
                                     10 ;--------------------------------------------------------
                                     11 	.globl _init_UART
                                     12 	.globl _write_UART
                                     13 	.globl _print_UART
                                     14 	.globl _printInt_UART
                                     15 	.globl _line_UART
                                     16 	.globl _printHex_UART
                                     17 	.globl _isDataReceived_UART
                                     18 	.globl _getData_UART
                                     19 ;--------------------------------------------------------
                                     20 ; ram data
                                     21 ;--------------------------------------------------------
                                     22 	.area DATA
                                     23 ;--------------------------------------------------------
                                     24 ; ram data
                                     25 ;--------------------------------------------------------
                                     26 	.area INITIALIZED
                                     27 ;--------------------------------------------------------
                                     28 ; absolute external ram data
                                     29 ;--------------------------------------------------------
                                     30 	.area DABS (ABS)
                                     31 
                                     32 ; default segment ordering for linker
                                     33 	.area HOME
                                     34 	.area GSINIT
                                     35 	.area GSFINAL
                                     36 	.area CONST
                                     37 	.area INITIALIZER
                                     38 	.area CODE
                                     39 
                                     40 ;--------------------------------------------------------
                                     41 ; global & static initialisations
                                     42 ;--------------------------------------------------------
                                     43 	.area HOME
                                     44 	.area GSINIT
                                     45 	.area GSFINAL
                                     46 	.area GSINIT
                                     47 ;--------------------------------------------------------
                                     48 ; Home
                                     49 ;--------------------------------------------------------
                                     50 	.area HOME
                                     51 	.area HOME
                                     52 ;--------------------------------------------------------
                                     53 ; code
                                     54 ;--------------------------------------------------------
                                     55 	.area CODE
                                     56 ;	../../my_STM8_libraries/stm8_UART.c: 3: void init_UART(uint16_t baudrate, uint8_t rxInterrupt)
                                     57 ;	-----------------------------------------
                                     58 ;	 function init_UART
                                     59 ;	-----------------------------------------
      000000                         60 _init_UART:
      000000 88               [ 1]   61 	push	a
                                     62 ;	../../my_STM8_libraries/stm8_UART.c: 7: uartdiv = F_CPU / baudrate;
      000001 90 5F            [ 1]   63 	clrw	y
      000003 89               [ 2]   64 	pushw	x
      000004 90 89            [ 2]   65 	pushw	y
      000006 4B 00            [ 1]   66 	push	#0x00
      000008 4B 24            [ 1]   67 	push	#0x24
      00000A 4B F4            [ 1]   68 	push	#0xf4
      00000C 4B 00            [ 1]   69 	push	#0x00
      00000E CDr00r00         [ 4]   70 	call	__divulong
      000011 5B 08            [ 2]   71 	addw	sp, #8
                                     72 ;	../../my_STM8_libraries/stm8_UART.c: 9: UART1_BRR2 = (uartdiv & 0x000F) | ((uartdiv >> 8) & 0x00F0);
      000013 9F               [ 1]   73 	ld	a, xl
      000014 A4 0F            [ 1]   74 	and	a, #0x0f
      000016 6B 01            [ 1]   75 	ld	(0x01, sp), a
      000018 9E               [ 1]   76 	ld	a, xh
      000019 A4 F0            [ 1]   77 	and	a, #0xf0
      00001B 1A 01            [ 1]   78 	or	a, (0x01, sp)
      00001D C7 52 33         [ 1]   79 	ld	0x5233, a
                                     80 ;	../../my_STM8_libraries/stm8_UART.c: 10: UART1_BRR1 = (uartdiv >> 4) & 0x00FF;
      000020 A6 10            [ 1]   81 	ld	a, #0x10
      000022 62               [ 2]   82 	div	x, a
      000023 9F               [ 1]   83 	ld	a, xl
      000024 C7 52 32         [ 1]   84 	ld	0x5232, a
                                     85 ;	../../my_STM8_libraries/stm8_UART.c: 12: UART1_CR2 |= UART1_CR2_TEN;
      000027 72 16 52 35      [ 1]   86 	bset	0x5235, #3
                                     87 ;	../../my_STM8_libraries/stm8_UART.c: 13: UART1_CR2 |= UART1_CR2_REN;
      00002B 72 14 52 35      [ 1]   88 	bset	0x5235, #2
                                     89 ;	../../my_STM8_libraries/stm8_UART.c: 15: if (rxInterrupt = ENABLE) UART1_CR2 |= UART1_CR2_RIEN;
      00002F 72 1A 52 35      [ 1]   90 	bset	0x5235, #5
                                     91 ;	../../my_STM8_libraries/stm8_UART.c: 16: else  UART1_CR2 &= ~UART1_CR2_RIEN;
                                     92 ;	../../my_STM8_libraries/stm8_UART.c: 17: }
      000033 84               [ 1]   93 	pop	a
      000034 81               [ 4]   94 	ret
                                     95 ;	../../my_STM8_libraries/stm8_UART.c: 18: uint8_t write_UART(uint8_t data)
                                     96 ;	-----------------------------------------
                                     97 ;	 function write_UART
                                     98 ;	-----------------------------------------
      000035                         99 _write_UART:
      000035 90 97            [ 1]  100 	ld	yl, a
                                    101 ;	../../my_STM8_libraries/stm8_UART.c: 22: while (!(UART1_SR & UART1_SR_TXE))
      000037 AE C3 50         [ 2]  102 	ldw	x, #0xc350
      00003A                        103 00103$:
      00003A C6 52 30         [ 1]  104 	ld	a, 0x5230
      00003D 2B 06            [ 1]  105 	jrmi	00105$
                                    106 ;	../../my_STM8_libraries/stm8_UART.c: 24: if (--timeout == 0) return 0;
      00003F 5A               [ 2]  107 	decw	x
      000040 5D               [ 2]  108 	tnzw	x
      000041 26 F7            [ 1]  109 	jrne	00103$
      000043 4F               [ 1]  110 	clr	a
      000044 81               [ 4]  111 	ret
      000045                        112 00105$:
                                    113 ;	../../my_STM8_libraries/stm8_UART.c: 27: UART1_DR = data;
      000045 AE 52 31         [ 2]  114 	ldw	x, #0x5231
      000048 90 9F            [ 1]  115 	ld	a, yl
      00004A F7               [ 1]  116 	ld	(x), a
                                    117 ;	../../my_STM8_libraries/stm8_UART.c: 28: return 1;
      00004B A6 01            [ 1]  118 	ld	a, #0x01
                                    119 ;	../../my_STM8_libraries/stm8_UART.c: 29: }
      00004D 81               [ 4]  120 	ret
                                    121 ;	../../my_STM8_libraries/stm8_UART.c: 30: uint8_t print_UART(char *str)
                                    122 ;	-----------------------------------------
                                    123 ;	 function print_UART
                                    124 ;	-----------------------------------------
      00004E                        125 _print_UART:
                                    126 ;	../../my_STM8_libraries/stm8_UART.c: 32: while (*str != 0)
      00004E                        127 00104$:
      00004E F6               [ 1]  128 	ld	a, (x)
      00004F 27 0D            [ 1]  129 	jreq	00106$
                                    130 ;	../../my_STM8_libraries/stm8_UART.c: 34: if (write_UART(*str) == 1)
      000051 89               [ 2]  131 	pushw	x
      000052 CDr00r35         [ 4]  132 	call	_write_UART
      000055 85               [ 2]  133 	popw	x
      000056 4A               [ 1]  134 	dec	a
      000057 26 03            [ 1]  135 	jrne	00102$
                                    136 ;	../../my_STM8_libraries/stm8_UART.c: 36: str++;
      000059 5C               [ 1]  137 	incw	x
      00005A 20 F2            [ 2]  138 	jra	00104$
      00005C                        139 00102$:
                                    140 ;	../../my_STM8_libraries/stm8_UART.c: 38: else return 0;
      00005C 4F               [ 1]  141 	clr	a
      00005D 81               [ 4]  142 	ret
      00005E                        143 00106$:
                                    144 ;	../../my_STM8_libraries/stm8_UART.c: 40: return 1;
      00005E A6 01            [ 1]  145 	ld	a, #0x01
                                    146 ;	../../my_STM8_libraries/stm8_UART.c: 41: }
      000060 81               [ 4]  147 	ret
                                    148 ;	../../my_STM8_libraries/stm8_UART.c: 42: uint8_t printInt_UART(uint16_t data)
                                    149 ;	-----------------------------------------
                                    150 ;	 function printInt_UART
                                    151 ;	-----------------------------------------
      000061                        152 _printInt_UART:
      000061 52 08            [ 2]  153 	sub	sp, #8
                                    154 ;	../../my_STM8_libraries/stm8_UART.c: 47: if (data == 0)
      000063 5D               [ 2]  155 	tnzw	x
      000064 26 09            [ 1]  156 	jrne	00115$
                                    157 ;	../../my_STM8_libraries/stm8_UART.c: 49: write_UART('0');
      000066 A6 30            [ 1]  158 	ld	a, #0x30
      000068 CDr00r35         [ 4]  159 	call	_write_UART
                                    160 ;	../../my_STM8_libraries/stm8_UART.c: 50: return 1;
      00006B A6 01            [ 1]  161 	ld	a, #0x01
      00006D 20 4E            [ 2]  162 	jra	00111$
                                    163 ;	../../my_STM8_libraries/stm8_UART.c: 52: while (data != 0)
      00006F                        164 00115$:
      00006F 0F 08            [ 1]  165 	clr	(0x08, sp)
      000071                        166 00103$:
      000071 5D               [ 2]  167 	tnzw	x
      000072 27 2A            [ 1]  168 	jreq	00117$
                                    169 ;	../../my_STM8_libraries/stm8_UART.c: 54: buf[i] = (data % 10) + '0';
      000074 89               [ 2]  170 	pushw	x
      000075 5F               [ 1]  171 	clrw	x
      000076 7B 0A            [ 1]  172 	ld	a, (0x0a, sp)
      000078 97               [ 1]  173 	ld	xl, a
      000079 89               [ 2]  174 	pushw	x
      00007A 96               [ 1]  175 	ldw	x, sp
      00007B 1C 00 07         [ 2]  176 	addw	x, #7
      00007E 72 FB 01         [ 2]  177 	addw	x, (1, sp)
      000081 1F 05            [ 2]  178 	ldw	(0x05, sp), x
      000083 5B 02            [ 2]  179 	addw	sp, #2
      000085 85               [ 2]  180 	popw	x
      000086 89               [ 2]  181 	pushw	x
      000087 90 AE 00 0A      [ 2]  182 	ldw	y, #0x000a
      00008B 65               [ 2]  183 	divw	x, y
      00008C 85               [ 2]  184 	popw	x
      00008D 90 9F            [ 1]  185 	ld	a, yl
      00008F AB 30            [ 1]  186 	add	a, #0x30
      000091 16 01            [ 2]  187 	ldw	y, (0x01, sp)
      000093 90 F7            [ 1]  188 	ld	(y), a
                                    189 ;	../../my_STM8_libraries/stm8_UART.c: 55: data /= 10;
      000095 90 AE 00 0A      [ 2]  190 	ldw	y, #0x000a
      000099 65               [ 2]  191 	divw	x, y
                                    192 ;	../../my_STM8_libraries/stm8_UART.c: 56: i++;
      00009A 0C 08            [ 1]  193 	inc	(0x08, sp)
      00009C 20 D3            [ 2]  194 	jra	00103$
                                    195 ;	../../my_STM8_libraries/stm8_UART.c: 58: while (i > 0)
      00009E                        196 00117$:
      00009E                        197 00108$:
      00009E 0D 08            [ 1]  198 	tnz	(0x08, sp)
      0000A0 27 19            [ 1]  199 	jreq	00110$
                                    200 ;	../../my_STM8_libraries/stm8_UART.c: 60: i--;
      0000A2 0A 08            [ 1]  201 	dec	(0x08, sp)
                                    202 ;	../../my_STM8_libraries/stm8_UART.c: 61: if (write_UART(buf[i]) == 0) return 0;
      0000A4 5F               [ 1]  203 	clrw	x
      0000A5 7B 08            [ 1]  204 	ld	a, (0x08, sp)
      0000A7 97               [ 1]  205 	ld	xl, a
      0000A8 89               [ 2]  206 	pushw	x
      0000A9 96               [ 1]  207 	ldw	x, sp
      0000AA 1C 00 05         [ 2]  208 	addw	x, #5
      0000AD 72 FB 01         [ 2]  209 	addw	x, (1, sp)
      0000B0 5B 02            [ 2]  210 	addw	sp, #2
      0000B2 F6               [ 1]  211 	ld	a, (x)
      0000B3 CDr00r35         [ 4]  212 	call	_write_UART
      0000B6 4D               [ 1]  213 	tnz	a
      0000B7 26 E5            [ 1]  214 	jrne	00108$
      0000B9 4F               [ 1]  215 	clr	a
                                    216 ;	../../my_STM8_libraries/stm8_UART.c: 63: return 1;
      0000BA C5                     217 	.byte 0xc5
      0000BB                        218 00110$:
      0000BB A6 01            [ 1]  219 	ld	a, #0x01
      0000BD                        220 00111$:
                                    221 ;	../../my_STM8_libraries/stm8_UART.c: 64: }
      0000BD 5B 08            [ 2]  222 	addw	sp, #8
      0000BF 81               [ 4]  223 	ret
                                    224 ;	../../my_STM8_libraries/stm8_UART.c: 65: uint8_t line_UART(void)
                                    225 ;	-----------------------------------------
                                    226 ;	 function line_UART
                                    227 ;	-----------------------------------------
      0000C0                        228 _line_UART:
                                    229 ;	../../my_STM8_libraries/stm8_UART.c: 67: if (write_UART('\r') == 0) return 0;
      0000C0 A6 0D            [ 1]  230 	ld	a, #0x0d
      0000C2 CDr00r35         [ 4]  231 	call	_write_UART
      0000C5 4D               [ 1]  232 	tnz	a
      0000C6 26 02            [ 1]  233 	jrne	00102$
      0000C8 4F               [ 1]  234 	clr	a
      0000C9 81               [ 4]  235 	ret
      0000CA                        236 00102$:
                                    237 ;	../../my_STM8_libraries/stm8_UART.c: 68: if (write_UART('\n') == 0) return 0;
      0000CA A6 0A            [ 1]  238 	ld	a, #0x0a
      0000CC CDr00r35         [ 4]  239 	call	_write_UART
      0000CF 4D               [ 1]  240 	tnz	a
      0000D0 26 02            [ 1]  241 	jrne	00104$
      0000D2 4F               [ 1]  242 	clr	a
      0000D3 81               [ 4]  243 	ret
      0000D4                        244 00104$:
                                    245 ;	../../my_STM8_libraries/stm8_UART.c: 69: return 1;
      0000D4 A6 01            [ 1]  246 	ld	a, #0x01
                                    247 ;	../../my_STM8_libraries/stm8_UART.c: 70: }
      0000D6 81               [ 4]  248 	ret
                                    249 ;	../../my_STM8_libraries/stm8_UART.c: 71: static char nibbleToHex(uint8_t nibble)
                                    250 ;	-----------------------------------------
                                    251 ;	 function nibbleToHex
                                    252 ;	-----------------------------------------
      0000D7                        253 _nibbleToHex:
                                    254 ;	../../my_STM8_libraries/stm8_UART.c: 73: if (nibble < 10) return nibble + '0';
      0000D7 97               [ 1]  255 	ld	xl, a
      0000D8 A1 0A            [ 1]  256 	cp	a, #0x0a
      0000DA 24 04            [ 1]  257 	jrnc	00102$
      0000DC 9F               [ 1]  258 	ld	a, xl
      0000DD AB 30            [ 1]  259 	add	a, #0x30
      0000DF 81               [ 4]  260 	ret
      0000E0                        261 00102$:
                                    262 ;	../../my_STM8_libraries/stm8_UART.c: 74: else return nibble - 10 + 'A';
      0000E0 9F               [ 1]  263 	ld	a, xl
      0000E1 AB 37            [ 1]  264 	add	a, #0x37
                                    265 ;	../../my_STM8_libraries/stm8_UART.c: 75: }
      0000E3 81               [ 4]  266 	ret
                                    267 ;	../../my_STM8_libraries/stm8_UART.c: 76: uint8_t printHex_UART(uint8_t data)
                                    268 ;	-----------------------------------------
                                    269 ;	 function printHex_UART
                                    270 ;	-----------------------------------------
      0000E4                        271 _printHex_UART:
      0000E4 88               [ 1]  272 	push	a
                                    273 ;	../../my_STM8_libraries/stm8_UART.c: 78: uint8_t high = data >> 4;
      0000E5 97               [ 1]  274 	ld	xl, a
      0000E6 4E               [ 1]  275 	swap	a
      0000E7 A4 0F            [ 1]  276 	and	a, #0x0f
      0000E9 41               [ 1]  277 	exg	a, xl
                                    278 ;	../../my_STM8_libraries/stm8_UART.c: 79: uint8_t low = data & 0x0F;
      0000EA A4 0F            [ 1]  279 	and	a, #0x0f
      0000EC 6B 01            [ 1]  280 	ld	(0x01, sp), a
                                    281 ;	../../my_STM8_libraries/stm8_UART.c: 81: if (write_UART(nibbleToHex(high)) == 0) return 0;
      0000EE 9F               [ 1]  282 	ld	a, xl
      0000EF CDr00rD7         [ 4]  283 	call	_nibbleToHex
      0000F2 CDr00r35         [ 4]  284 	call	_write_UART
      0000F5 4D               [ 1]  285 	tnz	a
      0000F6 26 03            [ 1]  286 	jrne	00102$
      0000F8 4F               [ 1]  287 	clr	a
      0000F9 20 0F            [ 2]  288 	jra	00105$
      0000FB                        289 00102$:
                                    290 ;	../../my_STM8_libraries/stm8_UART.c: 82: if (write_UART(nibbleToHex(low)) == 0) return 0;
      0000FB 7B 01            [ 1]  291 	ld	a, (0x01, sp)
      0000FD CDr00rD7         [ 4]  292 	call	_nibbleToHex
      000100 CDr00r35         [ 4]  293 	call	_write_UART
      000103 4D               [ 1]  294 	tnz	a
      000104 26 02            [ 1]  295 	jrne	00104$
      000106 4F               [ 1]  296 	clr	a
                                    297 ;	../../my_STM8_libraries/stm8_UART.c: 83: return 1;
      000107 C5                     298 	.byte 0xc5
      000108                        299 00104$:
      000108 A6 01            [ 1]  300 	ld	a, #0x01
      00010A                        301 00105$:
                                    302 ;	../../my_STM8_libraries/stm8_UART.c: 84: }
      00010A 5B 01            [ 2]  303 	addw	sp, #1
      00010C 81               [ 4]  304 	ret
                                    305 ;	../../my_STM8_libraries/stm8_UART.c: 85: uint8_t isDataReceived_UART(void)
                                    306 ;	-----------------------------------------
                                    307 ;	 function isDataReceived_UART
                                    308 ;	-----------------------------------------
      00010D                        309 _isDataReceived_UART:
                                    310 ;	../../my_STM8_libraries/stm8_UART.c: 87: if ((UART1_SR & UART1_SR_RXNE) == 0) return 0;
      00010D 72 0A 52 30 02   [ 2]  311 	btjt	0x5230, #5, 00102$
      000112 4F               [ 1]  312 	clr	a
      000113 81               [ 4]  313 	ret
      000114                        314 00102$:
                                    315 ;	../../my_STM8_libraries/stm8_UART.c: 88: return 1;
      000114 A6 01            [ 1]  316 	ld	a, #0x01
                                    317 ;	../../my_STM8_libraries/stm8_UART.c: 89: }
      000116 81               [ 4]  318 	ret
                                    319 ;	../../my_STM8_libraries/stm8_UART.c: 90: uint8_t getData_UART(void)
                                    320 ;	-----------------------------------------
                                    321 ;	 function getData_UART
                                    322 ;	-----------------------------------------
      000117                        323 _getData_UART:
                                    324 ;	../../my_STM8_libraries/stm8_UART.c: 92: return UART1_DR;
      000117 C6 52 31         [ 1]  325 	ld	a, 0x5231
                                    326 ;	../../my_STM8_libraries/stm8_UART.c: 93: }
      00011A 81               [ 4]  327 	ret
                                    328 	.area CODE
                                    329 	.area CONST
                                    330 	.area INITIALIZER
                                    331 	.area CABS (ABS)
