ASxxxx Linker V03.00 + NoICE + sdld,  page 1.
Hexadecimal  [32-Bits]

Area                                    Addr        Size        Decimal Bytes (Attributes)
--------------------------------        ----        ----        ------- ----- ------------
.  .ABS.                            00000000    00000000 =           0. bytes (ABS,CON)

      Value  Global                              Global Defined In Module
      -----  --------------------------------   ------------------------
     00000000  .__.ABS.                           
     00000000  l_CABS                          
     00000000  l_DABS                          
     00000000  l__CODE                         
     00000000  s_CABS                          
     00000000  s_DABS                          
     00000000  s__CODE                         
     00000001  l_SSEG                          
     00000001  s_DATA                          
     00000003  l_GSFINAL                       
     00000007  l_INITIALIZED                   
     00000007  l_INITIALIZER                   
     0000000B  l_DATA                          
     0000000C  s_INITIALIZED                   
     00000012  l_CONST                         
     00000013  s_SSEG                          
     0000001A  l_GSINIT                        
     0000006B  l_HOME                          
     00000AA5  l_CODE                          
     00008000  s_HOME                          
     0000806B  s_GSINIT                        
     00008085  s_GSFINAL                       
     00008088  s_CONST                         
     0000809A  s_INITIALIZER                   
     000080A1  s_CODE                          

ASxxxx Linker V03.00 + NoICE + sdld,  page 2.
Hexadecimal  [32-Bits]

Area                                    Addr        Size        Decimal Bytes (Attributes)
--------------------------------        ----        ----        ------- ----- ------------
DATA                                00000001    0000000B =          11. bytes (REL,CON)

      Value  Global                              Global Defined In Module
      -----  --------------------------------   ------------------------
ASxxxx Linker V03.00 + NoICE + sdld,  page 3.
Hexadecimal  [32-Bits]

Area                                    Addr        Size        Decimal Bytes (Attributes)
--------------------------------        ----        ----        ------- ----- ------------
INITIALIZED                         0000000C    00000007 =           7. bytes (REL,CON)

      Value  Global                              Global Defined In Module
      -----  --------------------------------   ------------------------
ASxxxx Linker V03.00 + NoICE + sdld,  page 4.
Hexadecimal  [32-Bits]

Area                                    Addr        Size        Decimal Bytes (Attributes)
--------------------------------        ----        ----        ------- ----- ------------
SSEG                                00000013    00000001 =           1. bytes (REL,CON)

      Value  Global                              Global Defined In Module
      -----  --------------------------------   ------------------------
ASxxxx Linker V03.00 + NoICE + sdld,  page 5.
Hexadecimal  [32-Bits]

Area                                    Addr        Size        Decimal Bytes (Attributes)
--------------------------------        ----        ----        ------- ----- ------------
HOME                                00008000    0000006B =         107. bytes (REL,CON)

      Value  Global                              Global Defined In Module
      -----  --------------------------------   ------------------------
ASxxxx Linker V03.00 + NoICE + sdld,  page 6.
Hexadecimal  [32-Bits]

Area                                    Addr        Size        Decimal Bytes (Attributes)
--------------------------------        ----        ----        ------- ----- ------------
GSINIT                              0000806B    0000001A =          26. bytes (REL,CON)

      Value  Global                              Global Defined In Module
      -----  --------------------------------   ------------------------
ASxxxx Linker V03.00 + NoICE + sdld,  page 7.
Hexadecimal  [32-Bits]

Area                                    Addr        Size        Decimal Bytes (Attributes)
--------------------------------        ----        ----        ------- ----- ------------
GSFINAL                             00008085    00000003 =           3. bytes (REL,CON)

      Value  Global                              Global Defined In Module
      -----  --------------------------------   ------------------------
ASxxxx Linker V03.00 + NoICE + sdld,  page 8.
Hexadecimal  [32-Bits]

Area                                    Addr        Size        Decimal Bytes (Attributes)
--------------------------------        ----        ----        ------- ----- ------------
CONST                               00008088    00000012 =          18. bytes (REL,CON)

      Value  Global                              Global Defined In Module
      -----  --------------------------------   ------------------------
ASxxxx Linker V03.00 + NoICE + sdld,  page 9.
Hexadecimal  [32-Bits]

Area                                    Addr        Size        Decimal Bytes (Attributes)
--------------------------------        ----        ----        ------- ----- ------------
INITIALIZER                         0000809A    00000007 =           7. bytes (REL,CON)

      Value  Global                              Global Defined In Module
      -----  --------------------------------   ------------------------
ASxxxx Linker V03.00 + NoICE + sdld,  page 10.
Hexadecimal  [32-Bits]

Area                                    Addr        Size        Decimal Bytes (Attributes)
--------------------------------        ----        ----        ------- ----- ------------
CODE                                000080A1    00000AA5 =        2725. bytes (REL,CON)

      Value  Global                              Global Defined In Module
      -----  --------------------------------   ------------------------
     000080A1  _TIM4_UPD_OVF_IRQHandler           main
     000080AE  _main                              main
     000080F1  _clear_display                     stm8_7SEG595_display
     00008105  _init_display                      stm8_7SEG595_display
     0000813B  _setDigit                          stm8_7SEG595_display
     0000815C  _refresh_display                   stm8_7SEG595_display
     00008199  _init_ADC                          stm8_ADC
     00008205  _start_ADC                         stm8_ADC
     0000820A  _isReady_ADC                       stm8_ADC
     00008214  _getValue_ADC                      stm8_ADC
     0000822E  _init_BEEP                         stm8_BEEP
     00008267  _beep                              stm8_BEEP
     00008279  _pinMode                           stm8_GPIO
     00008307  _writePin                          stm8_GPIO
     00008330  _togglePin                         stm8_GPIO
     0000834F  _readPin                           stm8_GPIO
     0000837E  _init_I2C                          stm8_I2C
     00008397  _stop_I2C                          stm8_I2C
     0000839C  _start_I2C                         stm8_I2C
     000083B4  _clearADDR_I2C                     stm8_I2C
     000083BB  _setACK_I2C                        stm8_I2C
     000083CD  _writeAddr_I2C                     stm8_I2C
     0000840D  _writeByte_I2C                     stm8_I2C
     00008432  _ping_I2C                          stm8_I2C
     00008456  _writeReg_I2C                      stm8_I2C
     00008492  _readByte_I2C                      stm8_I2C
     000084DA  _readReg_I2C                       stm8_I2C
     00008545  _readBuffer2_I2C                   stm8_I2C
     000085D4  _readBuffer_I2C                    stm8_I2C
     000086EF  _init_PWM                          stm8_PWM
     0000875B  _startChannel_PWM                  stm8_PWM
     0000878F  _stopChannel_PWM                   stm8_PWM
     000087AB  _write_PWM                         stm8_PWM
     000087DB  _writePercent_PWM                  stm8_PWM
     00008824  _init_SPI                          stm8_SPI
     0000885C  _exchange_SPI                      stm8_SPI
     000088A2  _write_SPI                         stm8_SPI
     000088A5  _read_SPI                          stm8_SPI
     000088AA  _tick_TIME                         stm8_TIME
     000088BE  _init_TIME                         stm8_TIME
     000088DE  _get_ms                            stm8_TIME
     000088E8  _get_mcs                           stm8_TIME
     00008926  _delay                             stm8_TIME
     0000895A  _init_UART                         stm8_UART
     0000898B  _write_UART                        stm8_UART
     000089A4  _print_UART                        stm8_UART
     000089B7  _printInt_UART                     stm8_UART
     00008A16  _line_UART                         stm8_UART
     00008A3A  _printHex_UART                     stm8_UART
     00008A63  _isDataReceived_UART               stm8_UART
ASxxxx Linker V03.00 + NoICE + sdld,  page 11.
Hexadecimal  [32-Bits]

Area                                    Addr        Size        Decimal Bytes (Attributes)
--------------------------------        ----        ----        ------- ----- ------------
CODE                                000080A1    00000AA5 =        2725. bytes (REL,CON)

      Value  Global                              Global Defined In Module
      -----  --------------------------------   ------------------------
     00008A6D  _getData_UART                      stm8_UART
     00008A71  __divulong                         _divulong
     00008ACA  __mullong                          

ASxxxx Linker V03.00 + NoICE + sdld,  page 12.

Files Linked                              [ module(s) ]

build/main.rel                            [ main ]
build/stm8_7SEG595_display.rel            [ stm8_7SEG595_display ]
build/stm8_ADC.rel                        [ stm8_ADC ]
build/stm8_BEEP.rel                       [ stm8_BEEP ]
build/stm8_GPIO.rel                       [ stm8_GPIO ]
build/stm8_I2C.rel                        [ stm8_I2C ]
build/stm8_PWM.rel                        [ stm8_PWM ]
build/stm8_SPI.rel                        [ stm8_SPI ]
build/stm8_TIME.rel                       [ stm8_TIME ]
build/stm8_UART.rel                       [ stm8_UART ]


Libraries Linked                          [ object file ]

/usr/bin/../share/sdcc/lib/stm8/stm8.lib  [ _divulong.rel ]
/usr/bin/../share/sdcc/lib/stm8/stm8.lib  [ _mullong.rel ]

ASxxxx Linker V03.00 + NoICE + sdld,  page 13.

User Base Address Definitions

HOME = 0x8000
DATA = 0x0001

