                                      1 ;--------------------------------------------------------
                                      2 ; File Created by SDCC : free open source ANSI-C Compiler
                                      3 ; Version 4.2.0 #13081 (Linux)
                                      4 ;--------------------------------------------------------
                                      5 	.module stm8_7SEG595_display
                                      6 	.optsdcc -mstm8
                                      7 	
                                      8 ;--------------------------------------------------------
                                      9 ; Public variables in this module
                                     10 ;--------------------------------------------------------
                                     11 	.globl _writePin
                                     12 	.globl _pinMode
                                     13 	.globl _write_SPI
                                     14 	.globl _init_SPI
                                     15 	.globl _clear_display
                                     16 	.globl _init_display
                                     17 	.globl _setDigit
                                     18 	.globl _refresh_display
                                     19 ;--------------------------------------------------------
                                     20 ; ram data
                                     21 ;--------------------------------------------------------
                                     22 	.area DATA
      000000                         23 _latchPort:
      000000                         24 	.ds 2
      000002                         25 _latchPin:
      000002                         26 	.ds 1
      000003                         27 _displayBuffer:
      000003                         28 	.ds 8
                                     29 ;--------------------------------------------------------
                                     30 ; ram data
                                     31 ;--------------------------------------------------------
                                     32 	.area INITIALIZED
      000000                         33 _currentPosition:
      000000                         34 	.ds 1
                                     35 ;--------------------------------------------------------
                                     36 ; absolute external ram data
                                     37 ;--------------------------------------------------------
                                     38 	.area DABS (ABS)
                                     39 
                                     40 ; default segment ordering for linker
                                     41 	.area HOME
                                     42 	.area GSINIT
                                     43 	.area GSFINAL
                                     44 	.area CONST
                                     45 	.area INITIALIZER
                                     46 	.area CODE
                                     47 
                                     48 ;--------------------------------------------------------
                                     49 ; global & static initialisations
                                     50 ;--------------------------------------------------------
                                     51 	.area HOME
                                     52 	.area GSINIT
                                     53 	.area GSFINAL
                                     54 	.area GSINIT
                                     55 ;--------------------------------------------------------
                                     56 ; Home
                                     57 ;--------------------------------------------------------
                                     58 	.area HOME
                                     59 	.area HOME
                                     60 ;--------------------------------------------------------
                                     61 ; code
                                     62 ;--------------------------------------------------------
                                     63 	.area CODE
                                     64 ;	../../my_STM8_libraries/stm8_7SEG595_display.c: 34: void clear_display(void) 
                                     65 ;	-----------------------------------------
                                     66 ;	 function clear_display
                                     67 ;	-----------------------------------------
      000000                         68 _clear_display:
                                     69 ;	../../my_STM8_libraries/stm8_7SEG595_display.c: 36: for (uint8_t i = 0; i < 8; i++)
      000000 4F               [ 1]   70 	clr	a
      000001                         71 00103$:
      000001 A1 08            [ 1]   72 	cp	a, #0x08
      000003 25 01            [ 1]   73 	jrc	00118$
      000005 81               [ 4]   74 	ret
      000006                         75 00118$:
                                     76 ;	../../my_STM8_libraries/stm8_7SEG595_display.c: 38: displayBuffer[i] = DISPLAY_BLANK;
      000006 5F               [ 1]   77 	clrw	x
      000007 97               [ 1]   78 	ld	xl, a
      000008 1Cr00r03         [ 2]   79 	addw	x, #(_displayBuffer+0)
      00000B 88               [ 1]   80 	push	a
      00000C A6 FF            [ 1]   81 	ld	a, #0xff
      00000E F7               [ 1]   82 	ld	(x), a
      00000F 84               [ 1]   83 	pop	a
                                     84 ;	../../my_STM8_libraries/stm8_7SEG595_display.c: 36: for (uint8_t i = 0; i < 8; i++)
      000010 4C               [ 1]   85 	inc	a
      000011 20 EE            [ 2]   86 	jra	00103$
                                     87 ;	../../my_STM8_libraries/stm8_7SEG595_display.c: 40: }
      000013 81               [ 4]   88 	ret
                                     89 ;	../../my_STM8_libraries/stm8_7SEG595_display.c: 42: void init_display(volatile uint8_t *port, uint8_t pin)
                                     90 ;	-----------------------------------------
                                     91 ;	 function init_display
                                     92 ;	-----------------------------------------
      000014                         93 _init_display:
      000014 52 02            [ 2]   94 	sub	sp, #2
      000016 1F 01            [ 2]   95 	ldw	(0x01, sp), x
      000018 C7u00u02         [ 1]   96 	ld	_latchPin+0, a
                                     97 ;	../../my_STM8_libraries/stm8_7SEG595_display.c: 44: latchPort = port;
      00001B 1E 01            [ 2]   98 	ldw	x, (0x01, sp)
      00001D CFu00u00         [ 2]   99 	ldw	_latchPort+0, x
                                    100 ;	../../my_STM8_libraries/stm8_7SEG595_display.c: 46: currentPosition = 0;
      000020 72 5Fu00u00      [ 1]  101 	clr	_currentPosition+0
                                    102 ;	../../my_STM8_libraries/stm8_7SEG595_display.c: 47: clear_display();
      000024 CDr00r00         [ 4]  103 	call	_clear_display
                                    104 ;	../../my_STM8_libraries/stm8_7SEG595_display.c: 49: init_SPI(SPI_MODE0, SPI_DIV16, SPI_MSB, SPI_MST);
      000027 4B 04            [ 1]  105 	push	#0x04
      000029 4B 00            [ 1]  106 	push	#0x00
      00002B 4B 18            [ 1]  107 	push	#0x18
      00002D 4F               [ 1]  108 	clr	a
      00002E CDr00r00         [ 4]  109 	call	_init_SPI
                                    110 ;	../../my_STM8_libraries/stm8_7SEG595_display.c: 50: pinMode(latchPort, latchPin, OUTPUT);
      000031 4B 00            [ 1]  111 	push	#0x00
      000033 C6u00u02         [ 1]  112 	ld	a, _latchPin+0
      000036 CEu00u00         [ 2]  113 	ldw	x, _latchPort+0
      000039 CDr00r00         [ 4]  114 	call	_pinMode
                                    115 ;	../../my_STM8_libraries/stm8_7SEG595_display.c: 52: writePin(latchPort, latchPin, LOW);
      00003C 4B 00            [ 1]  116 	push	#0x00
      00003E C6u00u02         [ 1]  117 	ld	a, _latchPin+0
      000041 CEu00u00         [ 2]  118 	ldw	x, _latchPort+0
      000044 CDr00r00         [ 4]  119 	call	_writePin
                                    120 ;	../../my_STM8_libraries/stm8_7SEG595_display.c: 53: }
      000047 5B 02            [ 2]  121 	addw	sp, #2
      000049 81               [ 4]  122 	ret
                                    123 ;	../../my_STM8_libraries/stm8_7SEG595_display.c: 54: void setDigit(uint8_t position, uint8_t digit)
                                    124 ;	-----------------------------------------
                                    125 ;	 function setDigit
                                    126 ;	-----------------------------------------
      00004A                        127 _setDigit:
                                    128 ;	../../my_STM8_libraries/stm8_7SEG595_display.c: 56: if (position > 7) return;
      00004A A1 07            [ 1]  129 	cp	a, #0x07
      00004C 22 1A            [ 1]  130 	jrugt	00105$
                                    131 ;	../../my_STM8_libraries/stm8_7SEG595_display.c: 57: if (digit > 9) return;
      00004E 88               [ 1]  132 	push	a
      00004F 7B 04            [ 1]  133 	ld	a, (0x04, sp)
      000051 A1 09            [ 1]  134 	cp	a, #0x09
      000053 84               [ 1]  135 	pop	a
      000054 22 12            [ 1]  136 	jrugt	00105$
                                    137 ;	../../my_STM8_libraries/stm8_7SEG595_display.c: 59: displayBuffer[position] = digitTable[digit];
      000056 5F               [ 1]  138 	clrw	x
      000057 97               [ 1]  139 	ld	xl, a
      000058 1Cr00r03         [ 2]  140 	addw	x, #(_displayBuffer+0)
      00005B 90 5F            [ 1]  141 	clrw	y
      00005D 7B 03            [ 1]  142 	ld	a, (0x03, sp)
      00005F 90 97            [ 1]  143 	ld	yl, a
      000061 72 A9r00r08      [ 2]  144 	addw	y, #(_digitTable+0)
      000065 90 F6            [ 1]  145 	ld	a, (y)
      000067 F7               [ 1]  146 	ld	(x), a
      000068                        147 00105$:
                                    148 ;	../../my_STM8_libraries/stm8_7SEG595_display.c: 60: }
      000068 85               [ 2]  149 	popw	x
      000069 84               [ 1]  150 	pop	a
      00006A FC               [ 2]  151 	jp	(x)
                                    152 ;	../../my_STM8_libraries/stm8_7SEG595_display.c: 61: void refresh_display(void)
                                    153 ;	-----------------------------------------
                                    154 ;	 function refresh_display
                                    155 ;	-----------------------------------------
      00006B                        156 _refresh_display:
                                    157 ;	../../my_STM8_libraries/stm8_7SEG595_display.c: 63: write_SPI(displayBuffer[currentPosition]);
      00006B 5F               [ 1]  158 	clrw	x
      00006C C6u00u00         [ 1]  159 	ld	a, _currentPosition+0
      00006F 97               [ 1]  160 	ld	xl, a
      000070 D6u00u03         [ 1]  161 	ld	a, (_displayBuffer+0, x)
      000073 CDr00r00         [ 4]  162 	call	_write_SPI
                                    163 ;	../../my_STM8_libraries/stm8_7SEG595_display.c: 64: write_SPI(positionTable[currentPosition]);
      000076 5F               [ 1]  164 	clrw	x
      000077 C6u00u00         [ 1]  165 	ld	a, _currentPosition+0
      00007A 97               [ 1]  166 	ld	xl, a
      00007B D6u00u00         [ 1]  167 	ld	a, (_positionTable+0, x)
      00007E CDr00r00         [ 4]  168 	call	_write_SPI
                                    169 ;	../../my_STM8_libraries/stm8_7SEG595_display.c: 66: writePin(latchPort, latchPin, HIGH);
      000081 4B 01            [ 1]  170 	push	#0x01
      000083 C6u00u02         [ 1]  171 	ld	a, _latchPin+0
      000086 CEu00u00         [ 2]  172 	ldw	x, _latchPort+0
      000089 CDr00r00         [ 4]  173 	call	_writePin
                                    174 ;	../../my_STM8_libraries/stm8_7SEG595_display.c: 67: writePin(latchPort, latchPin, LOW);
      00008C 4B 00            [ 1]  175 	push	#0x00
      00008E C6u00u02         [ 1]  176 	ld	a, _latchPin+0
      000091 CEu00u00         [ 2]  177 	ldw	x, _latchPort+0
      000094 CDr00r00         [ 4]  178 	call	_writePin
                                    179 ;	../../my_STM8_libraries/stm8_7SEG595_display.c: 69: currentPosition++;
      000097 72 5Cu00u00      [ 1]  180 	inc	_currentPosition+0
                                    181 ;	../../my_STM8_libraries/stm8_7SEG595_display.c: 70: if (currentPosition > 7) currentPosition = 0;
      00009B C6u00u00         [ 1]  182 	ld	a, _currentPosition+0
      00009E A1 07            [ 1]  183 	cp	a, #0x07
      0000A0 22 01            [ 1]  184 	jrugt	00110$
      0000A2 81               [ 4]  185 	ret
      0000A3                        186 00110$:
      0000A3 72 5Fu00u00      [ 1]  187 	clr	_currentPosition+0
                                    188 ;	../../my_STM8_libraries/stm8_7SEG595_display.c: 71: }
      0000A7 81               [ 4]  189 	ret
                                    190 	.area CODE
                                    191 	.area CONST
      000000                        192 _positionTable:
      000000 08                     193 	.db #0x08	; 8
      000001 04                     194 	.db #0x04	; 4
      000002 02                     195 	.db #0x02	; 2
      000003 01                     196 	.db #0x01	; 1
      000004 80                     197 	.db #0x80	; 128
      000005 40                     198 	.db #0x40	; 64
      000006 20                     199 	.db #0x20	; 32
      000007 10                     200 	.db #0x10	; 16
      000008                        201 _digitTable:
      000008 C0                     202 	.db #0xc0	; 192
      000009 F9                     203 	.db #0xf9	; 249
      00000A A4                     204 	.db #0xa4	; 164
      00000B B0                     205 	.db #0xb0	; 176
      00000C 99                     206 	.db #0x99	; 153
      00000D 92                     207 	.db #0x92	; 146
      00000E 82                     208 	.db #0x82	; 130
      00000F F8                     209 	.db #0xf8	; 248
      000010 80                     210 	.db #0x80	; 128
      000011 90                     211 	.db #0x90	; 144
                                    212 	.area INITIALIZER
      000000                        213 __xinit__currentPosition:
      000000 00                     214 	.db #0x00	; 0
                                    215 	.area CABS (ABS)
