ASxxxx Linker V03.00/V05.40 + sdld,  page 1.
Hexadecimal  [32-Bits]

Area                                    Addr        Size        Decimal Bytes (Attributes)
--------------------------------        ----        ----        ------- ----- ------------
.  .ABS.                            00000000    00000000 =           0. bytes (ABS,CON)

         Value  Global                             Global Defined In Module
         -----  --------------------------------   ------------------------
     00000000  .__.ABS.                           
     00000000  l_CABS                          
     00000000  l_DABS                          
     00000000  l_DATA                          
     00000000  l__CODE                         
     00000000  s_CABS                          
     00000000  s_DABS                          
     00000000  s__CODE                         
     00000001  l_SSEG                          
     00000001  s_DATA                          
     00000001  s_INITIALIZED                   
     00000003  l_GSFINAL                       
     00000006  l_INITIALIZED                   
     00000006  l_INITIALIZER                   
     00000007  s_SSEG                          
     00000020  l_CONST                         
     00000023  l_GSINIT                        
     0000006B  l_HOME                          
     000006AB  l_CODE                          
     00008000  s_HOME                          
     0000806B  s_GSINIT                        
     0000808E  s_GSFINAL                       
     00008091  s_CONST                         
     000080B1  s_INITIALIZER                   
     000080B7  s_CODE                          

ASxxxx Linker V03.00/V05.40 + sdld,  page 2.
Hexadecimal  [32-Bits]

Area                                    Addr        Size        Decimal Bytes (Attributes)
--------------------------------        ----        ----        ------- ----- ------------
INITIALIZED                         00000001    00000006 =           6. bytes (REL,CON)

         Value  Global                             Global Defined In Module
         -----  --------------------------------   ------------------------
ASxxxx Linker V03.00/V05.40 + sdld,  page 3.
Hexadecimal  [32-Bits]

Area                                    Addr        Size        Decimal Bytes (Attributes)
--------------------------------        ----        ----        ------- ----- ------------
SSEG                                00000007    00000001 =           1. bytes (REL,CON)

         Value  Global                             Global Defined In Module
         -----  --------------------------------   ------------------------
ASxxxx Linker V03.00/V05.40 + sdld,  page 4.
Hexadecimal  [32-Bits]

Area                                    Addr        Size        Decimal Bytes (Attributes)
--------------------------------        ----        ----        ------- ----- ------------
HOME                                00008000    0000006B =         107. bytes (REL,CON)

         Value  Global                             Global Defined In Module
         -----  --------------------------------   ------------------------
ASxxxx Linker V03.00/V05.40 + sdld,  page 5.
Hexadecimal  [32-Bits]

Area                                    Addr        Size        Decimal Bytes (Attributes)
--------------------------------        ----        ----        ------- ----- ------------
GSINIT                              0000806B    00000023 =          35. bytes (REL,CON)

         Value  Global                             Global Defined In Module
         -----  --------------------------------   ------------------------
ASxxxx Linker V03.00/V05.40 + sdld,  page 6.
Hexadecimal  [32-Bits]

Area                                    Addr        Size        Decimal Bytes (Attributes)
--------------------------------        ----        ----        ------- ----- ------------
GSFINAL                             0000808E    00000003 =           3. bytes (REL,CON)

         Value  Global                             Global Defined In Module
         -----  --------------------------------   ------------------------
ASxxxx Linker V03.00/V05.40 + sdld,  page 7.
Hexadecimal  [32-Bits]

Area                                    Addr        Size        Decimal Bytes (Attributes)
--------------------------------        ----        ----        ------- ----- ------------
CONST                               00008091    00000020 =          32. bytes (REL,CON)

         Value  Global                             Global Defined In Module
         -----  --------------------------------   ------------------------
ASxxxx Linker V03.00/V05.40 + sdld,  page 8.
Hexadecimal  [32-Bits]

Area                                    Addr        Size        Decimal Bytes (Attributes)
--------------------------------        ----        ----        ------- ----- ------------
INITIALIZER                         000080B1    00000006 =           6. bytes (REL,CON)

         Value  Global                             Global Defined In Module
         -----  --------------------------------   ------------------------
ASxxxx Linker V03.00/V05.40 + sdld,  page 9.
Hexadecimal  [32-Bits]

Area                                    Addr        Size        Decimal Bytes (Attributes)
--------------------------------        ----        ----        ------- ----- ------------
CODE                                000080B7    000006AB =        1707. bytes (REL,CON)

         Value  Global                             Global Defined In Module
         -----  --------------------------------   ------------------------
     000080B7  _TIM4_UPD_OVF_IRQHandler           main
     000080C1  _main                              main
     000081A2  _init_ADC                          stm8_ADC
     0000820B  _start_ADC                         stm8_ADC
     00008210  _isReady_ADC                       stm8_ADC
     0000821A  _getValue_ADC                      stm8_ADC
     0000822D  _pinMode                           stm8_GPIO
     000082BB  _writePin                          stm8_GPIO
     000082E7  _togglePin                         stm8_GPIO
     00008305  _readPin                           stm8_GPIO
     00008331  _init_I2C                          stm8_I2C
     0000834E  _start_I2C                         stm8_I2C
     00008365  _sendAddress_I2C                   stm8_I2C
     00008381  _write_I2C                         stm8_I2C
     00008397  _readAck_I2C                       stm8_I2C
     000083A4  _readNack_I2C                      stm8_I2C
     000083B5  _stop_I2C                          stm8_I2C
     000083BA  _init_PWM                          stm8_PWM
     00008426  _startChannel_PWM                  stm8_PWM
     0000845A  _stopChannel_PWM                   stm8_PWM
     00008476  _write_PWM                         stm8_PWM
     000084A6  _writePercent_PWM                  stm8_PWM
     000084EF  _tick_TIME                         stm8_TIME
     00008503  _init_TIME                         stm8_TIME
     00008523  _get_milsec                        stm8_TIME
     0000852D  _get_micsec                        stm8_TIME
     0000856C  _delay                             stm8_TIME
     000085A0  _init_UART                         stm8_UART
     000085EF  _sendByte_UART                     stm8_UART
     000085FF  _sendString_UART                   stm8_UART
     0000860C  _sendLine_UART                     stm8_UART
     00008616  _sendInt_UART                      stm8_UART
     0000867B  _available_UART                    stm8_UART
     00008685  _read_UART                         stm8_UART
     00008689  __divulong                         _divulong
     000086E4  ___sdcc_external_startup           _startup
     000086E6  __mullong                          

ASxxxx Linker V03.00/V05.40 + sdld,  page 10.

Files Linked                              [ module(s) ]

build/main.rel                            [ main ]
build/stm8_ADC.rel                        [ stm8_ADC ]
build/stm8_GPIO.rel                       [ stm8_GPIO ]
build/stm8_I2C.rel                        [ stm8_I2C ]
build/stm8_PWM.rel                        [ stm8_PWM ]
build/stm8_TIME.rel                       [ stm8_TIME ]
build/stm8_UART.rel                       [ stm8_UART ]


Libraries Linked                          [ object file ]

C:\Program Files\sdcc\bin\..\lib\stm8/stm8.lib
                                          [ _divulong.rel ]
C:\Program Files\sdcc\bin\..\lib\stm8/stm8.lib
                                          [ _startup.rel ]
C:\Program Files\sdcc\bin\..\lib\stm8/stm8.lib
                                          [ _mullong.rel ]

ASxxxx Linker V03.00/V05.40 + sdld,  page 11.

User Base Address Definitions

HOME = 0x8000
DATA = 0x0001

