                                      1 ;--------------------------------------------------------
                                      2 ; File Created by SDCC : free open source ISO C Compiler
                                      3 ; Version 4.5.10 #15702 (MINGW64)
                                      4 ;--------------------------------------------------------
                                      5 	.module main
                                      6 	
                                      7 ;--------------------------------------------------------
                                      8 ; Public variables in this module
                                      9 ;--------------------------------------------------------
                                     10 	.globl _main
                                     11 	.globl _tim4_inerrupts
                                     12 	.globl _digitalRead
                                     13 	.globl _digitalWrite
                                     14 	.globl _pinMode
                                     15 	.globl _tim4_tick
                                     16 	.globl _time_init
                                     17 	.globl _millis
                                     18 ;--------------------------------------------------------
                                     19 ; ram data
                                     20 ;--------------------------------------------------------
                                     21 	.area DATA
                                     22 ;--------------------------------------------------------
                                     23 ; ram data
                                     24 ;--------------------------------------------------------
                                     25 	.area INITIALIZED
                                     26 ;--------------------------------------------------------
                                     27 ; Stack segment in internal ram
                                     28 ;--------------------------------------------------------
                                     29 	.area SSEG
      000000                         30 __start__stack:
      000000                         31 	.ds	1
                                     32 
                                     33 ;--------------------------------------------------------
                                     34 ; absolute external ram data
                                     35 ;--------------------------------------------------------
                                     36 	.area DABS (ABS)
                                     37 
                                     38 ; default segment ordering for linker
                                     39 	.area HOME
                                     40 	.area GSINIT
                                     41 	.area GSFINAL
                                     42 	.area CONST
                                     43 	.area INITIALIZER
                                     44 	.area CODE
                                     45 
                                     46 ;--------------------------------------------------------
                                     47 ; interrupt vector
                                     48 ;--------------------------------------------------------
                                     49 	.area HOME
      000000                         50 __interrupt_vect:
      000000 82v00u00u00             51 	int s_GSINIT ; reset
      000004 82 00 00 00             52 	int 0x000000 ; trap
      000008 82 00 00 00             53 	int 0x000000 ; int0
      00000C 82 00 00 00             54 	int 0x000000 ; int1
      000010 82 00 00 00             55 	int 0x000000 ; int2
      000014 82 00 00 00             56 	int 0x000000 ; int3
      000018 82 00 00 00             57 	int 0x000000 ; int4
      00001C 82 00 00 00             58 	int 0x000000 ; int5
      000020 82 00 00 00             59 	int 0x000000 ; int6
      000024 82 00 00 00             60 	int 0x000000 ; int7
      000028 82 00 00 00             61 	int 0x000000 ; int8
      00002C 82 00 00 00             62 	int 0x000000 ; int9
      000030 82 00 00 00             63 	int 0x000000 ; int10
      000034 82 00 00 00             64 	int 0x000000 ; int11
      000038 82 00 00 00             65 	int 0x000000 ; int12
      00003C 82 00 00 00             66 	int 0x000000 ; int13
      000040 82 00 00 00             67 	int 0x000000 ; int14
      000044 82 00 00 00             68 	int 0x000000 ; int15
      000048 82 00 00 00             69 	int 0x000000 ; int16
      00004C 82 00 00 00             70 	int 0x000000 ; int17
      000050 82 00 00 00             71 	int 0x000000 ; int18
      000054 82 00 00 00             72 	int 0x000000 ; int19
      000058 82 00 00 00             73 	int 0x000000 ; int20
      00005C 82 00 00 00             74 	int 0x000000 ; int21
      000060 82 00 00 00             75 	int 0x000000 ; int22
      000064 82v00u00u00             76 	int _tim4_inerrupts ; int23
                                     77 ;--------------------------------------------------------
                                     78 ; global & static initialisations
                                     79 ;--------------------------------------------------------
                                     80 	.area HOME
                                     81 	.area GSINIT
                                     82 	.area GSFINAL
                                     83 	.area GSINIT
      000000 CDr00r00         [ 4]   84 	call	___sdcc_external_startup
      000003 4D               [ 1]   85 	tnz	a
      000004 27 03            [ 1]   86 	jreq	__sdcc_init_data
      000006 CCr00r68         [ 2]   87 	jp	__sdcc_program_startup
      000009                         88 __sdcc_init_data:
                                     89 ; stm8_genXINIT() start
      000009 AEr00r00         [ 2]   90 	ldw x, #l_DATA
      00000C 27 07            [ 1]   91 	jreq	00002$
      00000E                         92 00001$:
      00000E 72 4FuFFuFF      [ 1]   93 	clr (s_DATA - 1, x)
      000012 5A               [ 2]   94 	decw x
      000013 26 F9            [ 1]   95 	jrne	00001$
      000015                         96 00002$:
      000015 AEr00r00         [ 2]   97 	ldw	x, #l_INITIALIZER
      000018 27 09            [ 1]   98 	jreq	00004$
      00001A                         99 00003$:
      00001A D6uFFuFF         [ 1]  100 	ld	a, (s_INITIALIZER - 1, x)
      00001D D7uFFuFF         [ 1]  101 	ld	(s_INITIALIZED - 1, x), a
      000020 5A               [ 2]  102 	decw	x
      000021 26 F7            [ 1]  103 	jrne	00003$
      000023                        104 00004$:
                                    105 ; stm8_genXINIT() end
                                    106 	.area GSFINAL
      000000 CCr00r68         [ 2]  107 	jp	__sdcc_program_startup
                                    108 ;--------------------------------------------------------
                                    109 ; Home
                                    110 ;--------------------------------------------------------
                                    111 	.area HOME
                                    112 	.area HOME
      000068                        113 __sdcc_program_startup:
      000068 CCr00r0A         [ 2]  114 	jp	_main
                                    115 ;	return from main will return to caller
                                    116 ;--------------------------------------------------------
                                    117 ; code
                                    118 ;--------------------------------------------------------
                                    119 	.area CODE
                                    120 ;	main.c: 6: void tim4_inerrupts(void) __interrupt(23)
                                    121 ;	-----------------------------------------
                                    122 ;	 function tim4_inerrupts
                                    123 ;	-----------------------------------------
      000000                        124 _tim4_inerrupts:
      000000 4F               [ 1]  125 	clr	a
      000001 62               [ 2]  126 	div	x, a
                                    127 ;	main.c: 8: TIM4_SR = 0;
      000002 35 00 53 44      [ 1]  128 	mov	0x5344+0, #0x00
                                    129 ;	main.c: 9: tim4_tick();
      000006 CDr00r00         [ 4]  130 	call	_tim4_tick
                                    131 ;	main.c: 10: }
      000009 80               [11]  132 	iret
                                    133 ;	main.c: 12: void main(void)
                                    134 ;	-----------------------------------------
                                    135 ;	 function main
                                    136 ;	-----------------------------------------
      00000A                        137 _main:
      00000A 52 09            [ 2]  138 	sub	sp, #9
                                    139 ;	main.c: 14: pinMode(PORT_A, 1, PIN_INPUT_PULLUP);
      00000C 4B 02            [ 1]  140 	push	#0x02
      00000E 4B 01            [ 1]  141 	push	#0x01
      000010 4F               [ 1]  142 	clr	a
      000011 CDr00r00         [ 4]  143 	call	_pinMode
                                    144 ;	main.c: 15: pinMode(PORT_B, 5, PIN_OUTPUT);
      000014 4B 01            [ 1]  145 	push	#0x01
      000016 4B 05            [ 1]  146 	push	#0x05
      000018 A6 01            [ 1]  147 	ld	a, #0x01
      00001A CDr00r00         [ 4]  148 	call	_pinMode
                                    149 ;	main.c: 17: time_init();
      00001D CDr00r00         [ 4]  150 	call	_time_init
                                    151 ;	main.c: 18: enableInterrupts();
      000020 9A               [ 1]  152 	rim
                                    153 ;	main.c: 20: uint32_t timer0 = 0;
      000021 5F               [ 1]  154 	clrw	x
      000022 1F 03            [ 2]  155 	ldw	(0x03, sp), x
      000024 1F 01            [ 2]  156 	ldw	(0x01, sp), x
                                    157 ;	main.c: 22: uint8_t flag = 0;
      000026 0F 05            [ 1]  158 	clr	(0x05, sp)
                                    159 ;	main.c: 24: while(1)
      000028                        160 00116$:
                                    161 ;	main.c: 26: button = !digitalRead(PORT_A, 1);
      000028 4B 01            [ 1]  162 	push	#0x01
      00002A 4F               [ 1]  163 	clr	a
      00002B CDr00r00         [ 4]  164 	call	_digitalRead
      00002E A0 01            [ 1]  165 	sub	a, #0x01
      000030 4F               [ 1]  166 	clr	a
      000031 49               [ 1]  167 	rlc	a
                                    168 ;	main.c: 27: if (button == 1 && flag == 0 && millis() - timer0 >= 50) {
      000032 6B 06            [ 1]  169 	ld	(0x06, sp), a
      000034 4A               [ 1]  170 	dec	a
      000035 26 05            [ 1]  171 	jrne	00184$
      000037 A6 01            [ 1]  172 	ld	a, #0x01
      000039 6B 07            [ 1]  173 	ld	(0x07, sp), a
      00003B C5                     174 	.byte 0xc5
      00003C                        175 00184$:
      00003C 0F 07            [ 1]  176 	clr	(0x07, sp)
      00003E                        177 00185$:
                                    178 ;	main.c: 29: flag = !flag;
      00003E 7B 05            [ 1]  179 	ld	a, (0x05, sp)
      000040 A0 01            [ 1]  180 	sub	a, #0x01
      000042 4F               [ 1]  181 	clr	a
      000043 49               [ 1]  182 	rlc	a
      000044 6B 08            [ 1]  183 	ld	(0x08, sp), a
                                    184 ;	main.c: 27: if (button == 1 && flag == 0 && millis() - timer0 >= 50) {
      000046 0D 07            [ 1]  185 	tnz	(0x07, sp)
      000048 27 2E            [ 1]  186 	jreq	00111$
      00004A 0D 05            [ 1]  187 	tnz	(0x05, sp)
      00004C 26 2A            [ 1]  188 	jrne	00111$
      00004E CDr00r00         [ 4]  189 	call	_millis
      000051 72 F0 03         [ 2]  190 	subw	x, (0x03, sp)
      000054 90 9F            [ 1]  191 	ld	a, yl
      000056 12 02            [ 1]  192 	sbc	a, (0x02, sp)
      000058 90 97            [ 1]  193 	ld	yl, a
      00005A 90 9E            [ 1]  194 	ld	a, yh
      00005C 12 01            [ 1]  195 	sbc	a, (0x01, sp)
      00005E 88               [ 1]  196 	push	a
      00005F A3 00 32         [ 2]  197 	cpw	x, #0x0032
      000062 90 9F            [ 1]  198 	ld	a, yl
      000064 A2 00            [ 1]  199 	sbc	a, #0x00
      000066 84               [ 1]  200 	pop	a
      000067 A2 00            [ 1]  201 	sbc	a, #0x00
      000069 25 0D            [ 1]  202 	jrc	00111$
                                    203 ;	main.c: 28: timer0 = millis();
      00006B CDr00r00         [ 4]  204 	call	_millis
      00006E 1F 03            [ 2]  205 	ldw	(0x03, sp), x
      000070 17 01            [ 2]  206 	ldw	(0x01, sp), y
                                    207 ;	main.c: 29: flag = !flag;
      000072 7B 08            [ 1]  208 	ld	a, (0x08, sp)
      000074 6B 05            [ 1]  209 	ld	(0x05, sp), a
      000076 20 B0            [ 2]  210 	jra	00116$
      000078                        211 00111$:
                                    212 ;	main.c: 32: else if (button == 1 && flag == 1) {
      000078 7B 05            [ 1]  213 	ld	a, (0x05, sp)
      00007A 4A               [ 1]  214 	dec	a
      00007B 26 05            [ 1]  215 	jrne	00190$
      00007D A6 01            [ 1]  216 	ld	a, #0x01
      00007F 6B 09            [ 1]  217 	ld	(0x09, sp), a
      000081 C5                     218 	.byte 0xc5
      000082                        219 00190$:
      000082 0F 09            [ 1]  220 	clr	(0x09, sp)
      000084                        221 00191$:
      000084 0D 07            [ 1]  222 	tnz	(0x07, sp)
      000086 27 0F            [ 1]  223 	jreq	00107$
      000088 0D 09            [ 1]  224 	tnz	(0x09, sp)
      00008A 27 0B            [ 1]  225 	jreq	00107$
                                    226 ;	main.c: 33: digitalWrite(PORT_B, 5, LOW);
      00008C 4B 00            [ 1]  227 	push	#0x00
      00008E 4B 05            [ 1]  228 	push	#0x05
      000090 A6 01            [ 1]  229 	ld	a, #0x01
      000092 CDr00r00         [ 4]  230 	call	_digitalWrite
      000095 20 91            [ 2]  231 	jra	00116$
      000097                        232 00107$:
                                    233 ;	main.c: 35: else if (button == 0 && flag == 1 && millis() - timer0 >= 50) {
      000097 0D 06            [ 1]  234 	tnz	(0x06, sp)
      000099 26 2D            [ 1]  235 	jrne	00102$
      00009B 0D 09            [ 1]  236 	tnz	(0x09, sp)
      00009D 27 29            [ 1]  237 	jreq	00102$
      00009F CDr00r00         [ 4]  238 	call	_millis
      0000A2 51               [ 1]  239 	exgw	x, y
      0000A3 72 F2 03         [ 2]  240 	subw	y, (0x03, sp)
      0000A6 9F               [ 1]  241 	ld	a, xl
      0000A7 12 02            [ 1]  242 	sbc	a, (0x02, sp)
      0000A9 97               [ 1]  243 	ld	xl, a
      0000AA 9E               [ 1]  244 	ld	a, xh
      0000AB 12 01            [ 1]  245 	sbc	a, (0x01, sp)
      0000AD 88               [ 1]  246 	push	a
      0000AE 90 A3 00 32      [ 2]  247 	cpw	y, #0x0032
      0000B2 9F               [ 1]  248 	ld	a, xl
      0000B3 A2 00            [ 1]  249 	sbc	a, #0x00
      0000B5 84               [ 1]  250 	pop	a
      0000B6 A2 00            [ 1]  251 	sbc	a, #0x00
      0000B8 25 0E            [ 1]  252 	jrc	00102$
                                    253 ;	main.c: 36: timer0 = millis();
      0000BA CDr00r00         [ 4]  254 	call	_millis
      0000BD 1F 03            [ 2]  255 	ldw	(0x03, sp), x
      0000BF 17 01            [ 2]  256 	ldw	(0x01, sp), y
                                    257 ;	main.c: 37: flag = !flag;
      0000C1 7B 08            [ 1]  258 	ld	a, (0x08, sp)
      0000C3 6B 05            [ 1]  259 	ld	(0x05, sp), a
      0000C5 CCr00r28         [ 2]  260 	jp	00116$
      0000C8                        261 00102$:
                                    262 ;	main.c: 39: else digitalWrite(PORT_B, 5, HIGH);
      0000C8 4B 01            [ 1]  263 	push	#0x01
      0000CA 4B 05            [ 1]  264 	push	#0x05
      0000CC A6 01            [ 1]  265 	ld	a, #0x01
      0000CE CDr00r00         [ 4]  266 	call	_digitalWrite
                                    267 ;	main.c: 41: }
      0000D1 CCr00r28         [ 2]  268 	jp	00116$
                                    269 	.area CODE
                                    270 	.area CONST
                                    271 	.area INITIALIZER
                                    272 	.area CABS (ABS)
