                                      1 ;--------------------------------------------------------
                                      2 ; File Created by SDCC : free open source ISO C Compiler
                                      3 ; Version 4.5.10 #15702 (MINGW64)
                                      4 ;--------------------------------------------------------
                                      5 	.module stm8_gpio
                                      6 	
                                      7 ;--------------------------------------------------------
                                      8 ; Public variables in this module
                                      9 ;--------------------------------------------------------
                                     10 	.globl _pinMode
                                     11 	.globl _digitalWrite
                                     12 	.globl _togglePin
                                     13 	.globl _digitalRead
                                     14 ;--------------------------------------------------------
                                     15 ; ram data
                                     16 ;--------------------------------------------------------
                                     17 	.area DATA
                                     18 ;--------------------------------------------------------
                                     19 ; ram data
                                     20 ;--------------------------------------------------------
                                     21 	.area INITIALIZED
      000000                         22 _gpio_ports:
      000000                         23 	.ds 32
                                     24 ;--------------------------------------------------------
                                     25 ; absolute external ram data
                                     26 ;--------------------------------------------------------
                                     27 	.area DABS (ABS)
                                     28 
                                     29 ; default segment ordering for linker
                                     30 	.area HOME
                                     31 	.area GSINIT
                                     32 	.area GSFINAL
                                     33 	.area CONST
                                     34 	.area INITIALIZER
                                     35 	.area CODE
                                     36 
                                     37 ;--------------------------------------------------------
                                     38 ; global & static initialisations
                                     39 ;--------------------------------------------------------
                                     40 	.area HOME
                                     41 	.area GSINIT
                                     42 	.area GSFINAL
                                     43 	.area GSINIT
                                     44 ;--------------------------------------------------------
                                     45 ; Home
                                     46 ;--------------------------------------------------------
                                     47 	.area HOME
                                     48 	.area HOME
                                     49 ;--------------------------------------------------------
                                     50 ; code
                                     51 ;--------------------------------------------------------
                                     52 	.area CODE
                                     53 ;	stm8_gpio.c: 42: void pinMode(Port_t port, uint8_t pin, PinMode_t mode)
                                     54 ;	-----------------------------------------
                                     55 ;	 function pinMode
                                     56 ;	-----------------------------------------
      000000                         57 _pinMode:
      000000 52 06            [ 2]   58 	sub	sp, #6
      000002 97               [ 1]   59 	ld	xl, a
                                     60 ;	stm8_gpio.c: 44: GPIO_Port *p = &gpio_ports[port];
      000003 A6 08            [ 1]   61 	ld	a, #0x08
      000005 42               [ 4]   62 	mul	x, a
      000006 1Cr00r00         [ 2]   63 	addw	x, #(_gpio_ports+0)
                                     64 ;	stm8_gpio.c: 47: *p->DDR |=  (1 << pin);   // output
      000009 90 93            [ 1]   65 	ldw	y, x
      00000B A6 01            [ 1]   66 	ld	a, #0x01
      00000D 6B 01            [ 1]   67 	ld	(0x01, sp), a
      00000F 7B 09            [ 1]   68 	ld	a, (0x09, sp)
      000011 27 05            [ 1]   69 	jreq	00124$
      000013                         70 00123$:
      000013 08 01            [ 1]   71 	sll	(0x01, sp)
      000015 4A               [ 1]   72 	dec	a
      000016 26 FB            [ 1]   73 	jrne	00123$
      000018                         74 00124$:
                                     75 ;	stm8_gpio.c: 48: *p->CR1 |=  (1 << pin);   // push-pull
      000018 72 A9 00 04      [ 2]   76 	addw	y, #0x0004
      00001C 17 02            [ 2]   77 	ldw	(0x02, sp), y
                                     78 ;	stm8_gpio.c: 47: *p->DDR |=  (1 << pin);   // output
      00001E EE 02            [ 2]   79 	ldw	x, (0x2, x)
      000020 1F 04            [ 2]   80 	ldw	(0x04, sp), x
      000022 F6               [ 1]   81 	ld	a, (x)
      000023 97               [ 1]   82 	ld	xl, a
                                     83 ;	stm8_gpio.c: 46: if (mode == PIN_OUTPUT) {
      000024 7B 0A            [ 1]   84 	ld	a, (0x0a, sp)
      000026 4A               [ 1]   85 	dec	a
      000027 26 0F            [ 1]   86 	jrne	00105$
                                     87 ;	stm8_gpio.c: 47: *p->DDR |=  (1 << pin);   // output
      000029 9F               [ 1]   88 	ld	a, xl
      00002A 1A 01            [ 1]   89 	or	a, (0x01, sp)
      00002C 1E 04            [ 2]   90 	ldw	x, (0x04, sp)
      00002E F7               [ 1]   91 	ld	(x), a
                                     92 ;	stm8_gpio.c: 48: *p->CR1 |=  (1 << pin);   // push-pull
      00002F 1E 02            [ 2]   93 	ldw	x, (0x02, sp)
      000031 FE               [ 2]   94 	ldw	x, (x)
      000032 F6               [ 1]   95 	ld	a, (x)
      000033 1A 01            [ 1]   96 	or	a, (0x01, sp)
      000035 F7               [ 1]   97 	ld	(x), a
      000036 20 22            [ 2]   98 	jra	00107$
      000038                         99 00105$:
                                    100 ;	stm8_gpio.c: 51: *p->DDR &= ~(1 << pin);   // input
      000038 7B 01            [ 1]  101 	ld	a, (0x01, sp)
      00003A 43               [ 1]  102 	cpl	a
      00003B 6B 06            [ 1]  103 	ld	(0x06, sp), a
      00003D 9F               [ 1]  104 	ld	a, xl
      00003E 14 06            [ 1]  105 	and	a, (0x06, sp)
                                    106 ;	stm8_gpio.c: 50: else if (mode == PIN_INPUT) {
      000040 0D 0A            [ 1]  107 	tnz	(0x0a, sp)
      000042 26 0C            [ 1]  108 	jrne	00102$
                                    109 ;	stm8_gpio.c: 51: *p->DDR &= ~(1 << pin);   // input
      000044 1E 04            [ 2]  110 	ldw	x, (0x04, sp)
      000046 F7               [ 1]  111 	ld	(x), a
                                    112 ;	stm8_gpio.c: 52: *p->CR1 &= ~(1 << pin);   // floating
      000047 1E 02            [ 2]  113 	ldw	x, (0x02, sp)
      000049 FE               [ 2]  114 	ldw	x, (x)
      00004A F6               [ 1]  115 	ld	a, (x)
      00004B 14 06            [ 1]  116 	and	a, (0x06, sp)
      00004D F7               [ 1]  117 	ld	(x), a
      00004E 20 0A            [ 2]  118 	jra	00107$
      000050                        119 00102$:
                                    120 ;	stm8_gpio.c: 55: *p->DDR &= ~(1 << pin);   // input
      000050 1E 04            [ 2]  121 	ldw	x, (0x04, sp)
      000052 F7               [ 1]  122 	ld	(x), a
                                    123 ;	stm8_gpio.c: 56: *p->CR1 |= (1 << pin);
      000053 1E 02            [ 2]  124 	ldw	x, (0x02, sp)
      000055 FE               [ 2]  125 	ldw	x, (x)
      000056 F6               [ 1]  126 	ld	a, (x)
      000057 1A 01            [ 1]  127 	or	a, (0x01, sp)
      000059 F7               [ 1]  128 	ld	(x), a
      00005A                        129 00107$:
                                    130 ;	stm8_gpio.c: 58: }
      00005A 1E 07            [ 2]  131 	ldw	x, (7, sp)
      00005C 5B 0A            [ 2]  132 	addw	sp, #10
      00005E FC               [ 2]  133 	jp	(x)
                                    134 ;	stm8_gpio.c: 60: void digitalWrite(Port_t port, uint8_t pin, PinState_t state)
                                    135 ;	-----------------------------------------
                                    136 ;	 function digitalWrite
                                    137 ;	-----------------------------------------
      00005F                        138 _digitalWrite:
      00005F 52 02            [ 2]  139 	sub	sp, #2
      000061 97               [ 1]  140 	ld	xl, a
                                    141 ;	stm8_gpio.c: 62: GPIO_Port *p = &gpio_ports[port];
      000062 A6 08            [ 1]  142 	ld	a, #0x08
      000064 42               [ 4]  143 	mul	x, a
      000065 1Cr00r00         [ 2]  144 	addw	x, #(_gpio_ports+0)
                                    145 ;	stm8_gpio.c: 65: *p->ODR |=  (1 << pin);
      000068 A6 01            [ 1]  146 	ld	a, #0x01
      00006A 6B 01            [ 1]  147 	ld	(0x01, sp), a
      00006C 7B 05            [ 1]  148 	ld	a, (0x05, sp)
      00006E 27 05            [ 1]  149 	jreq	00114$
      000070                        150 00113$:
      000070 08 01            [ 1]  151 	sll	(0x01, sp)
      000072 4A               [ 1]  152 	dec	a
      000073 26 FB            [ 1]  153 	jrne	00113$
      000075                        154 00114$:
      000075 FE               [ 2]  155 	ldw	x, (x)
      000076 F6               [ 1]  156 	ld	a, (x)
      000077 6B 02            [ 1]  157 	ld	(0x02, sp), a
                                    158 ;	stm8_gpio.c: 64: if (state == HIGH)
      000079 7B 06            [ 1]  159 	ld	a, (0x06, sp)
      00007B 4A               [ 1]  160 	dec	a
      00007C 26 07            [ 1]  161 	jrne	00102$
                                    162 ;	stm8_gpio.c: 65: *p->ODR |=  (1 << pin);
      00007E 7B 02            [ 1]  163 	ld	a, (0x02, sp)
      000080 1A 01            [ 1]  164 	or	a, (0x01, sp)
      000082 F7               [ 1]  165 	ld	(x), a
      000083 20 06            [ 2]  166 	jra	00104$
      000085                        167 00102$:
                                    168 ;	stm8_gpio.c: 67: *p->ODR &= ~(1 << pin);
      000085 7B 01            [ 1]  169 	ld	a, (0x01, sp)
      000087 43               [ 1]  170 	cpl	a
      000088 14 02            [ 1]  171 	and	a, (0x02, sp)
      00008A F7               [ 1]  172 	ld	(x), a
      00008B                        173 00104$:
                                    174 ;	stm8_gpio.c: 68: }
      00008B 1E 03            [ 2]  175 	ldw	x, (3, sp)
      00008D 5B 06            [ 2]  176 	addw	sp, #6
      00008F FC               [ 2]  177 	jp	(x)
                                    178 ;	stm8_gpio.c: 70: void togglePin(Port_t port, uint8_t pin)
                                    179 ;	-----------------------------------------
                                    180 ;	 function togglePin
                                    181 ;	-----------------------------------------
      000090                        182 _togglePin:
      000090 88               [ 1]  183 	push	a
      000091 97               [ 1]  184 	ld	xl, a
                                    185 ;	stm8_gpio.c: 72: GPIO_Port *p = &gpio_ports[port];
      000092 A6 08            [ 1]  186 	ld	a, #0x08
      000094 42               [ 4]  187 	mul	x, a
      000095 1Cr00r00         [ 2]  188 	addw	x, #(_gpio_ports+0)
                                    189 ;	stm8_gpio.c: 73: *p->ODR ^= (1 << pin);
      000098 FE               [ 2]  190 	ldw	x, (x)
      000099 F6               [ 1]  191 	ld	a, (x)
      00009A 88               [ 1]  192 	push	a
      00009B A6 01            [ 1]  193 	ld	a, #0x01
      00009D 6B 02            [ 1]  194 	ld	(0x02, sp), a
      00009F 7B 05            [ 1]  195 	ld	a, (0x05, sp)
      0000A1 27 05            [ 1]  196 	jreq	00104$
      0000A3                        197 00103$:
      0000A3 08 02            [ 1]  198 	sll	(0x02, sp)
      0000A5 4A               [ 1]  199 	dec	a
      0000A6 26 FB            [ 1]  200 	jrne	00103$
      0000A8                        201 00104$:
      0000A8 84               [ 1]  202 	pop	a
      0000A9 18 01            [ 1]  203 	xor	a, (0x01, sp)
      0000AB F7               [ 1]  204 	ld	(x), a
                                    205 ;	stm8_gpio.c: 74: }
      0000AC 84               [ 1]  206 	pop	a
      0000AD 85               [ 2]  207 	popw	x
      0000AE 84               [ 1]  208 	pop	a
      0000AF FC               [ 2]  209 	jp	(x)
                                    210 ;	stm8_gpio.c: 76: uint8_t digitalRead(Port_t port, uint8_t pin)
                                    211 ;	-----------------------------------------
                                    212 ;	 function digitalRead
                                    213 ;	-----------------------------------------
      0000B0                        214 _digitalRead:
      0000B0 52 02            [ 2]  215 	sub	sp, #2
      0000B2 97               [ 1]  216 	ld	xl, a
                                    217 ;	stm8_gpio.c: 78: GPIO_Port *p = &gpio_ports[port];
      0000B3 A6 08            [ 1]  218 	ld	a, #0x08
      0000B5 42               [ 4]  219 	mul	x, a
      0000B6 1Cr00r00         [ 2]  220 	addw	x, #(_gpio_ports+0)
                                    221 ;	stm8_gpio.c: 79: return ((*p->IDR & (1 << pin)) != 0);
      0000B9 EE 06            [ 2]  222 	ldw	x, (0x6, x)
      0000BB F6               [ 1]  223 	ld	a, (x)
      0000BC 88               [ 1]  224 	push	a
      0000BD 5F               [ 1]  225 	clrw	x
      0000BE 5C               [ 1]  226 	incw	x
      0000BF 7B 06            [ 1]  227 	ld	a, (0x06, sp)
      0000C1 27 04            [ 1]  228 	jreq	00104$
      0000C3                        229 00103$:
      0000C3 58               [ 2]  230 	sllw	x
      0000C4 4A               [ 1]  231 	dec	a
      0000C5 26 FC            [ 1]  232 	jrne	00103$
      0000C7                        233 00104$:
      0000C7 84               [ 1]  234 	pop	a
      0000C8 6B 02            [ 1]  235 	ld	(0x02, sp), a
      0000CA 0F 01            [ 1]  236 	clr	(0x01, sp)
      0000CC 9F               [ 1]  237 	ld	a, xl
      0000CD 14 02            [ 1]  238 	and	a, (0x02, sp)
      0000CF 97               [ 1]  239 	ld	xl, a
      0000D0 4F               [ 1]  240 	clr	a
      0000D1 95               [ 1]  241 	ld	xh, a
      0000D2 5D               [ 2]  242 	tnzw	x
      0000D3 26 02            [ 1]  243 	jrne	00106$
      0000D5 4F               [ 1]  244 	clr	a
      0000D6 C5                     245 	.byte 0xc5
      0000D7                        246 00106$:
      0000D7 A6 01            [ 1]  247 	ld	a, #0x01
      0000D9                        248 00107$:
                                    249 ;	stm8_gpio.c: 80: }
      0000D9 5B 02            [ 2]  250 	addw	sp, #2
      0000DB 85               [ 2]  251 	popw	x
      0000DC 5B 01            [ 2]  252 	addw	sp, #1
      0000DE FC               [ 2]  253 	jp	(x)
                                    254 	.area CODE
                                    255 	.area CONST
                                    256 	.area INITIALIZER
      000000                        257 __xinit__gpio_ports:
      000000 50 00                  258 	.dw #0x5000
      000002 50 02                  259 	.dw #0x5002
      000004 50 03                  260 	.dw #0x5003
      000006 50 01                  261 	.dw #0x5001
      000008 50 05                  262 	.dw #0x5005
      00000A 50 07                  263 	.dw #0x5007
      00000C 50 08                  264 	.dw #0x5008
      00000E 50 06                  265 	.dw #0x5006
      000010 50 0A                  266 	.dw #0x500a
      000012 50 0C                  267 	.dw #0x500c
      000014 50 0D                  268 	.dw #0x500d
      000016 50 0B                  269 	.dw #0x500b
      000018 50 0F                  270 	.dw #0x500f
      00001A 50 11                  271 	.dw #0x5011
      00001C 50 12                  272 	.dw #0x5012
      00001E 50 10                  273 	.dw #0x5010
                                    274 	.area CABS (ABS)
