                                      1 ;--------------------------------------------------------
                                      2 ; File Created by SDCC : free open source ANSI-C Compiler
                                      3 ; Version 4.2.0 #13081 (Linux)
                                      4 ;--------------------------------------------------------
                                      5 	.module main
                                      6 	.optsdcc -mstm8
                                      7 	
                                      8 ;--------------------------------------------------------
                                      9 ; Public variables in this module
                                     10 ;--------------------------------------------------------
                                     11 	.globl _main
                                     12 	.globl _BB_transmite
                                     13 	.globl _TIM4_UPD_OVF_IRQHandler
                                     14 	.globl _delay
                                     15 	.globl _init_TIME
                                     16 	.globl _tick_TIME
                                     17 	.globl _writePin
                                     18 	.globl _pinMode
                                     19 ;--------------------------------------------------------
                                     20 ; ram data
                                     21 ;--------------------------------------------------------
                                     22 	.area DATA
                                     23 ;--------------------------------------------------------
                                     24 ; ram data
                                     25 ;--------------------------------------------------------
                                     26 	.area INITIALIZED
                                     27 ;--------------------------------------------------------
                                     28 ; Stack segment in internal ram
                                     29 ;--------------------------------------------------------
                                     30 	.area	SSEG
      000000                         31 __start__stack:
      000000                         32 	.ds	1
                                     33 
                                     34 ;--------------------------------------------------------
                                     35 ; absolute external ram data
                                     36 ;--------------------------------------------------------
                                     37 	.area DABS (ABS)
                                     38 
                                     39 ; default segment ordering for linker
                                     40 	.area HOME
                                     41 	.area GSINIT
                                     42 	.area GSFINAL
                                     43 	.area CONST
                                     44 	.area INITIALIZER
                                     45 	.area CODE
                                     46 
                                     47 ;--------------------------------------------------------
                                     48 ; interrupt vector
                                     49 ;--------------------------------------------------------
                                     50 	.area HOME
      000000                         51 __interrupt_vect:
      000000 82v00u00u00             52 	int s_GSINIT ; reset
      000004 82 00 00 00             53 	int 0x000000 ; trap
      000008 82 00 00 00             54 	int 0x000000 ; int0
      00000C 82 00 00 00             55 	int 0x000000 ; int1
      000010 82 00 00 00             56 	int 0x000000 ; int2
      000014 82 00 00 00             57 	int 0x000000 ; int3
      000018 82 00 00 00             58 	int 0x000000 ; int4
      00001C 82 00 00 00             59 	int 0x000000 ; int5
      000020 82 00 00 00             60 	int 0x000000 ; int6
      000024 82 00 00 00             61 	int 0x000000 ; int7
      000028 82 00 00 00             62 	int 0x000000 ; int8
      00002C 82 00 00 00             63 	int 0x000000 ; int9
      000030 82 00 00 00             64 	int 0x000000 ; int10
      000034 82 00 00 00             65 	int 0x000000 ; int11
      000038 82 00 00 00             66 	int 0x000000 ; int12
      00003C 82 00 00 00             67 	int 0x000000 ; int13
      000040 82 00 00 00             68 	int 0x000000 ; int14
      000044 82 00 00 00             69 	int 0x000000 ; int15
      000048 82 00 00 00             70 	int 0x000000 ; int16
      00004C 82 00 00 00             71 	int 0x000000 ; int17
      000050 82 00 00 00             72 	int 0x000000 ; int18
      000054 82 00 00 00             73 	int 0x000000 ; int19
      000058 82 00 00 00             74 	int 0x000000 ; int20
      00005C 82 00 00 00             75 	int 0x000000 ; int21
      000060 82 00 00 00             76 	int 0x000000 ; int22
      000064 82v00u00u00             77 	int _TIM4_UPD_OVF_IRQHandler ; int23
                                     78 ;--------------------------------------------------------
                                     79 ; global & static initialisations
                                     80 ;--------------------------------------------------------
                                     81 	.area HOME
                                     82 	.area GSINIT
                                     83 	.area GSFINAL
                                     84 	.area GSINIT
      000000                         85 __sdcc_init_data:
                                     86 ; stm8_genXINIT() start
      000000 AEr00r00         [ 2]   87 	ldw x, #l_DATA
      000003 27 07            [ 1]   88 	jreq	00002$
      000005                         89 00001$:
      000005 72 4FuFFuFF      [ 1]   90 	clr (s_DATA - 1, x)
      000009 5A               [ 2]   91 	decw x
      00000A 26 F9            [ 1]   92 	jrne	00001$
      00000C                         93 00002$:
      00000C AEr00r00         [ 2]   94 	ldw	x, #l_INITIALIZER
      00000F 27 09            [ 1]   95 	jreq	00004$
      000011                         96 00003$:
      000011 D6uFFuFF         [ 1]   97 	ld	a, (s_INITIALIZER - 1, x)
      000014 D7uFFuFF         [ 1]   98 	ld	(s_INITIALIZED - 1, x), a
      000017 5A               [ 2]   99 	decw	x
      000018 26 F7            [ 1]  100 	jrne	00003$
      00001A                        101 00004$:
                                    102 ; stm8_genXINIT() end
                                    103 	.area GSFINAL
      000000 CCr00r68         [ 2]  104 	jp	__sdcc_program_startup
                                    105 ;--------------------------------------------------------
                                    106 ; Home
                                    107 ;--------------------------------------------------------
                                    108 	.area HOME
                                    109 	.area HOME
      000068                        110 __sdcc_program_startup:
      000068 CCr00r94         [ 2]  111 	jp	_main
                                    112 ;	return from main will return to caller
                                    113 ;--------------------------------------------------------
                                    114 ; code
                                    115 ;--------------------------------------------------------
                                    116 	.area CODE
                                    117 ;	main.c: 6: void TIM4_UPD_OVF_IRQHandler(void) __interrupt(IRQ_TIM4) {
                                    118 ;	-----------------------------------------
                                    119 ;	 function TIM4_UPD_OVF_IRQHandler
                                    120 ;	-----------------------------------------
      000000                        121 _TIM4_UPD_OVF_IRQHandler:
      000000 4F               [ 1]  122 	clr	a
      000001 62               [ 2]  123 	div	x, a
                                    124 ;	main.c: 7: TIM4_SR &= ~(1 << 0);
      000002 72 11 53 44      [ 1]  125 	bres	0x5344, #0
                                    126 ;	main.c: 8: tick_TIME();
      000006 CDr00r00         [ 4]  127 	call	_tick_TIME
                                    128 ;	main.c: 9: }
      000009 80               [11]  129 	iret
                                    130 ;	main.c: 11: void BB_transmite(uint8_t data)
                                    131 ;	-----------------------------------------
                                    132 ;	 function BB_transmite
                                    133 ;	-----------------------------------------
      00000A                        134 _BB_transmite:
      00000A 52 02            [ 2]  135 	sub	sp, #2
      00000C 6B 01            [ 1]  136 	ld	(0x01, sp), a
                                    137 ;	main.c: 13: writePin(PD, 2, LOW);	// latc в low
      00000E 4B 00            [ 1]  138 	push	#0x00
      000010 A6 02            [ 1]  139 	ld	a, #0x02
      000012 AE 50 0F         [ 2]  140 	ldw	x, #0x500f
      000015 CDr00r00         [ 4]  141 	call	_writePin
                                    142 ;	main.c: 14: writePin(PC, 5, LOW);	// clk в low
      000018 4B 00            [ 1]  143 	push	#0x00
      00001A A6 05            [ 1]  144 	ld	a, #0x05
      00001C AE 50 0A         [ 2]  145 	ldw	x, #0x500a
      00001F CDr00r00         [ 4]  146 	call	_writePin
                                    147 ;	main.c: 15: writePin(PC, 6, LOW);	// data в low
      000022 4B 00            [ 1]  148 	push	#0x00
      000024 A6 06            [ 1]  149 	ld	a, #0x06
      000026 AE 50 0A         [ 2]  150 	ldw	x, #0x500a
      000029 CDr00r00         [ 4]  151 	call	_writePin
      00002C 0F 02            [ 1]  152 	clr	(0x02, sp)
      00002E                        153 00106$:
                                    154 ;	main.c: 17: for (uint8_t a; a < 8; a++)
      00002E 7B 02            [ 1]  155 	ld	a, (0x02, sp)
      000030 A1 08            [ 1]  156 	cp	a, #0x08
      000032 24 49            [ 1]  157 	jrnc	00104$
                                    158 ;	main.c: 19: if (data & 1)
      000034 7B 01            [ 1]  159 	ld	a, (0x01, sp)
      000036 44               [ 1]  160 	srl	a
      000037 24 20            [ 1]  161 	jrnc	00102$
                                    162 ;	main.c: 21: writePin(PC, 6, HIGH);	// data в high
      000039 4B 01            [ 1]  163 	push	#0x01
      00003B A6 06            [ 1]  164 	ld	a, #0x06
      00003D AE 50 0A         [ 2]  165 	ldw	x, #0x500a
      000040 CDr00r00         [ 4]  166 	call	_writePin
                                    167 ;	main.c: 22: writePin(PC, 5, HIGH);	// clk в high
      000043 4B 01            [ 1]  168 	push	#0x01
      000045 A6 05            [ 1]  169 	ld	a, #0x05
      000047 AE 50 0A         [ 2]  170 	ldw	x, #0x500a
      00004A CDr00r00         [ 4]  171 	call	_writePin
                                    172 ;	main.c: 23: writePin(PC, 5, LOW);	// clk в low
      00004D 4B 00            [ 1]  173 	push	#0x00
      00004F A6 05            [ 1]  174 	ld	a, #0x05
      000051 AE 50 0A         [ 2]  175 	ldw	x, #0x500a
      000054 CDr00r00         [ 4]  176 	call	_writePin
      000057 20 1E            [ 2]  177 	jra	00103$
      000059                        178 00102$:
                                    179 ;	main.c: 27: writePin(PC, 6, LOW);	// data в low
      000059 4B 00            [ 1]  180 	push	#0x00
      00005B A6 06            [ 1]  181 	ld	a, #0x06
      00005D AE 50 0A         [ 2]  182 	ldw	x, #0x500a
      000060 CDr00r00         [ 4]  183 	call	_writePin
                                    184 ;	main.c: 28: writePin(PC, 5, HIGH);	// clk в high
      000063 4B 01            [ 1]  185 	push	#0x01
      000065 A6 05            [ 1]  186 	ld	a, #0x05
      000067 AE 50 0A         [ 2]  187 	ldw	x, #0x500a
      00006A CDr00r00         [ 4]  188 	call	_writePin
                                    189 ;	main.c: 29: writePin(PC, 5, LOW);	// clk в low
      00006D 4B 00            [ 1]  190 	push	#0x00
      00006F A6 05            [ 1]  191 	ld	a, #0x05
      000071 AE 50 0A         [ 2]  192 	ldw	x, #0x500a
      000074 CDr00r00         [ 4]  193 	call	_writePin
      000077                        194 00103$:
                                    195 ;	main.c: 31: data = data >> 1;
      000077 04 01            [ 1]  196 	srl	(0x01, sp)
                                    197 ;	main.c: 17: for (uint8_t a; a < 8; a++)
      000079 0C 02            [ 1]  198 	inc	(0x02, sp)
      00007B 20 B1            [ 2]  199 	jra	00106$
      00007D                        200 00104$:
                                    201 ;	main.c: 34: writePin(PD, 2, HIGH);	// latc в high
      00007D 4B 01            [ 1]  202 	push	#0x01
      00007F A6 02            [ 1]  203 	ld	a, #0x02
      000081 AE 50 0F         [ 2]  204 	ldw	x, #0x500f
      000084 CDr00r00         [ 4]  205 	call	_writePin
                                    206 ;	main.c: 35: writePin(PD, 2, LOW);	// latc в low
      000087 4B 00            [ 1]  207 	push	#0x00
      000089 A6 02            [ 1]  208 	ld	a, #0x02
      00008B AE 50 0F         [ 2]  209 	ldw	x, #0x500f
      00008E CDr00r00         [ 4]  210 	call	_writePin
                                    211 ;	main.c: 36: }
      000091 5B 02            [ 2]  212 	addw	sp, #2
      000093 81               [ 4]  213 	ret
                                    214 ;	main.c: 38: int main(void)
                                    215 ;	-----------------------------------------
                                    216 ;	 function main
                                    217 ;	-----------------------------------------
      000094                        218 _main:
      000094 88               [ 1]  219 	push	a
                                    220 ;	main.c: 40: CLK_CKDIVR = 0;	//частота тактирования мк 16 МГц
      000095 35 00 50 C6      [ 1]  221 	mov	0x50c6+0, #0x00
                                    222 ;	main.c: 42: init_TIME();
      000099 CDr00r00         [ 4]  223 	call	_init_TIME
                                    224 ;	main.c: 44: uint8_t i = 0;
      00009C 0F 01            [ 1]  225 	clr	(0x01, sp)
                                    226 ;	main.c: 46: pinMode(PC, 5, OUTPUT); // CLK
      00009E 4B 00            [ 1]  227 	push	#0x00
      0000A0 A6 05            [ 1]  228 	ld	a, #0x05
      0000A2 AE 50 0A         [ 2]  229 	ldw	x, #0x500a
      0000A5 CDr00r00         [ 4]  230 	call	_pinMode
                                    231 ;	main.c: 47: pinMode(PC, 6, OUTPUT);	// data
      0000A8 4B 00            [ 1]  232 	push	#0x00
      0000AA A6 06            [ 1]  233 	ld	a, #0x06
      0000AC AE 50 0A         [ 2]  234 	ldw	x, #0x500a
      0000AF CDr00r00         [ 4]  235 	call	_pinMode
                                    236 ;	main.c: 48: pinMode(PD, 2, OUTPUT);	// latc
      0000B2 4B 00            [ 1]  237 	push	#0x00
      0000B4 A6 02            [ 1]  238 	ld	a, #0x02
      0000B6 AE 50 0F         [ 2]  239 	ldw	x, #0x500f
      0000B9 CDr00r00         [ 4]  240 	call	_pinMode
                                    241 ;	main.c: 50: while (1)
      0000BC                        242 00103$:
                                    243 ;	main.c: 52: BB_transmite(0);
      0000BC 4F               [ 1]  244 	clr	a
      0000BD CDr00r0A         [ 4]  245 	call	_BB_transmite
                                    246 ;	main.c: 53: for (i; i < 255; i++) {
      0000C0 7B 01            [ 1]  247 	ld	a, (0x01, sp)
      0000C2                        248 00106$:
      0000C2 A1 FF            [ 1]  249 	cp	a, #0xff
      0000C4 24 11            [ 1]  250 	jrnc	00101$
                                    251 ;	main.c: 54: BB_transmite(i);
      0000C6 88               [ 1]  252 	push	a
      0000C7 CDr00r0A         [ 4]  253 	call	_BB_transmite
      0000CA 4B 32            [ 1]  254 	push	#0x32
      0000CC 5F               [ 1]  255 	clrw	x
      0000CD 89               [ 2]  256 	pushw	x
      0000CE 4B 00            [ 1]  257 	push	#0x00
      0000D0 CDr00r00         [ 4]  258 	call	_delay
      0000D3 84               [ 1]  259 	pop	a
                                    260 ;	main.c: 53: for (i; i < 255; i++) {
      0000D4 4C               [ 1]  261 	inc	a
      0000D5 20 EB            [ 2]  262 	jra	00106$
      0000D7                        263 00101$:
                                    264 ;	main.c: 57: i = 0;
      0000D7 0F 01            [ 1]  265 	clr	(0x01, sp)
      0000D9 20 E1            [ 2]  266 	jra	00103$
                                    267 ;	main.c: 59: }
      0000DB 84               [ 1]  268 	pop	a
      0000DC 81               [ 4]  269 	ret
                                    270 	.area CODE
                                    271 	.area CONST
                                    272 	.area INITIALIZER
                                    273 	.area CABS (ABS)
