ASxxxx Linker V03.00 + NoICE + sdld,  page 1.
Hexadecimal  [32-Bits]

Area                                    Addr        Size        Decimal Bytes (Attributes)
--------------------------------        ----        ----        ------- ----- ------------
.  .ABS.                            00000000    00000000 =           0. bytes (ABS,CON)

      Value  Global                              Global Defined In Module
      -----  --------------------------------   ------------------------
     00000000  .__.ABS.                           
     00000000  l_CABS                          
     00000000  l_DABS                          
     00000000  l_DATA                          
     00000000  l__CODE                         
     00000000  s_CABS                          
     00000000  s_DABS                          
     00000000  s__CODE                         
     00000001  l_SSEG                          
     00000001  s_DATA                          
     00000001  s_INITIALIZED                   
     00000003  l_GSFINAL                       
     00000006  l_INITIALIZED                   
     00000006  l_INITIALIZER                   
     00000007  l_HOME                          
     00000007  s_SSEG                          
     0000001A  l_GSINIT                        
     00000050  l_CONST                         
     000009A9  l_CODE                          
     00008000  s_HOME                          
     00008007  s_GSINIT                        
     00008021  s_GSFINAL                       
     00008024  s_CONST                         
     00008074  s_INITIALIZER                   
     0000807A  s_CODE                          

ASxxxx Linker V03.00 + NoICE + sdld,  page 2.
Hexadecimal  [32-Bits]

Area                                    Addr        Size        Decimal Bytes (Attributes)
--------------------------------        ----        ----        ------- ----- ------------
INITIALIZED                         00000001    00000006 =           6. bytes (REL,CON)

      Value  Global                              Global Defined In Module
      -----  --------------------------------   ------------------------
ASxxxx Linker V03.00 + NoICE + sdld,  page 3.
Hexadecimal  [32-Bits]

Area                                    Addr        Size        Decimal Bytes (Attributes)
--------------------------------        ----        ----        ------- ----- ------------
SSEG                                00000007    00000001 =           1. bytes (REL,CON)

      Value  Global                              Global Defined In Module
      -----  --------------------------------   ------------------------
ASxxxx Linker V03.00 + NoICE + sdld,  page 4.
Hexadecimal  [32-Bits]

Area                                    Addr        Size        Decimal Bytes (Attributes)
--------------------------------        ----        ----        ------- ----- ------------
HOME                                00008000    00000007 =           7. bytes (REL,CON)

      Value  Global                              Global Defined In Module
      -----  --------------------------------   ------------------------
ASxxxx Linker V03.00 + NoICE + sdld,  page 5.
Hexadecimal  [32-Bits]

Area                                    Addr        Size        Decimal Bytes (Attributes)
--------------------------------        ----        ----        ------- ----- ------------
GSINIT                              00008007    0000001A =          26. bytes (REL,CON)

      Value  Global                              Global Defined In Module
      -----  --------------------------------   ------------------------
ASxxxx Linker V03.00 + NoICE + sdld,  page 6.
Hexadecimal  [32-Bits]

Area                                    Addr        Size        Decimal Bytes (Attributes)
--------------------------------        ----        ----        ------- ----- ------------
GSFINAL                             00008021    00000003 =           3. bytes (REL,CON)

      Value  Global                              Global Defined In Module
      -----  --------------------------------   ------------------------
ASxxxx Linker V03.00 + NoICE + sdld,  page 7.
Hexadecimal  [32-Bits]

Area                                    Addr        Size        Decimal Bytes (Attributes)
--------------------------------        ----        ----        ------- ----- ------------
CONST                               00008024    00000050 =          80. bytes (REL,CON)

      Value  Global                              Global Defined In Module
      -----  --------------------------------   ------------------------
ASxxxx Linker V03.00 + NoICE + sdld,  page 8.
Hexadecimal  [32-Bits]

Area                                    Addr        Size        Decimal Bytes (Attributes)
--------------------------------        ----        ----        ------- ----- ------------
INITIALIZER                         00008074    00000006 =           6. bytes (REL,CON)

      Value  Global                              Global Defined In Module
      -----  --------------------------------   ------------------------
ASxxxx Linker V03.00 + NoICE + sdld,  page 9.
Hexadecimal  [32-Bits]

Area                                    Addr        Size        Decimal Bytes (Attributes)
--------------------------------        ----        ----        ------- ----- ------------
CODE                                0000807A    000009A9 =        2473. bytes (REL,CON)

      Value  Global                              Global Defined In Module
      -----  --------------------------------   ------------------------
     0000807A  _BCDtoDEC                          main
     0000808B  _main                              main
     00008147  _init_ADC                          stm8_ADC
     000081B3  _start_ADC                         stm8_ADC
     000081B8  _isReady_ADC                       stm8_ADC
     000081C2  _getValue_ADC                      stm8_ADC
     000081DC  _pinMode                           stm8_GPIO
     0000826A  _writePin                          stm8_GPIO
     00008293  _togglePin                         stm8_GPIO
     000082B2  _readPin                           stm8_GPIO
     000082E1  _init_I2C                          stm8_I2C
     000082FA  _stop_I2C                          stm8_I2C
     000082FF  _start_I2C                         stm8_I2C
     00008317  _clearADDR_I2C                     stm8_I2C
     0000831E  _setACK_I2C                        stm8_I2C
     00008330  _writeAddr_I2C                     stm8_I2C
     00008370  _writeByte_I2C                     stm8_I2C
     00008395  _ping_I2C                          stm8_I2C
     000083B9  _writeReg_I2C                      stm8_I2C
     000083F5  _readByte_I2C                      stm8_I2C
     0000843D  _readReg_I2C                       stm8_I2C
     000084A8  _readBuffer2_I2C                   stm8_I2C
     00008537  _readBuffer_I2C                    stm8_I2C
     00008652  _init_PWM                          stm8_PWM
     000086BE  _startChannel_PWM                  stm8_PWM
     000086F2  _stopChannel_PWM                   stm8_PWM
     0000870E  _write_PWM                         stm8_PWM
     0000873E  _writePercent_PWM                  stm8_PWM
     00008787  _tick_TIME                         stm8_TIME
     0000879B  _init_TIME                         stm8_TIME
     000087BB  _get_ms                            stm8_TIME
     000087C5  _get_mcs                           stm8_TIME
     00008803  _delay                             stm8_TIME
     00008837  _init_UART                         stm8_UART
     00008868  _write_UART                        stm8_UART
     00008881  _print_UART                        stm8_UART
     00008894  _printInt_UART                     stm8_UART
     000088F3  _line_UART                         stm8_UART
     00008917  _printHex_UART                     stm8_UART
     00008940  _isDataReceived_UART               stm8_UART
     0000894A  _getData_UART                      stm8_UART
     0000894E  __divulong                         _divulong
     000089A7  __mullong                          

ASxxxx Linker V03.00 + NoICE + sdld,  page 10.

Files Linked                              [ module(s) ]

build/main.rel                            [ main ]
build/stm8_ADC.rel                        [ stm8_ADC ]
build/stm8_GPIO.rel                       [ stm8_GPIO ]
build/stm8_I2C.rel                        [ stm8_I2C ]
build/stm8_PWM.rel                        [ stm8_PWM ]
build/stm8_TIME.rel                       [ stm8_TIME ]
build/stm8_UART.rel                       [ stm8_UART ]


Libraries Linked                          [ object file ]

/usr/bin/../share/sdcc/lib/stm8/stm8.lib  [ _divulong.rel ]
/usr/bin/../share/sdcc/lib/stm8/stm8.lib  [ _mullong.rel ]

ASxxxx Linker V03.00 + NoICE + sdld,  page 11.

User Base Address Definitions

HOME = 0x8000
DATA = 0x0001

